Archive member included to satisfy reference by file (symbol)

d:/10 2021.10/bin/../lib/gcc/arm-none-eabi/10.3.1/../../../../arm-none-eabi/lib/thumb/v7-m/nofp\libc_nano.a(lib_a-atof.o)
                              build/gnss.o (atof)
d:/10 2021.10/bin/../lib/gcc/arm-none-eabi/10.3.1/../../../../arm-none-eabi/lib/thumb/v7-m/nofp\libc_nano.a(lib_a-exit.o)
                              d:/10 2021.10/bin/../lib/gcc/arm-none-eabi/10.3.1/../../../../arm-none-eabi/lib/thumb/v7-m/nofp/crt0.o (exit)
d:/10 2021.10/bin/../lib/gcc/arm-none-eabi/10.3.1/../../../../arm-none-eabi/lib/thumb/v7-m/nofp\libc_nano.a(lib_a-impure.o)
                              d:/10 2021.10/bin/../lib/gcc/arm-none-eabi/10.3.1/../../../../arm-none-eabi/lib/thumb/v7-m/nofp\libc_nano.a(lib_a-exit.o) (_global_impure_ptr)
d:/10 2021.10/bin/../lib/gcc/arm-none-eabi/10.3.1/../../../../arm-none-eabi/lib/thumb/v7-m/nofp\libc_nano.a(lib_a-init.o)
                              d:/10 2021.10/bin/../lib/gcc/arm-none-eabi/10.3.1/../../../../arm-none-eabi/lib/thumb/v7-m/nofp/crt0.o (__libc_init_array)
d:/10 2021.10/bin/../lib/gcc/arm-none-eabi/10.3.1/../../../../arm-none-eabi/lib/thumb/v7-m/nofp\libc_nano.a(lib_a-memcpy-stub.o)
                              build/sim4g_lte.o (memcpy)
d:/10 2021.10/bin/../lib/gcc/arm-none-eabi/10.3.1/../../../../arm-none-eabi/lib/thumb/v7-m/nofp\libc_nano.a(lib_a-memset.o)
                              d:/10 2021.10/bin/../lib/gcc/arm-none-eabi/10.3.1/../../../../arm-none-eabi/lib/thumb/v7-m/nofp/crt0.o (memset)
d:/10 2021.10/bin/../lib/gcc/arm-none-eabi/10.3.1/../../../../arm-none-eabi/lib/thumb/v7-m/nofp\libc_nano.a(lib_a-sscanf.o)
                              build/gnss.o (sscanf)
d:/10 2021.10/bin/../lib/gcc/arm-none-eabi/10.3.1/../../../../arm-none-eabi/lib/thumb/v7-m/nofp\libc_nano.a(lib_a-stdio.o)
                              d:/10 2021.10/bin/../lib/gcc/arm-none-eabi/10.3.1/../../../../arm-none-eabi/lib/thumb/v7-m/nofp\libc_nano.a(lib_a-sscanf.o) (__seofread)
d:/10 2021.10/bin/../lib/gcc/arm-none-eabi/10.3.1/../../../../arm-none-eabi/lib/thumb/v7-m/nofp\libc_nano.a(lib_a-strchr.o)
                              build/sim4g_lte.o (strchr)
d:/10 2021.10/bin/../lib/gcc/arm-none-eabi/10.3.1/../../../../arm-none-eabi/lib/thumb/v7-m/nofp\libc_nano.a(lib_a-strlen.o)
                              build/main.o (strlen)
d:/10 2021.10/bin/../lib/gcc/arm-none-eabi/10.3.1/../../../../arm-none-eabi/lib/thumb/v7-m/nofp\libc_nano.a(lib_a-strstr.o)
                              build/gnss.o (strstr)
d:/10 2021.10/bin/../lib/gcc/arm-none-eabi/10.3.1/../../../../arm-none-eabi/lib/thumb/v7-m/nofp\libc_nano.a(lib_a-strtod.o)
                              d:/10 2021.10/bin/../lib/gcc/arm-none-eabi/10.3.1/../../../../arm-none-eabi/lib/thumb/v7-m/nofp\libc_nano.a(lib_a-atof.o) (strtod)
d:/10 2021.10/bin/../lib/gcc/arm-none-eabi/10.3.1/../../../../arm-none-eabi/lib/thumb/v7-m/nofp\libc_nano.a(lib_a-writer.o)
                              d:/10 2021.10/bin/../lib/gcc/arm-none-eabi/10.3.1/../../../../arm-none-eabi/lib/thumb/v7-m/nofp\libc_nano.a(lib_a-stdio.o) (_write_r)
d:/10 2021.10/bin/../lib/gcc/arm-none-eabi/10.3.1/../../../../arm-none-eabi/lib/thumb/v7-m/nofp\libc_nano.a(lib_a-closer.o)
                              d:/10 2021.10/bin/../lib/gcc/arm-none-eabi/10.3.1/../../../../arm-none-eabi/lib/thumb/v7-m/nofp\libc_nano.a(lib_a-stdio.o) (_close_r)
d:/10 2021.10/bin/../lib/gcc/arm-none-eabi/10.3.1/../../../../arm-none-eabi/lib/thumb/v7-m/nofp\libc_nano.a(lib_a-gdtoa-gethex.o)
                              d:/10 2021.10/bin/../lib/gcc/arm-none-eabi/10.3.1/../../../../arm-none-eabi/lib/thumb/v7-m/nofp\libc_nano.a(lib_a-strtod.o) (__gethex)
d:/10 2021.10/bin/../lib/gcc/arm-none-eabi/10.3.1/../../../../arm-none-eabi/lib/thumb/v7-m/nofp\libc_nano.a(lib_a-gdtoa-hexnan.o)
                              d:/10 2021.10/bin/../lib/gcc/arm-none-eabi/10.3.1/../../../../arm-none-eabi/lib/thumb/v7-m/nofp\libc_nano.a(lib_a-strtod.o) (__match)
d:/10 2021.10/bin/../lib/gcc/arm-none-eabi/10.3.1/../../../../arm-none-eabi/lib/thumb/v7-m/nofp\libc_nano.a(lib_a-lnumeric.o)
                              d:/10 2021.10/bin/../lib/gcc/arm-none-eabi/10.3.1/../../../../arm-none-eabi/lib/thumb/v7-m/nofp\libc_nano.a(lib_a-strtod.o) (_C_numeric_locale)
d:/10 2021.10/bin/../lib/gcc/arm-none-eabi/10.3.1/../../../../arm-none-eabi/lib/thumb/v7-m/nofp\libc_nano.a(lib_a-locale.o)
                              d:/10 2021.10/bin/../lib/gcc/arm-none-eabi/10.3.1/../../../../arm-none-eabi/lib/thumb/v7-m/nofp\libc_nano.a(lib_a-strtod.o) (__global_locale)
d:/10 2021.10/bin/../lib/gcc/arm-none-eabi/10.3.1/../../../../arm-none-eabi/lib/thumb/v7-m/nofp\libc_nano.a(lib_a-lseekr.o)
                              d:/10 2021.10/bin/../lib/gcc/arm-none-eabi/10.3.1/../../../../arm-none-eabi/lib/thumb/v7-m/nofp\libc_nano.a(lib_a-stdio.o) (_lseek_r)
d:/10 2021.10/bin/../lib/gcc/arm-none-eabi/10.3.1/../../../../arm-none-eabi/lib/thumb/v7-m/nofp\libc_nano.a(lib_a-mbtowc_r.o)
[...]
Memory Configuration

Name             Origin             Length             Attributes
RAM              0x20000000         0x0000c000         xrw
FLASH            0x08000000         0x00040000         xr
*default*        0x00000000         0xffffffff

Linker script and memory map

LOAD d:/10 2021.10/bin/../lib/gcc/arm-none-eabi/10.3.1/thumb/v7-m/nofp/crti.o
LOAD d:/10 2021.10/bin/../lib/gcc/arm-none-eabi/10.3.1/thumb/v7-m/nofp/crtbegin.o
LOAD d:/10 2021.10/bin/../lib/gcc/arm-none-eabi/10.3.1/../../../../arm-none-eabi/lib/thumb/v7-m/nofp/crt0.o
LOAD build/main.o
LOAD build/gpio.o
LOAD build/adc.o
LOAD build/i2c.o
LOAD build/rtc.o
LOAD build/spi.o
LOAD build/debug.o
LOAD build/gnss.o
LOAD build/rc522.o
LOAD build/sim4g_lte.o
LOAD build/sensors.o
LOAD build/tim.o
LOAD build/usart.o
LOAD build/stm32f1xx_it.o
LOAD build/stm32f1xx_hal_msp.o
LOAD build/stm32f1xx_hal_gpio_ex.o
LOAD build/stm32f1xx_hal_adc.o
LOAD build/stm32f1xx_hal_adc_ex.o
LOAD build/stm32f1xx_hal.o
LOAD build/stm32f1xx_hal_rcc.o
LOAD build/stm32f1xx_hal_rcc_ex.o
LOAD build/stm32f1xx_hal_gpio.o
LOAD build/stm32f1xx_hal_dma.o
LOAD build/stm32f1xx_hal_cortex.o
LOAD build/stm32f1xx_hal_pwr.o
LOAD build/stm32f1xx_hal_flash.o
LOAD build/stm32f1xx_hal_flash_ex.o
LOAD build/stm32f1xx_hal_exti.o
LOAD build/stm32f1xx_hal_i2c.o
LOAD build/stm32f1xx_hal_rtc.o
LOAD build/stm32f1xx_hal_rtc_ex.o
LOAD build/stm32f1xx_hal_spi.o
LOAD build/stm32f1xx_hal_tim.o
LOAD build/stm32f1xx_hal_tim_ex.o
LOAD build/stm32f1xx_hal_uart.o
LOAD build/system_stm32f1xx.o
LOAD build/startup_stm32f103xe.o
LOAD d:/10 2021.10/bin/../lib/gcc/arm-none-eabi/10.3.1/../../../../arm-none-eabi/lib/thumb/v7-m/nofp\libc_nano.a
LOAD d:/10 2021.10/bin/../lib/gcc/arm-none-eabi/10.3.1/../../../../arm-none-eabi/lib/thumb/v7-m/nofp\libm.a
LOAD d:/10 2021.10/bin/../lib/gcc/arm-none-eabi/10.3.1/../../../../arm-none-eabi/lib/thumb/v7-m/nofp\libnosys.a
START GROUP
LOAD d:/10 2021.10/bin/../lib/gcc/arm-none-eabi/10.3.1/thumb/v7-m/nofp\libgcc.a
LOAD d:/10 2021.10/bin/../lib/gcc/arm-none-eabi/10.3.1/../../../../arm-none-eabi/lib/thumb/v7-m/nofp\libc_nano.a
END GROUP
START GROUP
LOAD d:/10 2021.10/bin/../lib/gcc/arm-none-eabi/10.3.1/thumb/v7-m/nofp\libgcc.a
LOAD d:/10 2021.10/bin/../lib/gcc/arm-none-eabi/10.3.1/../../../../arm-none-eabi/lib/thumb/v7-m/nofp\libc_nano.a
END GROUP
LOAD d:/10 2021.10/bin/../lib/gcc/arm-none-eabi/10.3.1/thumb/v7-m/nofp/crtend.o
LOAD d:/10 2021.10/bin/../lib/gcc/arm-none-eabi/10.3.1/thumb/v7-m/nofp/crtn.o
                0x2000c000                _estack = (ORIGIN (RAM) + LENGTH (RAM))
                0x00000200                _Min_Heap_Size = 0x200
                0x00000400                _Min_Stack_Size = 0x400

.isr_vector     0x08000000      0x1e4
                0x08000000                . = ALIGN (0x4)
 *(.isr_vector)
 .isr_vector    0x08000000      0x1e4 build/startup_stm32f103xe.o
                0x08000000                g_pfnVectors
                0x080001e4                . = ALIGN (0x4)

.text           0x080001e4     0x36b0
                0x080001e4                . = ALIGN (0x4)
 *(.text)
 .text          0x080001e4       0x40 d:/10 2021.10/bin/../lib/gcc/arm-none-eabi/10.3.1/thumb/v7-m/nofp/crtbegin.o
 .text          0x08000224       0x10 d:/10 2021.10/bin/../lib/gcc/arm-none-eabi/10.3.1/../../../../arm-none-eabi/lib/thumb/v7-m/nofp\libc_nano.a(lib_a-strlen.o)
                0x08000224                strlen
 *(.text*)
 .text.HAL_UART_RxCpltCallback
                0x08000234       0x30 build/main.o
                0x08000234                HAL_UART_RxCpltCallback
 .text.HAL_TIM_PeriodElapsedCallback
                0x08000264       0x40 build/main.o
                0x08000264                HAL_TIM_PeriodElapsedCallback
 .text.Error_Handler
                0x080002a4        0x4 build/main.o
                0x080002a4                Error_Handler
 .text.SystemClock_Config
                0x080002a8       0x90 build/main.o
                0x080002a8                SystemClock_Config
 .text.main     0x08000338       0x70 build/main.o
                0x08000338                main
 .text.MX_GPIO_Init
                0x080003a8      0x110 build/gpio.o
                0x080003a8                MX_GPIO_Init
 .text.MX_ADC1_Init
                0x080004b8       0x5c build/adc.o
                0x080004b8                MX_ADC1_Init
 .text.MX_ADC2_Init
                0x08000514       0x5c build/adc.o
                0x08000514                MX_ADC2_Init
 .text.HAL_ADC_MspInit
                0x08000570       0xa4 build/adc.o
                0x08000570                HAL_ADC_MspInit
 .text.MX_I2C1_Init
                0x08000614       0x3c build/i2c.o
                0x08000614                MX_I2C1_Init
 .text.HAL_I2C_MspInit
                0x08000650       0x64 build/i2c.o
                0x08000650                HAL_I2C_MspInit
 .text.MX_RTC_Init
                0x080006b4       0xa8 build/rtc.o
                0x080006b4                MX_RTC_Init
 .text.HAL_RTC_MspInit
                0x0800075c       0x40 build/rtc.o
                0x0800075c                HAL_RTC_MspInit
 .text.MX_SPI1_Init
                0x0800079c       0x44 build/spi.o
                0x0800079c                MX_SPI1_Init
 .text.MX_SPI2_Init
                0x080007e0       0x40 build/spi.o
                0x080007e0                MX_SPI2_Init
 .text.MX_SPI3_Init
                0x08000820       0x40 build/spi.o
                0x08000820                MX_SPI3_Init
 .text.HAL_SPI_MspInit
                0x08000860      0x134 build/spi.o
                0x08000860                HAL_SPI_MspInit
 .text.log_data
                0x08000994       0x1c build/debug.o
                0x08000994                log_data
 .text.l70_callback
                0x080009b0       0x90 build/gnss.o
                0x080009b0                l70_callback
 .text.sim7672_reset
                0x08000a40       0x44 build/sim4g_lte.o
                0x08000a40                sim7672_reset
 .text.sim7672_pwrkey
                0x08000a84       0x58 build/sim4g_lte.o
                0x08000a84                sim7672_pwrkey
 .text.sim7672_send_command
                0x08000adc       0x90 build/sim4g_lte.o
                0x08000adc                sim7672_send_command
 .text.sim7672_callback
                0x08000b6c       0xa8 build/sim4g_lte.o
                0x08000b6c                sim7672_callback
 .text.sim7672_timerCallback
                0x08000c14       0x74 build/sim4g_lte.o
                0x08000c14                sim7672_timerCallback
 .text.sim7672_errorHandle
                0x08000c88       0x10 build/sim4g_lte.o
                0x08000c88                sim7672_errorHandle
 .text.sim7672_init
                0x08000c98       0x54 build/sim4g_lte.o
                0x08000c98                sim7672_init
 .text.MX_TIM1_Init
                0x08000cec       0x70 build/tim.o
                0x08000cec                MX_TIM1_Init
 .text.MX_TIM2_Init
                0x08000d5c       0x70 build/tim.o
                0x08000d5c                MX_TIM2_Init
 .text.MX_TIM3_Init
                0x08000dcc       0x70 build/tim.o
                0x08000dcc                MX_TIM3_Init
 .text.HAL_TIM_Base_MspInit
                0x08000e3c       0x80 build/tim.o
                0x08000e3c                HAL_TIM_Base_MspInit
 .text.MX_UART4_Init
                0x08000ebc       0x34 build/usart.o
                0x08000ebc                MX_UART4_Init
 .text.MX_UART5_Init
                0x08000ef0       0x34 build/usart.o
                0x08000ef0                MX_UART5_Init
 .text.MX_USART1_UART_Init
                0x08000f24       0x34 build/usart.o
                0x08000f24                MX_USART1_UART_Init
 .text.MX_USART2_UART_Init
                0x08000f58       0x34 build/usart.o
                0x08000f58                MX_USART2_UART_Init
 .text.HAL_UART_MspInit
                0x08000f8c      0x1b8 build/usart.o
                0x08000f8c                HAL_UART_MspInit
 .text.NMI_Handler
                0x08001144        0x2 build/stm32f1xx_it.o
                0x08001144                NMI_Handler
 .text.HardFault_Handler
                0x08001146        0x2 build/stm32f1xx_it.o
                0x08001146                HardFault_Handler
 .text.MemManage_Handler
                0x08001148        0x2 build/stm32f1xx_it.o
                0x08001148                MemManage_Handler
 .text.BusFault_Handler
                0x0800114a        0x2 build/stm32f1xx_it.o
                0x0800114a                BusFault_Handler
 .text.UsageFault_Handler
                0x0800114c        0x2 build/stm32f1xx_it.o
                0x0800114c                UsageFault_Handler
 .text.SVC_Handler
                0x0800114e        0x2 build/stm32f1xx_it.o
                0x0800114e                SVC_Handler
 .text.DebugMon_Handler
                0x08001150        0x2 build/stm32f1xx_it.o
                0x08001150                DebugMon_Handler
 .text.PendSV_Handler
                0x08001152        0x2 build/stm32f1xx_it.o
                0x08001152                PendSV_Handler
 .text.SysTick_Handler
                0x08001154        0x8 build/stm32f1xx_it.o
                0x08001154                SysTick_Handler
 .text.TIM3_IRQHandler
                0x0800115c       0x10 build/stm32f1xx_it.o
                0x0800115c                TIM3_IRQHandler
 .text.USART1_IRQHandler
                0x0800116c       0x10 build/stm32f1xx_it.o
                0x0800116c                USART1_IRQHandler
 .text.HAL_MspInit
                0x0800117c       0x44 build/stm32f1xx_hal_msp.o
                0x0800117c                HAL_MspInit
 .text.HAL_ADC_ConfigChannel
                0x080011c0      0x144 build/stm32f1xx_hal_adc.o
                0x080011c0                HAL_ADC_ConfigChannel
 .text.ADC_ConversionStop_Disable
                0x08001304       0x56 build/stm32f1xx_hal_adc.o
                0x08001304                ADC_ConversionStop_Disable
 *fill*         0x0800135a        0x2 
 .text.HAL_ADC_Init
                0x0800135c      0x128 build/stm32f1xx_hal_adc.o
                0x0800135c                HAL_ADC_Init
 .text.HAL_InitTick
                0x08001484       0x4c build/stm32f1xx_hal.o
                0x08001484                HAL_InitTick
 .text.HAL_Init
                0x080014d0       0x24 build/stm32f1xx_hal.o
                0x080014d0                HAL_Init
 .text.HAL_IncTick
                0x080014f4       0x18 build/stm32f1xx_hal.o
                0x080014f4                HAL_IncTick
 .text.HAL_GetTick
                0x0800150c        0xc build/stm32f1xx_hal.o
                0x0800150c                HAL_GetTick
 .text.HAL_Delay
                0x08001518       0x28 build/stm32f1xx_hal.o
                0x08001518                HAL_Delay
 .text.RCC_Delay
                0x08001540       0x2c build/stm32f1xx_hal_rcc.o
 .text.HAL_RCC_OscConfig
                0x0800156c      0x410 build/stm32f1xx_hal_rcc.o
                0x0800156c                HAL_RCC_OscConfig
 .text.HAL_RCC_GetSysClockFreq
                0x0800197c       0x54 build/stm32f1xx_hal_rcc.o
                0x0800197c                HAL_RCC_GetSysClockFreq
 .text.HAL_RCC_ClockConfig
                0x080019d0      0x16c build/stm32f1xx_hal_rcc.o
                0x080019d0                HAL_RCC_ClockConfig
 .text.HAL_RCC_GetHCLKFreq
                0x08001b3c        0xc build/stm32f1xx_hal_rcc.o
                0x08001b3c                HAL_RCC_GetHCLKFreq
 .text.HAL_RCC_GetPCLK1Freq
                0x08001b48       0x20 build/stm32f1xx_hal_rcc.o
                0x08001b48                HAL_RCC_GetPCLK1Freq
 .text.HAL_RCC_GetPCLK2Freq
                0x08001b68       0x20 build/stm32f1xx_hal_rcc.o
                0x08001b68                HAL_RCC_GetPCLK2Freq
 .text.HAL_RCCEx_PeriphCLKConfig
                0x08001b88      0x118 build/stm32f1xx_hal_rcc_ex.o
                0x08001b88                HAL_RCCEx_PeriphCLKConfig
 .text.HAL_RCCEx_GetPeriphCLKFreq
                0x08001ca0       0xf4 build/stm32f1xx_hal_rcc_ex.o
                0x08001ca0                HAL_RCCEx_GetPeriphCLKFreq
 .text.HAL_GPIO_Init
                0x08001d94      0x240 build/stm32f1xx_hal_gpio.o
                0x08001d94                HAL_GPIO_Init
 .text.HAL_GPIO_WritePin
                0x08001fd4        0xc build/stm32f1xx_hal_gpio.o
                0x08001fd4                HAL_GPIO_WritePin
 .text.HAL_DMA_Abort
                0x08001fe0       0x46 build/stm32f1xx_hal_dma.o
                0x08001fe0                HAL_DMA_Abort
 *fill*         0x08002026        0x2 
 .text.HAL_DMA_Abort_IT
                0x08002028      0x16c build/stm32f1xx_hal_dma.o
                0x08002028                HAL_DMA_Abort_IT
 .text.HAL_NVIC_SetPriorityGrouping
                0x08002194       0x24 build/stm32f1xx_hal_cortex.o
                0x08002194                HAL_NVIC_SetPriorityGrouping
 .text.HAL_NVIC_SetPriority
                0x080021b8       0x70 build/stm32f1xx_hal_cortex.o
                0x080021b8                HAL_NVIC_SetPriority
 .text.HAL_NVIC_EnableIRQ
                0x08002228       0x1c build/stm32f1xx_hal_cortex.o
                0x08002228                HAL_NVIC_EnableIRQ
 .text.HAL_SYSTICK_Config
                0x08002244       0x28 build/stm32f1xx_hal_cortex.o
                0x08002244                HAL_SYSTICK_Config
 .text.HAL_PWR_EnableBkUpAccess
                0x0800226c        0xc build/stm32f1xx_hal_pwr.o
                0x0800226c                HAL_PWR_EnableBkUpAccess
 .text.HAL_I2C_Init
                0x08002278      0x1bc build/stm32f1xx_hal_i2c.o
                0x08002278                HAL_I2C_Init
 .text.RTC_ReadTimeCounter
                0x08002434       0x28 build/stm32f1xx_hal_rtc.o
 .text.RTC_ReadAlarmCounter
                0x0800245c        0xe build/stm32f1xx_hal_rtc.o
 .text.RTC_ByteToBcd2
                0x0800246a       0x16 build/stm32f1xx_hal_rtc.o
 .text.RTC_Bcd2ToByte
                0x08002480       0x12 build/stm32f1xx_hal_rtc.o
 *fill*         0x08002492        0x2 
 .text.RTC_IsLeapYear
                0x08002494       0x40 build/stm32f1xx_hal_rtc.o
 .text.RTC_WeekDayNum
                0x080024d4       0x98 build/stm32f1xx_hal_rtc.o
 .text.RTC_DateUpdate
                0x0800256c       0xba build/stm32f1xx_hal_rtc.o
 .text.RTC_EnterInitMode
                0x08002626       0x30 build/stm32f1xx_hal_rtc.o
 .text.RTC_ExitInitMode
                0x08002656       0x32 build/stm32f1xx_hal_rtc.o
 .text.RTC_WriteTimeCounter
                0x08002688       0x2a build/stm32f1xx_hal_rtc.o
 .text.RTC_WriteAlarmCounter
                0x080026b2       0x2a build/stm32f1xx_hal_rtc.o
 .text.HAL_RTC_SetTime
                0x080026dc       0xc2 build/stm32f1xx_hal_rtc.o
                0x080026dc                HAL_RTC_SetTime
 *fill*         0x0800279e        0x2 
 .text.HAL_RTC_GetTime
                0x080027a0      0x10c build/stm32f1xx_hal_rtc.o
                0x080027a0                HAL_RTC_GetTime
 .text.HAL_RTC_SetDate
                0x080028ac       0xd4 build/stm32f1xx_hal_rtc.o
                0x080028ac                HAL_RTC_SetDate
 .text.HAL_RTC_SetAlarm
                0x08002980       0xcc build/stm32f1xx_hal_rtc.o
                0x08002980                HAL_RTC_SetAlarm
 .text.HAL_RTC_WaitForSynchro
                0x08002a4c       0x38 build/stm32f1xx_hal_rtc.o
                0x08002a4c                HAL_RTC_WaitForSynchro
 .text.HAL_RTC_Init
                0x08002a84       0xb0 build/stm32f1xx_hal_rtc.o
                0x08002a84                HAL_RTC_Init
 .text.HAL_SPI_Init
                0x08002b34       0xb6 build/stm32f1xx_hal_spi.o
                0x08002b34                HAL_SPI_Init
 .text.TIM_TI1_ConfigInputStage
                0x08002bea       0x24 build/stm32f1xx_hal_tim.o
 .text.TIM_TI2_ConfigInputStage
                0x08002c0e       0x26 build/stm32f1xx_hal_tim.o
 .text.TIM_ITRx_SetConfig
                0x08002c34       0x10 build/stm32f1xx_hal_tim.o
 .text.HAL_TIM_Base_Stop_IT
                0x08002c44       0x32 build/stm32f1xx_hal_tim.o
                0x08002c44                HAL_TIM_Base_Stop_IT
 .text.HAL_TIM_OC_DelayElapsedCallback
                0x08002c76        0x2 build/stm32f1xx_hal_tim.o
                0x08002c76                HAL_TIM_OC_DelayElapsedCallback
 .text.HAL_TIM_IC_CaptureCallback
                0x08002c78        0x2 build/stm32f1xx_hal_tim.o
                0x08002c78                HAL_TIM_IC_CaptureCallback
 .text.HAL_TIM_PWM_PulseFinishedCallback
                0x08002c7a        0x2 build/stm32f1xx_hal_tim.o
                0x08002c7a                HAL_TIM_PWM_PulseFinishedCallback
 .text.HAL_TIM_TriggerCallback
                0x08002c7c        0x2 build/stm32f1xx_hal_tim.o
                0x08002c7c                HAL_TIM_TriggerCallback
 .text.HAL_TIM_IRQHandler
                0x08002c7e      0x17a build/stm32f1xx_hal_tim.o
                0x08002c7e                HAL_TIM_IRQHandler
 .text.TIM_Base_SetConfig
                0x08002df8       0x98 build/stm32f1xx_hal_tim.o
                0x08002df8                TIM_Base_SetConfig
 .text.HAL_TIM_Base_Init
                0x08002e90       0x58 build/stm32f1xx_hal_tim.o
                0x08002e90                HAL_TIM_Base_Init
 .text.TIM_ETR_SetConfig
                0x08002ee8       0x18 build/stm32f1xx_hal_tim.o
                0x08002ee8                TIM_ETR_SetConfig
 .text.HAL_TIM_ConfigClockSource
                0x08002f00       0xfe build/stm32f1xx_hal_tim.o
                0x08002f00                HAL_TIM_ConfigClockSource
 *fill*         0x08002ffe        0x2 
 .text.HAL_TIMEx_MasterConfigSynchronization
                0x08003000       0x7c build/stm32f1xx_hal_tim_ex.o
                0x08003000                HAL_TIMEx_MasterConfigSynchronization
 .text.HAL_TIMEx_CommutCallback
                0x0800307c        0x2 build/stm32f1xx_hal_tim_ex.o
                0x0800307c                HAL_TIMEx_CommutCallback
 .text.HAL_TIMEx_BreakCallback
                0x0800307e        0x2 build/stm32f1xx_hal_tim_ex.o
                0x0800307e                HAL_TIMEx_BreakCallback
 .text.UART_EndRxTransfer
                0x08003080       0x5c build/stm32f1xx_hal_uart.o
 .text.UART_Transmit_IT
                0x080030dc       0x60 build/stm32f1xx_hal_uart.o
 .text.UART_SetConfig
                0x0800313c       0x94 build/stm32f1xx_hal_uart.o
 .text.UART_WaitOnFlagUntilTimeout
                0x080031d0       0x88 build/stm32f1xx_hal_uart.o
 .text.HAL_UART_Init
                0x08003258       0x60 build/stm32f1xx_hal_uart.o
                0x08003258                HAL_UART_Init
 .text.HAL_UART_Transmit
                0x080032b8       0xbe build/stm32f1xx_hal_uart.o
                0x080032b8                HAL_UART_Transmit
 .text.HAL_UART_TxCpltCallback
                0x08003376        0x2 build/stm32f1xx_hal_uart.o
                0x08003376                HAL_UART_TxCpltCallback
 .text.UART_EndTransmit_IT
                0x08003378       0x1a build/stm32f1xx_hal_uart.o
 .text.HAL_UART_ErrorCallback
                0x08003392        0x2 build/stm32f1xx_hal_uart.o
                0x08003392                HAL_UART_ErrorCallback
 .text.UART_DMAAbortOnError
                0x08003394       0x10 build/stm32f1xx_hal_uart.o
 .text.HAL_UARTEx_RxEventCallback
                0x080033a4        0x2 build/stm32f1xx_hal_uart.o
                0x080033a4                HAL_UARTEx_RxEventCallback
 .text.UART_Receive_IT
                0x080033a6       0xe6 build/stm32f1xx_hal_uart.o
 .text.HAL_UART_IRQHandler
                0x0800348c      0x288 build/stm32f1xx_hal_uart.o
                0x0800348c                HAL_UART_IRQHandler
 .text.UART_Start_Receive_IT
                0x08003714       0x36 build/stm32f1xx_hal_uart.o
                0x08003714                UART_Start_Receive_IT
 .text.HAL_UART_Receive_IT
                0x0800374a       0x26 build/stm32f1xx_hal_uart.o
                0x0800374a                HAL_UART_Receive_IT
 .text.SystemInit
                0x08003770        0x2 build/system_stm32f1xx.o
                0x08003770                SystemInit
 *fill*         0x08003772        0x2 
 .text.Reset_Handler
                0x08003774       0x48 build/startup_stm32f103xe.o
                0x08003774                Reset_Handler
 .text.Default_Handler
                0x080037bc        0x2 build/startup_stm32f103xe.o
                0x080037bc                RTC_Alarm_IRQHandler
                0x080037bc                EXTI2_IRQHandler
                0x080037bc                TIM8_TRG_COM_IRQHandler
                0x080037bc                TIM8_CC_IRQHandler
                0x080037bc                TIM1_CC_IRQHandler
                0x080037bc                TIM6_IRQHandler
                0x080037bc                PVD_IRQHandler
                0x080037bc                SDIO_IRQHandler
                0x080037bc                EXTI3_IRQHandler
                0x080037bc                EXTI0_IRQHandler
                0x080037bc                I2C2_EV_IRQHandler
                0x080037bc                ADC1_2_IRQHandler
                0x080037bc                SPI1_IRQHandler
                0x080037bc                TAMPER_IRQHandler
                0x080037bc                TIM8_UP_IRQHandler
                0x080037bc                DMA2_Channel2_IRQHandler
                0x080037bc                DMA1_Channel4_IRQHandler
                0x080037bc                USART3_IRQHandler
                0x080037bc                RTC_IRQHandler
                0x080037bc                DMA1_Channel7_IRQHandler
                0x080037bc                CAN1_RX1_IRQHandler
                0x080037bc                UART5_IRQHandler
                0x080037bc                ADC3_IRQHandler
                0x080037bc                TIM4_IRQHandler
                0x080037bc                DMA2_Channel1_IRQHandler
                0x080037bc                I2C1_EV_IRQHandler
                0x080037bc                DMA1_Channel6_IRQHandler
                0x080037bc                UART4_IRQHandler
                0x080037bc                RCC_IRQHandler
                0x080037bc                TIM1_TRG_COM_IRQHandler
                0x080037bc                DMA1_Channel1_IRQHandler
                0x080037bc                Default_Handler
                0x080037bc                EXTI15_10_IRQHandler
                0x080037bc                TIM7_IRQHandler
                0x080037bc                TIM5_IRQHandler
                0x080037bc                EXTI9_5_IRQHandler
                0x080037bc                SPI2_IRQHandler
                0x080037bc                DMA1_Channel5_IRQHandler
                0x080037bc                EXTI4_IRQHandler
                0x080037bc                USB_LP_CAN1_RX0_IRQHandler
                0x080037bc                USB_HP_CAN1_TX_IRQHandler
                0x080037bc                DMA1_Channel3_IRQHandler
                0x080037bc                FSMC_IRQHandler
                0x080037bc                TIM1_UP_IRQHandler
                0x080037bc                WWDG_IRQHandler
                0x080037bc                TIM2_IRQHandler
                0x080037bc                TIM1_BRK_IRQHandler
                0x080037bc                EXTI1_IRQHandler
                0x080037bc                DMA2_Channel4_5_IRQHandler
                0x080037bc                USART2_IRQHandler
                0x080037bc                I2C2_ER_IRQHandler
                0x080037bc                DMA1_Channel2_IRQHandler
                0x080037bc                TIM8_BRK_IRQHandler
                0x080037bc                CAN1_SCE_IRQHandler
                0x080037bc                FLASH_IRQHandler
                0x080037bc                SPI3_IRQHandler
                0x080037bc                I2C1_ER_IRQHandler
                0x080037bc                USBWakeUp_IRQHandler
                0x080037bc                DMA2_Channel3_IRQHandler
 *fill*         0x080037be        0x2 
 .text.__libc_init_array
                0x080037c0       0x48 d:/10 2021.10/bin/../lib/gcc/arm-none-eabi/10.3.1/../../../../arm-none-eabi/lib/thumb/v7-m/nofp\libc_nano.a(lib_a-init.o)
                0x080037c0                __libc_init_array
 .text.memcpy   0x08003808       0x1c d:/10 2021.10/bin/../lib/gcc/arm-none-eabi/10.3.1/../../../../arm-none-eabi/lib/thumb/v7-m/nofp\libc_nano.a(lib_a-memcpy-stub.o)
                0x08003808                memcpy
 .text.memset   0x08003824       0x10 d:/10 2021.10/bin/../lib/gcc/arm-none-eabi/10.3.1/../../../../arm-none-eabi/lib/thumb/v7-m/nofp\libc_nano.a(lib_a-memset.o)
                0x08003824                memset
 .text.strchr   0x08003834       0x1a d:/10 2021.10/bin/../lib/gcc/arm-none-eabi/10.3.1/../../../../arm-none-eabi/lib/thumb/v7-m/nofp\libc_nano.a(lib_a-strchr.o)
                0x08003834                strchr
 .text.strstr   0x0800384e       0x2c d:/10 2021.10/bin/../lib/gcc/arm-none-eabi/10.3.1/../../../../arm-none-eabi/lib/thumb/v7-m/nofp\libc_nano.a(lib_a-strstr.o)
                0x0800384e                strstr
 *(.glue_7)
 .glue_7        0x0800387a        0x0 linker stubs
 *(.glue_7t)
 .glue_7t       0x0800387a        0x0 linker stubs
 *(.eh_frame)
 *fill*         0x0800387a        0x2 
 .eh_frame      0x0800387c        0x0 d:/10 2021.10/bin/../lib/gcc/arm-none-eabi/10.3.1/thumb/v7-m/nofp/crtbegin.o
 *(.init)
 .init          0x0800387c        0x4 d:/10 2021.10/bin/../lib/gcc/arm-none-eabi/10.3.1/thumb/v7-m/nofp/crti.o
                0x0800387c                _init
 .init          0x08003880        0x8 d:/10 2021.10/bin/../lib/gcc/arm-none-eabi/10.3.1/thumb/v7-m/nofp/crtn.o
 *(.fini)
 .fini          0x08003888        0x4 d:/10 2021.10/bin/../lib/gcc/arm-none-eabi/10.3.1/thumb/v7-m/nofp/crti.o
                0x08003888                _fini
 .fini          0x0800388c        0x8 d:/10 2021.10/bin/../lib/gcc/arm-none-eabi/10.3.1/thumb/v7-m/nofp/crtn.o
                0x08003894                . = ALIGN (0x4)
                0x08003894                _etext = .

.vfp11_veneer   0x08003894        0x0
 .vfp11_veneer  0x08003894        0x0 linker stubs

.v4_bx          0x08003894        0x0
 .v4_bx         0x08003894        0x0 linker stubs

.iplt           0x08003894        0x0
 .iplt          0x08003894        0x0 d:/10 2021.10/bin/../lib/gcc/arm-none-eabi/10.3.1/thumb/v7-m/nofp/crtbegin.o

.rodata         0x08003894       0xbc
                0x08003894                . = ALIGN (0x4)
 *(.rodata)
 *(.rodata*)
 .rodata.HAL_UART_RxCpltCallback.str1.4
                0x08003894        0xa build/main.o
 *fill*         0x0800389e        0x2 
 .rodata.HAL_TIM_PeriodElapsedCallback.str1.4
                0x080038a0        0xe build/main.o
 *fill*         0x080038ae        0x2 
 .rodata.main.str1.4
                0x080038b0        0xd build/main.o
 *fill*         0x080038bd        0x3 
 .rodata.sim7672_reset.str1.4
                0x080038c0        0xb build/sim4g_lte.o
 *fill*         0x080038cb        0x1 
 .rodata.sim7672_pwrkey.str1.4
                0x080038cc        0xd build/sim4g_lte.o
 .rodata.sim7672_callback.str1.4
                0x080038d9        0xd build/sim4g_lte.o
                                  0x3 (size before relaxing)
 *fill*         0x080038d9        0x3 
 .rodata.sim7672_errorHandle.str1.4
                0x080038dc        0xa build/sim4g_lte.o
 *fill*         0x080038e6        0x2 
 .rodata.sim7672_init.str1.4
                0x080038e8       0x27 build/sim4g_lte.o
 *fill*         0x0800390f        0x1 
 .rodata.aPLLMULFactorTable.1
                0x08003910       0x10 build/stm32f1xx_hal_rcc.o
 .rodata.aPredivFactorTable.0
                0x08003920        0x2 build/stm32f1xx_hal_rcc.o
 *fill*         0x08003922        0x2 
 .rodata.aPLLMULFactorTable.1
                0x08003924       0x10 build/stm32f1xx_hal_rcc_ex.o
 .rodata.aPredivFactorTable.0
                0x08003934        0x2 build/stm32f1xx_hal_rcc_ex.o
 *fill*         0x08003936        0x2 
 .rodata.AHBPrescTable
                0x08003938       0x10 build/system_stm32f1xx.o
                0x08003938                AHBPrescTable
 .rodata.APBPrescTable
                0x08003948        0x8 build/system_stm32f1xx.o
                0x08003948                APBPrescTable
                0x08003950                . = ALIGN (0x4)

.rel.dyn        0x08003950        0x0
 .rel.iplt      0x08003950        0x0 d:/10 2021.10/bin/../lib/gcc/arm-none-eabi/10.3.1/thumb/v7-m/nofp/crtbegin.o

.ARM.extab
 *(.ARM.extab* .gnu.linkonce.armextab.*)

.ARM            0x08003950        0x0
                0x08003950                __exidx_start = .
 *(.ARM.exidx*)
                0x08003950                __exidx_end = .

.preinit_array  0x08003950        0x0
                0x08003950                PROVIDE (__preinit_array_start = .)
 *(.preinit_array*)
                0x08003950                PROVIDE (__preinit_array_end = .)

.init_array     0x08003950        0x4
                0x08003950                PROVIDE (__init_array_start = .)
 *(SORT_BY_NAME(.init_array.*))
 *(.init_array*)
 .init_array    0x08003950        0x4 d:/10 2021.10/bin/../lib/gcc/arm-none-eabi/10.3.1/thumb/v7-m/nofp/crtbegin.o
                0x08003954                PROVIDE (__init_array_end = .)

.fini_array     0x08003954        0x4
                [!provide]                PROVIDE (__fini_array_start = .)
 *(SORT_BY_NAME(.fini_array.*))
 *(.fini_array*)
 .fini_array    0x08003954        0x4 d:/10 2021.10/bin/../lib/gcc/arm-none-eabi/10.3.1/thumb/v7-m/nofp/crtbegin.o
                [!provide]                PROVIDE (__fini_array_end = .)
                0x08003958                _sidata = LOADADDR (.data)

.data           0x20000000       0x10 load address 0x08003958
                0x20000000                . = ALIGN (0x4)
                0x20000000                _sdata = .
 *(.data)
 *(.data*)
 .data.npn_flag_check
                0x20000000        0x4 build/main.o
                0x20000000                npn_flag_check
 .data.uwTickFreq
                0x20000004        0x1 build/stm32f1xx_hal.o
                0x20000004                uwTickFreq
 *fill*         0x20000005        0x3 
 .data.uwTickPrio
                0x20000008        0x4 build/stm32f1xx_hal.o
                0x20000008                uwTickPrio
 .data.SystemCoreClock
                0x2000000c        0x4 build/system_stm32f1xx.o
                0x2000000c                SystemCoreClock
                0x20000010                . = ALIGN (0x4)
                0x20000010                _edata = .

.igot.plt       0x20000010        0x0 load address 0x08003968
 .igot.plt      0x20000010        0x0 d:/10 2021.10/bin/../lib/gcc/arm-none-eabi/10.3.1/thumb/v7-m/nofp/crtbegin.o
                0x20000010                . = ALIGN (0x4)

.bss            0x20000010      0x530 load address 0x08003968
                0x20000010                _sbss = .
                0x20000010                __bss_start__ = _sbss
 *(.bss)
 .bss           0x20000010       0x1c d:/10 2021.10/bin/../lib/gcc/arm-none-eabi/10.3.1/thumb/v7-m/nofp/crtbegin.o
 *(.bss*)
 .bss.Vehical_State
                0x2000002c        0x4 build/main.o
                0x2000002c                Vehical_State
 .bss.buffchar  0x20000030        0x1 build/main.o
                0x20000030                buffchar
 *fill*         0x20000031        0x3 
 .bss.hadc1     0x20000034       0x30 build/adc.o
                0x20000034                hadc1
 .bss.hadc2     0x20000064       0x30 build/adc.o
                0x20000064                hadc2
 .bss.hi2c1     0x20000094       0x54 build/i2c.o
                0x20000094                hi2c1
 .bss.hrtc      0x200000e8       0x14 build/rtc.o
                0x200000e8                hrtc
 .bss.hspi1     0x200000fc       0x58 build/spi.o
                0x200000fc                hspi1
 .bss.hspi2     0x20000154       0x58 build/spi.o
                0x20000154                hspi2
 .bss.hspi3     0x200001ac       0x58 build/spi.o
                0x200001ac                hspi3
 .bss.k         0x20000204        0x4 build/gnss.o
                0x20000204                k
 .bss.l70Data   0x20000208        0x1 build/gnss.o
                0x20000208                l70Data
 *fill*         0x20000209        0x3 
 .bss.l70RxData
                0x2000020c       0x64 build/gnss.o
                0x2000020c                l70RxData
 .bss.l70RxState
                0x20000270        0x1 build/gnss.o
                0x20000270                l70RxState
 .bss.iswaiting4response
                0x20000271        0x1 build/sim4g_lte.o
                0x20000271                iswaiting4response
 *fill*         0x20000272        0x2 
 .bss.simRxBuf  0x20000274       0x64 build/sim4g_lte.o
                0x20000274                simRxBuf
 .bss.simRxCplt
                0x200002d8        0x1 build/sim4g_lte.o
                0x200002d8                simRxCplt
 .bss.simRxData
                0x200002d9        0x1 build/sim4g_lte.o
                0x200002d9                simRxData
 *fill*         0x200002da        0x2 
 .bss.simRxIndex
                0x200002dc        0x4 build/sim4g_lte.o
                0x200002dc                simRxIndex
 .bss.simRxResponse
                0x200002e0       0x64 build/sim4g_lte.o
                0x200002e0                simRxResponse
 .bss.htim1     0x20000344       0x48 build/tim.o
                0x20000344                htim1
 .bss.htim2     0x2000038c       0x48 build/tim.o
                0x2000038c                htim2
 .bss.htim3     0x200003d4       0x48 build/tim.o
                0x200003d4                htim3
 .bss.huart1    0x2000041c       0x48 build/usart.o
                0x2000041c                huart1
 .bss.huart2    0x20000464       0x48 build/usart.o
                0x20000464                huart2
 .bss.huart4    0x200004ac       0x48 build/usart.o
                0x200004ac                huart4
 .bss.huart5    0x200004f4       0x48 build/usart.o
                0x200004f4                huart5
 .bss.uwTick    0x2000053c        0x4 build/stm32f1xx_hal.o
                0x2000053c                uwTick
 *(COMMON)
                0x20000540                . = ALIGN (0x4)
                0x20000540                _ebss = .
                0x20000540                __bss_end__ = _ebss

._user_heap_stack
                0x20000540      0x600 load address 0x08003968
                0x20000540                . = ALIGN (0x8)
                0x20000540                PROVIDE (end = .)
                [!provide]                PROVIDE (_end = .)
                0x20000740                . = (. + _Min_Heap_Size)
 *fill*         0x20000540      0x200 
                0x20000b40                . = (. + _Min_Stack_Size)
 *fill*         0x20000740      0x400 
                0x20000b40                . = ALIGN (0x8)

/DISCARD/
 libc.a(*)
 libm.a(*)
 libgcc.a(*)

.ARM.attributes
                0x00000000       0x29
 *(.ARM.attributes)
 .ARM.attributes
                0x00000000       0x1d d:/10 2021.10/bin/../lib/gcc/arm-none-eabi/10.3.1/thumb/v7-m/nofp/crti.o
 .ARM.attributes
                0x0000001d       0x2d d:/10 2021.10/bin/../lib/gcc/arm-none-eabi/10.3.1/thumb/v7-m/nofp/crtbegin.o
 .ARM.attributes
                0x0000004a       0x2d build/main.o
 .ARM.attributes
                0x00000077       0x2d build/gpio.o
 .ARM.attributes
                0x000000a4       0x2d build/adc.o
 .ARM.attributes
                0x000000d1       0x2d build/i2c.o
 .ARM.attributes
                0x000000fe       0x2d build/rtc.o
 .ARM.attributes
                0x0000012b       0x2d build/spi.o
 .ARM.attributes
                0x00000158       0x2d build/debug.o
 .ARM.attributes
                0x00000185       0x2d build/gnss.o
 .ARM.attributes
                0x000001b2       0x2d build/sim4g_lte.o
 .ARM.attributes
                0x000001df       0x2d build/tim.o
 .ARM.attributes
                0x0000020c       0x2d build/usart.o
 .ARM.attributes
                0x00000239       0x2d build/stm32f1xx_it.o
 .ARM.attributes
                0x00000266       0x2d build/stm32f1xx_hal_msp.o
 .ARM.attributes
                0x00000293       0x2d build/stm32f1xx_hal_adc.o
 .ARM.attributes
                0x000002c0       0x2d build/stm32f1xx_hal.o
 .ARM.attributes
                0x000002ed       0x2d build/stm32f1xx_hal_rcc.o
 .ARM.attributes
                0x0000031a       0x2d build/stm32f1xx_hal_rcc_ex.o
 .ARM.attributes
                0x00000347       0x2d build/stm32f1xx_hal_gpio.o
 .ARM.attributes
                0x00000374       0x2d build/stm32f1xx_hal_dma.o
 .ARM.attributes
                0x000003a1       0x2d build/stm32f1xx_hal_cortex.o
 .ARM.attributes
                0x000003ce       0x2d build/stm32f1xx_hal_pwr.o
 .ARM.attributes
                0x000003fb       0x2d build/stm32f1xx_hal_i2c.o
 .ARM.attributes
                0x00000428       0x2d build/stm32f1xx_hal_rtc.o
 .ARM.attributes
                0x00000455       0x2d build/stm32f1xx_hal_spi.o
 .ARM.attributes
                0x00000482       0x2d build/stm32f1xx_hal_tim.o
 .ARM.attributes
                0x000004af       0x2d build/stm32f1xx_hal_tim_ex.o
 .ARM.attributes
                0x000004dc       0x2d build/stm32f1xx_hal_uart.o
 .ARM.attributes
                0x00000509       0x2d build/system_stm32f1xx.o
 .ARM.attributes
                0x00000536       0x21 build/startup_stm32f103xe.o
 .ARM.attributes
                0x00000557       0x2d d:/10 2021.10/bin/../lib/gcc/arm-none-eabi/10.3.1/../../../../arm-none-eabi/lib/thumb/v7-m/nofp\libc_nano.a(lib_a-init.o)
 .ARM.attributes
                0x00000584       0x2d d:/10 2021.10/bin/../lib/gcc/arm-none-eabi/10.3.1/../../../../arm-none-eabi/lib/thumb/v7-m/nofp\libc_nano.a(lib_a-memcpy-stub.o)
 .ARM.attributes
                0x000005b1       0x2d d:/10 2021.10/bin/../lib/gcc/arm-none-eabi/10.3.1/../../../../arm-none-eabi/lib/thumb/v7-m/nofp\libc_nano.a(lib_a-memset.o)
 .ARM.attributes
                0x000005de       0x2d d:/10 2021.10/bin/../lib/gcc/arm-none-eabi/10.3.1/../../../../arm-none-eabi/lib/thumb/v7-m/nofp\libc_nano.a(lib_a-strchr.o)
 .ARM.attributes
                0x0000060b       0x17 d:/10 2021.10/bin/../lib/gcc/arm-none-eabi/10.3.1/../../../../arm-none-eabi/lib/thumb/v7-m/nofp\libc_nano.a(lib_a-strlen.o)
 .ARM.attributes
                0x00000622       0x2d d:/10 2021.10/bin/../lib/gcc/arm-none-eabi/10.3.1/../../../../arm-none-eabi/lib/thumb/v7-m/nofp\libc_nano.a(lib_a-strstr.o)
 .ARM.attributes
                0x0000064f       0x1d d:/10 2021.10/bin/../lib/gcc/arm-none-eabi/10.3.1/thumb/v7-m/nofp/crtn.o
OUTPUT(build/DATN_GSHT.elf elf32-littlearm)
LOAD linker stubs
LOAD d:/10 2021.10/bin/../lib/gcc/arm-none-eabi/10.3.1/../../../../arm-none-eabi/lib/thumb/v7-m/nofp\libc.a
LOAD d:/10 2021.10/bin/../lib/gcc/arm-none-eabi/10.3.1/../../../../arm-none-eabi/lib/thumb/v7-m/nofp\libm.a
LOAD d:/10 2021.10/bin/../lib/gcc/arm-none-eabi/10.3.1/thumb/v7-m/nofp\libgcc.a

.debug_info     0x00000000    0x1ecdf
 .debug_info    0x00000000     0x1466 build/main.o
 .debug_info    0x00001466      0x412 build/gpio.o
 .debug_info    0x00001878      0xa24 build/adc.o
 .debug_info    0x0000229c      0x962 build/i2c.o
 .debug_info    0x00002bfe      0x60a build/rtc.o
 .debug_info    0x00003208      0xb09 build/spi.o
 .debug_info    0x00003d11      0x65c build/debug.o
 .debug_info    0x0000436d      0xd6b build/gnss.o
 .debug_info    0x000050d8     0x1152 build/sim4g_lte.o
 .debug_info    0x0000622a      0xd3e build/tim.o
 .debug_info    0x00006f68      0xe19 build/usart.o
 .debug_info    0x00007d81      0xabd build/stm32f1xx_it.o
 .debug_info    0x0000883e      0x238 build/stm32f1xx_hal_msp.o
 .debug_info    0x00008a76     0x1054 build/stm32f1xx_hal_adc.o
 .debug_info    0x00009aca      0x8bb build/stm32f1xx_hal.o
 .debug_info    0x0000a385      0xaf0 build/stm32f1xx_hal_rcc.o
 .debug_info    0x0000ae75      0x4c0 build/stm32f1xx_hal_rcc_ex.o
 .debug_info    0x0000b335      0x6d7 build/stm32f1xx_hal_gpio.o
 .debug_info    0x0000ba0c      0x8bf build/stm32f1xx_hal_dma.o
 .debug_info    0x0000c2cb      0xe93 build/stm32f1xx_hal_cortex.o
 .debug_info    0x0000d15e      0x748 build/stm32f1xx_hal_pwr.o
 .debug_info    0x0000d8a6     0x3ca0 build/stm32f1xx_hal_i2c.o
 .debug_info    0x00011546     0x15f1 build/stm32f1xx_hal_rtc.o
 .debug_info    0x00012b37     0x1ef4 build/stm32f1xx_hal_spi.o
 .debug_info    0x00014a2b     0x404a build/stm32f1xx_hal_tim.o
 .debug_info    0x00018a75     0x1c39 build/stm32f1xx_hal_tim_ex.o
 .debug_info    0x0001a6ae     0x43a1 build/stm32f1xx_hal_uart.o
 .debug_info    0x0001ea4f      0x26e build/system_stm32f1xx.o
 .debug_info    0x0001ecbd       0x22 build/startup_stm32f103xe.o

.debug_abbrev   0x00000000     0x3be0
 .debug_abbrev  0x00000000      0x2e2 build/main.o
 .debug_abbrev  0x000002e2      0x13f build/gpio.o
 .debug_abbrev  0x00000421      0x1c5 build/adc.o
 .debug_abbrev  0x000005e6      0x1c5 build/i2c.o
 .debug_abbrev  0x000007ab      0x1ae build/rtc.o
 .debug_abbrev  0x00000959      0x1c5 build/spi.o
 .debug_abbrev  0x00000b1e      0x185 build/debug.o
 .debug_abbrev  0x00000ca3      0x283 build/gnss.o
 .debug_abbrev  0x00000f26      0x21f build/sim4g_lte.o
 .debug_abbrev  0x00001145      0x1e2 build/tim.o
 .debug_abbrev  0x00001327      0x205 build/usart.o
 .debug_abbrev  0x0000152c      0x183 build/stm32f1xx_it.o
 .debug_abbrev  0x000016af       0xe7 build/stm32f1xx_hal_msp.o
 .debug_abbrev  0x00001796      0x239 build/stm32f1xx_hal_adc.o
 .debug_abbrev  0x000019cf      0x1f7 build/stm32f1xx_hal.o
 .debug_abbrev  0x00001bc6      0x2b8 build/stm32f1xx_hal_rcc.o
 .debug_abbrev  0x00001e7e      0x1d5 build/stm32f1xx_hal_rcc_ex.o
 .debug_abbrev  0x00002053      0x222 build/stm32f1xx_hal_gpio.o
 .debug_abbrev  0x00002275      0x262 build/stm32f1xx_hal_dma.o
 .debug_abbrev  0x000024d7      0x359 build/stm32f1xx_hal_cortex.o
 .debug_abbrev  0x00002830      0x1fc build/stm32f1xx_hal_pwr.o
 .debug_abbrev  0x00002a2c      0x306 build/stm32f1xx_hal_i2c.o
 .debug_abbrev  0x00002d32      0x25a build/stm32f1xx_hal_rtc.o
 .debug_abbrev  0x00002f8c      0x292 build/stm32f1xx_hal_spi.o
 .debug_abbrev  0x0000321e      0x29d build/stm32f1xx_hal_tim.o
 .debug_abbrev  0x000034bb      0x29f build/stm32f1xx_hal_tim_ex.o
 .debug_abbrev  0x0000375a      0x334 build/stm32f1xx_hal_uart.o
 .debug_abbrev  0x00003a8e      0x140 build/system_stm32f1xx.o
 .debug_abbrev  0x00003bce       0x12 build/startup_stm32f103xe.o

.debug_loc      0x00000000    0x1a106
 .debug_loc     0x00000000      0x1dd build/main.o
 .debug_loc     0x000001dd       0x39 build/gpio.o
 .debug_loc     0x00000216      0x1aa build/adc.o
 .debug_loc     0x000003c0       0xeb build/i2c.o
 .debug_loc     0x000004ab       0xa1 build/rtc.o
 .debug_loc     0x0000054c      0x1bc build/spi.o
 .debug_loc     0x00000708       0x52 build/debug.o
 .debug_loc     0x0000075a      0x5d8 build/gnss.o
 .debug_loc     0x00000d32      0x151 build/sim4g_lte.o
 .debug_loc     0x00000e83      0x1b4 build/tim.o
 .debug_loc     0x00001037      0x218 build/usart.o
 .debug_loc     0x0000124f       0x60 build/stm32f1xx_it.o
 .debug_loc     0x000012af       0x41 build/stm32f1xx_hal_msp.o
 .debug_loc     0x000012f0      0xe1b build/stm32f1xx_hal_adc.o
 .debug_loc     0x0000210b      0x1e1 build/stm32f1xx_hal.o
 .debug_loc     0x000022ec      0x790 build/stm32f1xx_hal_rcc.o
 .debug_loc     0x00002a7c      0x41e build/stm32f1xx_hal_rcc_ex.o
 .debug_loc     0x00002e9a      0x551 build/stm32f1xx_hal_gpio.o
 .debug_loc     0x000033eb      0x8ea build/stm32f1xx_hal_dma.o
 .debug_loc     0x00003cd5      0x77f build/stm32f1xx_hal_cortex.o
 .debug_loc     0x00004454      0x182 build/stm32f1xx_hal_pwr.o
 .debug_loc     0x000045d6     0x4e5a build/stm32f1xx_hal_i2c.o
 .debug_loc     0x00009430     0x1af8 build/stm32f1xx_hal_rtc.o
 .debug_loc     0x0000af28     0x255b build/stm32f1xx_hal_spi.o
 .debug_loc     0x0000d483     0x5bb8 build/stm32f1xx_hal_tim.o
 .debug_loc     0x0001303b     0x210d build/stm32f1xx_hal_tim_ex.o
 .debug_loc     0x00015148     0x4ebf build/stm32f1xx_hal_uart.o
 .debug_loc     0x0001a007       0xff build/system_stm32f1xx.o

.debug_aranges  0x00000000     0x14c8
 .debug_aranges
                0x00000000       0x50 build/main.o
 .debug_aranges
                0x00000050       0x20 build/gpio.o
 .debug_aranges
                0x00000070       0x38 build/adc.o
 .debug_aranges
                0x000000a8       0x30 build/i2c.o
 .debug_aranges
                0x000000d8       0x30 build/rtc.o
 .debug_aranges
                0x00000108       0x40 build/spi.o
 .debug_aranges
                0x00000148       0x20 build/debug.o
 .debug_aranges
                0x00000168       0x58 build/gnss.o
 .debug_aranges
                0x000001c0       0x50 build/sim4g_lte.o
 .debug_aranges
                0x00000210       0x40 build/tim.o
 .debug_aranges
                0x00000250       0x48 build/usart.o
 .debug_aranges
                0x00000298       0x70 build/stm32f1xx_it.o
 .debug_aranges
                0x00000308       0x20 build/stm32f1xx_hal_msp.o
 .debug_aranges
                0x00000328       0xf0 build/stm32f1xx_hal_adc.o
 .debug_aranges
                0x00000418       0xe0 build/stm32f1xx_hal.o
 .debug_aranges
                0x000004f8       0x90 build/stm32f1xx_hal_rcc.o
 .debug_aranges
                0x00000588       0x30 build/stm32f1xx_hal_rcc_ex.o
 .debug_aranges
                0x000005b8       0x58 build/stm32f1xx_hal_gpio.o
 .debug_aranges
                0x00000610       0x80 build/stm32f1xx_hal_dma.o
 .debug_aranges
                0x00000690       0x90 build/stm32f1xx_hal_cortex.o
 .debug_aranges
                0x00000720       0xa8 build/stm32f1xx_hal_pwr.o
 .debug_aranges
                0x000007c8      0x2a8 build/stm32f1xx_hal_i2c.o
 .debug_aranges
                0x00000a70       0xf8 build/stm32f1xx_hal_rtc.o
 .debug_aranges
                0x00000b68      0x1d0 build/stm32f1xx_hal_spi.o
 .debug_aranges
                0x00000d38      0x3d0 build/stm32f1xx_hal_tim.o
 .debug_aranges
                0x00001108      0x168 build/stm32f1xx_hal_tim_ex.o
 .debug_aranges
                0x00001270      0x208 build/stm32f1xx_hal_uart.o
 .debug_aranges
                0x00001478       0x28 build/system_stm32f1xx.o
 .debug_aranges
                0x000014a0       0x28 build/startup_stm32f103xe.o

.debug_ranges   0x00000000     0x13c8
 .debug_ranges  0x00000000       0x40 build/main.o
 .debug_ranges  0x00000040       0x10 build/gpio.o
 .debug_ranges  0x00000050       0x28 build/adc.o
 .debug_ranges  0x00000078       0x20 build/i2c.o
 .debug_ranges  0x00000098       0x20 build/rtc.o
 .debug_ranges  0x000000b8       0x30 build/spi.o
 .debug_ranges  0x000000e8       0x10 build/debug.o
 .debug_ranges  0x000000f8       0x48 build/gnss.o
 .debug_ranges  0x00000140       0x40 build/sim4g_lte.o
 .debug_ranges  0x00000180       0x30 build/tim.o
 .debug_ranges  0x000001b0       0x38 build/usart.o
 .debug_ranges  0x000001e8       0x60 build/stm32f1xx_it.o
 .debug_ranges  0x00000248       0x10 build/stm32f1xx_hal_msp.o
 .debug_ranges  0x00000258       0xe0 build/stm32f1xx_hal_adc.o
 .debug_ranges  0x00000338       0xd0 build/stm32f1xx_hal.o
 .debug_ranges  0x00000408       0xa0 build/stm32f1xx_hal_rcc.o
 .debug_ranges  0x000004a8       0x38 build/stm32f1xx_hal_rcc_ex.o
 .debug_ranges  0x000004e0       0x48 build/stm32f1xx_hal_gpio.o
 .debug_ranges  0x00000528       0x70 build/stm32f1xx_hal_dma.o
 .debug_ranges  0x00000598       0xe0 build/stm32f1xx_hal_cortex.o
 .debug_ranges  0x00000678       0x98 build/stm32f1xx_hal_pwr.o
 .debug_ranges  0x00000710      0x2b0 build/stm32f1xx_hal_i2c.o
 .debug_ranges  0x000009c0       0xe8 build/stm32f1xx_hal_rtc.o
 .debug_ranges  0x00000aa8      0x1c0 build/stm32f1xx_hal_spi.o
 .debug_ranges  0x00000c68      0x3c0 build/stm32f1xx_hal_tim.o
 .debug_ranges  0x00001028      0x158 build/stm32f1xx_hal_tim_ex.o
 .debug_ranges  0x00001180      0x210 build/stm32f1xx_hal_uart.o
 .debug_ranges  0x00001390       0x18 build/system_stm32f1xx.o
 .debug_ranges  0x000013a8       0x20 build/startup_stm32f103xe.o

.debug_line     0x00000000    0x1a08a
 .debug_line    0x00000000      0x4dd build/main.o
 .debug_line    0x000004dd      0x1e9 build/gpio.o
 .debug_line    0x000006c6      0x365 build/adc.o
 .debug_line    0x00000a2b      0x273 build/i2c.o
 .debug_line    0x00000c9e      0x2a3 build/rtc.o
 .debug_line    0x00000f41      0x47c build/spi.o
 .debug_line    0x000013bd      0x1ac build/debug.o
 .debug_line    0x00001569      0x490 build/gnss.o
 .debug_line    0x000019f9      0x3f9 build/sim4g_lte.o
 .debug_line    0x00001df2      0x40d build/tim.o
 .debug_line    0x000021ff      0x50d build/usart.o
 .debug_line    0x0000270c      0x2b6 build/stm32f1xx_it.o
 .debug_line    0x000029c2      0x116 build/stm32f1xx_hal_msp.o
 .debug_line    0x00002ad8      0xe92 build/stm32f1xx_hal_adc.o
 .debug_line    0x0000396a      0x4c8 build/stm32f1xx_hal.o
 .debug_line    0x00003e32      0xbb8 build/stm32f1xx_hal_rcc.o
 .debug_line    0x000049ea      0x463 build/stm32f1xx_hal_rcc_ex.o
 .debug_line    0x00004e4d      0x58f build/stm32f1xx_hal_gpio.o
 .debug_line    0x000053dc      0xc8c build/stm32f1xx_hal_dma.o
 .debug_line    0x00006068      0x5d3 build/stm32f1xx_hal_cortex.o
 .debug_line    0x0000663b      0x3fa build/stm32f1xx_hal_pwr.o
 .debug_line    0x00006a35     0x558a build/stm32f1xx_hal_i2c.o
 .debug_line    0x0000bfbf     0x10f3 build/stm32f1xx_hal_rtc.o
 .debug_line    0x0000d0b2     0x2462 build/stm32f1xx_hal_spi.o
 .debug_line    0x0000f514     0x49f6 build/stm32f1xx_hal_tim.o
 .debug_line    0x00013f0a     0x1bee build/stm32f1xx_hal_tim_ex.o
 .debug_line    0x00015af8     0x433d build/stm32f1xx_hal_uart.o
 .debug_line    0x00019e35      0x1e0 build/system_stm32f1xx.o
 .debug_line    0x0001a015       0x75 build/startup_stm32f103xe.o

.debug_str      0x00000000     0x5ade
 .debug_str     0x00000000      0xd29 build/main.o
                                0xe5a (size before relaxing)
 .debug_str     0x00000d29       0xca build/gpio.o
                                0x24b (size before relaxing)
 .debug_str     0x00000df3      0x1c6 build/adc.o
                                0x600 (size before relaxing)
 .debug_str     0x00000fb9      0x2a0 build/i2c.o
                                0x702 (size before relaxing)
 .debug_str     0x00001259      0x187 build/rtc.o
                                0x43b (size before relaxing)
 .debug_str     0x000013e0      0x1d2 build/spi.o
                                0x685 (size before relaxing)
 .debug_str     0x000015b2       0x1f build/debug.o
                                0x590 (size before relaxing)
 .debug_str     0x000015d1      0x1d4 build/gnss.o
                                0x7ad (size before relaxing)
 .debug_str     0x000017a5      0x12d build/sim4g_lte.o
                                0xa7a (size before relaxing)
 .debug_str     0x000018d2      0x534 build/tim.o
                                0xbf1 (size before relaxing)
 .debug_str     0x00001e06       0x55 build/usart.o
                                0xac8 (size before relaxing)
 .debug_str     0x00001e5b       0xfd build/stm32f1xx_it.o
                                0x931 (size before relaxing)
 .debug_str     0x00001f58       0x57 build/stm32f1xx_hal_msp.o
                                0x1ed (size before relaxing)
 .debug_str     0x00001faf      0x354 build/stm32f1xx_hal_adc.o
                                0x8a8 (size before relaxing)
 .debug_str     0x00002303      0x2d9 build/stm32f1xx_hal.o
                                0x8d6 (size before relaxing)
 .debug_str     0x000025dc      0x1fe build/stm32f1xx_hal_rcc.o
                                0x5f9 (size before relaxing)
 .debug_str     0x000027da       0x81 build/stm32f1xx_hal_rcc_ex.o
                                0x3df (size before relaxing)
 .debug_str     0x0000285b       0xf2 build/stm32f1xx_hal_gpio.o
                                0x3ce (size before relaxing)
 .debug_str     0x0000294d      0x218 build/stm32f1xx_hal_dma.o
                                0x5cb (size before relaxing)
 .debug_str     0x00002b65      0x39b build/stm32f1xx_hal_cortex.o
                                0x985 (size before relaxing)
 .debug_str     0x00002f00      0x208 build/stm32f1xx_hal_pwr.o
                                0x469 (size before relaxing)
 .debug_str     0x00003108      0x8a0 build/stm32f1xx_hal_i2c.o
                                0xf93 (size before relaxing)
 .debug_str     0x000039a8      0x32b build/stm32f1xx_hal_rtc.o
                                0x788 (size before relaxing)
 .debug_str     0x00003cd3      0x50a build/stm32f1xx_hal_spi.o
                                0xb3b (size before relaxing)
 .debug_str     0x000041dd      0xdd6 build/stm32f1xx_hal_tim.o
                               0x160d (size before relaxing)
 .debug_str     0x00004fb3      0x521 build/stm32f1xx_hal_tim_ex.o
                                0xe0e (size before relaxing)
 .debug_str     0x000054d4      0x597 build/stm32f1xx_hal_uart.o
                                0xcc2 (size before relaxing)
 .debug_str     0x00005a6b       0x4f build/system_stm32f1xx.o
                                0x222 (size before relaxing)
 .debug_str     0x00005aba       0x24 build/startup_stm32f103xe.o
                                 0x41 (size before relaxing)

.comment        0x00000000       0x49
 .comment       0x00000000       0x49 build/main.o
                                 0x4a (size before relaxing)
 .comment       0x00000049       0x4a build/gpio.o
 .comment       0x00000049       0x4a build/adc.o
 .comment       0x00000049       0x4a build/i2c.o
 .comment       0x00000049       0x4a build/rtc.o
 .comment       0x00000049       0x4a build/spi.o
 .comment       0x00000049       0x4a build/debug.o
 .comment       0x00000049       0x4a build/gnss.o
 .comment       0x00000049       0x4a build/sim4g_lte.o
 .comment       0x00000049       0x4a build/tim.o
 .comment       0x00000049       0x4a build/usart.o
 .comment       0x00000049       0x4a build/stm32f1xx_it.o
 .comment       0x00000049       0x4a build/stm32f1xx_hal_msp.o
 .comment       0x00000049       0x4a build/stm32f1xx_hal_adc.o
 .comment       0x00000049       0x4a build/stm32f1xx_hal.o
 .comment       0x00000049       0x4a build/stm32f1xx_hal_rcc.o
 .comment       0x00000049       0x4a build/stm32f1xx_hal_rcc_ex.o
 .comment       0x00000049       0x4a build/stm32f1xx_hal_gpio.o
 .comment       0x00000049       0x4a build/stm32f1xx_hal_dma.o
 .comment       0x00000049       0x4a build/stm32f1xx_hal_cortex.o
 .comment       0x00000049       0x4a build/stm32f1xx_hal_pwr.o
 .comment       0x00000049       0x4a build/stm32f1xx_hal_i2c.o
 .comment       0x00000049       0x4a build/stm32f1xx_hal_rtc.o
 .comment       0x00000049       0x4a build/stm32f1xx_hal_spi.o
 .comment       0x00000049       0x4a build/stm32f1xx_hal_tim.o
 .comment       0x00000049       0x4a build/stm32f1xx_hal_tim_ex.o
 .comment       0x00000049       0x4a build/stm32f1xx_hal_uart.o
 .comment       0x00000049       0x4a build/system_stm32f1xx.o

.debug_frame    0x00000000     0x3a2c
 .debug_frame   0x00000000       0xb8 build/main.o
 .debug_frame   0x000000b8       0x38 build/gpio.o
 .debug_frame   0x000000f0       0x88 build/adc.o
 .debug_frame   0x00000178       0x60 build/i2c.o
 .debug_frame   0x000001d8       0x5c build/rtc.o
 .debug_frame   0x00000234       0x90 build/spi.o
 .debug_frame   0x000002c4       0x28 build/debug.o
 .debug_frame   0x000002ec       0xec build/gnss.o
 .debug_frame   0x000003d8       0xc0 build/sim4g_lte.o
 .debug_frame   0x00000498       0xa8 build/tim.o
 .debug_frame   0x00000540       0xac build/usart.o
 .debug_frame   0x000005ec       0xd8 build/stm32f1xx_it.o
 .debug_frame   0x000006c4       0x28 build/stm32f1xx_hal_msp.o
 .debug_frame   0x000006ec      0x2c8 build/stm32f1xx_hal_adc.o
 .debug_frame   0x000009b4      0x1cc build/stm32f1xx_hal.o
 .debug_frame   0x00000b80      0x184 build/stm32f1xx_hal_rcc.o
 .debug_frame   0x00000d04       0x5c build/stm32f1xx_hal_rcc_ex.o
 .debug_frame   0x00000d60       0xe4 build/stm32f1xx_hal_gpio.o
 .debug_frame   0x00000e44      0x140 build/stm32f1xx_hal_dma.o
 .debug_frame   0x00000f84      0x118 build/stm32f1xx_hal_cortex.o
 .debug_frame   0x0000109c      0x140 build/stm32f1xx_hal_pwr.o
 .debug_frame   0x000011dc      0x984 build/stm32f1xx_hal_i2c.o
 .debug_frame   0x00001b60      0x348 build/stm32f1xx_hal_rtc.o
 .debug_frame   0x00001ea8      0x5ac build/stm32f1xx_hal_spi.o
 .debug_frame   0x00002454      0xb04 build/stm32f1xx_hal_tim.o
 .debug_frame   0x00002f58      0x40c build/stm32f1xx_hal_tim_ex.o
 .debug_frame   0x00003364      0x5d8 build/stm32f1xx_hal_uart.o
 .debug_frame   0x0000393c       0x30 build/system_stm32f1xx.o
 .debug_frame   0x0000396c       0x2c d:/10 2021.10/bin/../lib/gcc/arm-none-eabi/10.3.1/../../../../arm-none-eabi/lib/thumb/v7-m/nofp\libc_nano.a(lib_a-init.o)
 .debug_frame   0x00003998       0x28 d:/10 2021.10/bin/../lib/gcc/arm-none-eabi/10.3.1/../../../../arm-none-eabi/lib/thumb/v7-m/nofp\libc_nano.a(lib_a-memcpy-stub.o)
 .debug_frame   0x000039c0       0x20 d:/10 2021.10/bin/../lib/gcc/arm-none-eabi/10.3.1/../../../../arm-none-eabi/lib/thumb/v7-m/nofp\libc_nano.a(lib_a-memset.o)
 .debug_frame   0x000039e0       0x20 d:/10 2021.10/bin/../lib/gcc/arm-none-eabi/10.3.1/../../../../arm-none-eabi/lib/thumb/v7-m/nofp\libc_nano.a(lib_a-strchr.o)
 .debug_frame   0x00003a00       0x2c d:/10 2021.10/bin/../lib/gcc/arm-none-eabi/10.3.1/../../../../arm-none-eabi/lib/thumb/v7-m/nofp\libc_nano.a(lib_a-strstr.o)

.stabstr        0x00000000      0x1b9
 .stabstr       0x00000000      0x1b9 d:/10 2021.10/bin/../lib/gcc/arm-none-eabi/10.3.1/../../../../arm-none-eabi/lib/thumb/v7-m/nofp\libnosys.a(close.o)

Cross Reference Table

Symbol                                            File
ADC1_2_IRQHandler                                 build/startup_stm32f103xe.o
ADC3_IRQHandler                                   build/startup_stm32f103xe.o
ADC_ConversionStop_Disable                        build/stm32f1xx_hal_adc.o
                                                  build/stm32f1xx_hal_adc_ex.o
ADC_DMAConvCplt                                   build/stm32f1xx_hal_adc.o
                                                  build/stm32f1xx_hal_adc_ex.o
ADC_DMAError                                      build/stm32f1xx_hal_adc.o
                                                  build/stm32f1xx_hal_adc_ex.o
ADC_DMAHalfConvCplt                               build/stm32f1xx_hal_adc.o
                                                  build/stm32f1xx_hal_adc_ex.o
ADC_Enable                                        build/stm32f1xx_hal_adc.o
                                                  build/stm32f1xx_hal_adc_ex.o
AHBPrescTable                                     build/system_stm32f1xx.o
                                                  build/stm32f1xx_hal_rcc.o
APBPrescTable                                     build/system_stm32f1xx.o
                                                  build/stm32f1xx_hal_rcc.o
Accqui_Result                                     build/sensors.o
BusFault_Handler                                  build/stm32f1xx_it.o
CAN1_RX1_IRQHandler                               build/startup_stm32f103xe.o
CAN1_SCE_IRQHandler                               build/startup_stm32f103xe.o
CardID                                            build/main.o
DHT11_Check_Response                              build/sensors.o
DHT11_Read                                        build/sensors.o
DHT11_Result                                      build/sensors.o
DHT11_Start                                       build/sensors.o
DMA1_Channel1_IRQHandler                          build/startup_stm32f103xe.o
DMA1_Channel2_IRQHandler                          build/startup_stm32f103xe.o
DMA1_Channel3_IRQHandler                          build/startup_stm32f103xe.o
DMA1_Channel4_IRQHandler                          build/startup_stm32f103xe.o
DMA1_Channel5_IRQHandler                          build/startup_stm32f103xe.o
DMA1_Channel6_IRQHandler                          build/startup_stm32f103xe.o
DMA1_Channel7_IRQHandler                          build/startup_stm32f103xe.o
DMA2_Channel1_IRQHandler                          build/startup_stm32f103xe.o
DMA2_Channel2_IRQHandler                          build/startup_stm32f103xe.o
DMA2_Channel3_IRQHandler                          build/startup_stm32f103xe.o
DMA2_Channel4_5_IRQHandler                        build/startup_stm32f103xe.o
DS18B20_Read                                      build/sensors.o
DS18B20_Result                                    build/sensors.o
DS18B20_Start                                     build/sensors.o
DS18B20_Write                                     build/sensors.o
DebugMon_Handler                                  build/stm32f1xx_it.o
Default_Handler                                   build/startup_stm32f103xe.o
EXTI0_IRQHandler                                  build/startup_stm32f103xe.o
EXTI15_10_IRQHandler                              build/startup_stm32f103xe.o
EXTI1_IRQHandler                                  build/startup_stm32f103xe.o
EXTI2_IRQHandler                                  build/startup_stm32f103xe.o
EXTI3_IRQHandler                                  build/startup_stm32f103xe.o
EXTI4_IRQHandler                                  build/startup_stm32f103xe.o
EXTI9_5_IRQHandler                                build/startup_stm32f103xe.o
Error_Handler                                     build/main.o
                                                  build/usart.o
                                                  build/tim.o
                                                  build/spi.o
                                                  build/rtc.o
                                                  build/i2c.o
                                                  build/adc.o
FLASH_IRQHandler                                  build/startup_stm32f103xe.o
FLASH_PageErase                                   build/stm32f1xx_hal_flash_ex.o
                                                  build/stm32f1xx_hal_flash.o
FLASH_WaitForLastOperation                        build/stm32f1xx_hal_flash.o
                                                  build/stm32f1xx_hal_flash_ex.o
FSMC_IRQHandler                                   build/startup_stm32f103xe.o
GPSResponse                                       build/main.o
HAL_ADCEx_Calibration_Start                       build/stm32f1xx_hal_adc_ex.o
HAL_ADCEx_InjectedConfigChannel                   build/stm32f1xx_hal_adc_ex.o
HAL_ADCEx_InjectedConvCpltCallback                build/stm32f1xx_hal_adc_ex.o
                                                  build/stm32f1xx_hal_adc.o
HAL_ADCEx_InjectedGetValue                        build/stm32f1xx_hal_adc_ex.o
HAL_ADCEx_InjectedPollForConversion               build/stm32f1xx_hal_adc_ex.o
HAL_ADCEx_InjectedStart                           build/stm32f1xx_hal_adc_ex.o
HAL_ADCEx_InjectedStart_IT                        build/stm32f1xx_hal_adc_ex.o
HAL_ADCEx_InjectedStop                            build/stm32f1xx_hal_adc_ex.o
HAL_ADCEx_InjectedStop_IT                         build/stm32f1xx_hal_adc_ex.o
HAL_ADCEx_MultiModeConfigChannel                  build/stm32f1xx_hal_adc_ex.o
HAL_ADCEx_MultiModeGetValue                       build/stm32f1xx_hal_adc_ex.o
HAL_ADCEx_MultiModeStart_DMA                      build/stm32f1xx_hal_adc_ex.o
HAL_ADCEx_MultiModeStop_DMA                       build/stm32f1xx_hal_adc_ex.o
HAL_ADC_AnalogWDGConfig                           build/stm32f1xx_hal_adc.o
HAL_ADC_ConfigChannel                             build/stm32f1xx_hal_adc.o
                                                  build/adc.o
HAL_ADC_ConvCpltCallback                          build/stm32f1xx_hal_adc.o
HAL_ADC_ConvHalfCpltCallback                      build/stm32f1xx_hal_adc.o
HAL_ADC_DeInit                                    build/stm32f1xx_hal_adc.o
HAL_ADC_ErrorCallback                             build/stm32f1xx_hal_adc.o
HAL_ADC_GetError                                  build/stm32f1xx_hal_adc.o
HAL_ADC_GetState                                  build/stm32f1xx_hal_adc.o
HAL_ADC_GetValue                                  build/stm32f1xx_hal_adc.o
                                                  build/sensors.o
HAL_ADC_IRQHandler                                build/stm32f1xx_hal_adc.o
HAL_ADC_Init                                      build/stm32f1xx_hal_adc.o
                                                  build/adc.o
HAL_ADC_LevelOutOfWindowCallback                  build/stm32f1xx_hal_adc.o
HAL_ADC_MspDeInit                                 build/adc.o
HAL_ADC_MspInit                                   build/adc.o
HAL_ADC_PollForConversion                         build/stm32f1xx_hal_adc.o
HAL_ADC_PollForEvent                              build/stm32f1xx_hal_adc.o
HAL_ADC_Start                                     build/stm32f1xx_hal_adc.o
HAL_ADC_Start_DMA                                 build/stm32f1xx_hal_adc.o
HAL_ADC_Start_IT                                  build/stm32f1xx_hal_adc.o
HAL_ADC_Stop                                      build/stm32f1xx_hal_adc.o
HAL_ADC_Stop_DMA                                  build/stm32f1xx_hal_adc.o
HAL_ADC_Stop_IT                                   build/stm32f1xx_hal_adc.o
HAL_DBGMCU_DisableDBGSleepMode                    build/stm32f1xx_hal.o
HAL_DBGMCU_DisableDBGStandbyMode                  build/stm32f1xx_hal.o
HAL_DBGMCU_DisableDBGStopMode                     build/stm32f1xx_hal.o
HAL_DBGMCU_EnableDBGSleepMode                     build/stm32f1xx_hal.o
HAL_DBGMCU_EnableDBGStandbyMode                   build/stm32f1xx_hal.o
HAL_DBGMCU_EnableDBGStopMode                      build/stm32f1xx_hal.o
HAL_DMA_Abort                                     build/stm32f1xx_hal_dma.o
                                                  build/stm32f1xx_hal_uart.o
                                                  build/stm32f1xx_hal_spi.o
                                                  build/stm32f1xx_hal_adc_ex.o
                                                  build/stm32f1xx_hal_adc.o
HAL_DMA_Abort_IT                                  build/stm32f1xx_hal_dma.o
                                                  build/stm32f1xx_hal_uart.o
                                                  build/stm32f1xx_hal_tim_ex.o
                                                  build/stm32f1xx_hal_tim.o
                                                  build/stm32f1xx_hal_spi.o
                                                  build/stm32f1xx_hal_i2c.o
HAL_DMA_DeInit                                    build/stm32f1xx_hal_dma.o
HAL_DMA_GetError                                  build/stm32f1xx_hal_dma.o
                                                  build/stm32f1xx_hal_uart.o
HAL_DMA_GetState                                  build/stm32f1xx_hal_dma.o
                                                  build/stm32f1xx_hal_i2c.o
HAL_DMA_IRQHandler                                build/stm32f1xx_hal_dma.o
HAL_DMA_Init                                      build/stm32f1xx_hal_dma.o
HAL_DMA_PollForTransfer                           build/stm32f1xx_hal_dma.o
HAL_DMA_RegisterCallback                          build/stm32f1xx_hal_dma.o
HAL_DMA_Start                                     build/stm32f1xx_hal_dma.o
HAL_DMA_Start_IT                                  build/stm32f1xx_hal_dma.o
                                                  build/stm32f1xx_hal_uart.o
                                                  build/stm32f1xx_hal_tim_ex.o
                                                  build/stm32f1xx_hal_tim.o
                                                  build/stm32f1xx_hal_spi.o
                                                  build/stm32f1xx_hal_i2c.o
                                                  build/stm32f1xx_hal_adc_ex.o
                                                  build/stm32f1xx_hal_adc.o
HAL_DMA_UnRegisterCallback                        build/stm32f1xx_hal_dma.o
HAL_DeInit                                        build/stm32f1xx_hal.o
HAL_Delay                                         build/stm32f1xx_hal.o
                                                  build/sensors.o
                                                  build/sim4g_lte.o
HAL_EXTI_ClearConfigLine                          build/stm32f1xx_hal_exti.o
HAL_EXTI_ClearPending                             build/stm32f1xx_hal_exti.o
HAL_EXTI_GenerateSWI                              build/stm32f1xx_hal_exti.o
HAL_EXTI_GetConfigLine                            build/stm32f1xx_hal_exti.o
HAL_EXTI_GetHandle                                build/stm32f1xx_hal_exti.o
HAL_EXTI_GetPending                               build/stm32f1xx_hal_exti.o
HAL_EXTI_IRQHandler                               build/stm32f1xx_hal_exti.o
HAL_EXTI_RegisterCallback                         build/stm32f1xx_hal_exti.o
HAL_EXTI_SetConfigLine                            build/stm32f1xx_hal_exti.o
HAL_FLASHEx_Erase                                 build/stm32f1xx_hal_flash_ex.o
HAL_FLASHEx_Erase_IT                              build/stm32f1xx_hal_flash_ex.o
HAL_FLASHEx_OBErase                               build/stm32f1xx_hal_flash_ex.o
HAL_FLASHEx_OBGetConfig                           build/stm32f1xx_hal_flash_ex.o
HAL_FLASHEx_OBGetUserData                         build/stm32f1xx_hal_flash_ex.o
HAL_FLASHEx_OBProgram                             build/stm32f1xx_hal_flash_ex.o
HAL_FLASH_EndOfOperationCallback                  build/stm32f1xx_hal_flash.o
HAL_FLASH_GetError                                build/stm32f1xx_hal_flash.o
HAL_FLASH_IRQHandler                              build/stm32f1xx_hal_flash.o
HAL_FLASH_Lock                                    build/stm32f1xx_hal_flash.o
HAL_FLASH_OB_Launch                               build/stm32f1xx_hal_flash.o
HAL_FLASH_OB_Lock                                 build/stm32f1xx_hal_flash.o
HAL_FLASH_OB_Unlock                               build/stm32f1xx_hal_flash.o
HAL_FLASH_OperationErrorCallback                  build/stm32f1xx_hal_flash.o
HAL_FLASH_Program                                 build/stm32f1xx_hal_flash.o
HAL_FLASH_Program_IT                              build/stm32f1xx_hal_flash.o
HAL_FLASH_Unlock                                  build/stm32f1xx_hal_flash.o
HAL_GPIOEx_ConfigEventout                         build/stm32f1xx_hal_gpio_ex.o
HAL_GPIOEx_DisableEventout                        build/stm32f1xx_hal_gpio_ex.o
HAL_GPIOEx_EnableEventout                         build/stm32f1xx_hal_gpio_ex.o
HAL_GPIO_DeInit                                   build/stm32f1xx_hal_gpio.o
                                                  build/usart.o
                                                  build/spi.o
                                                  build/i2c.o
                                                  build/adc.o
HAL_GPIO_EXTI_Callback                            build/main.o
HAL_GPIO_EXTI_IRQHandler                          build/stm32f1xx_hal_gpio.o
HAL_GPIO_Init                                     build/stm32f1xx_hal_gpio.o
                                                  build/stm32f1xx_hal_rcc.o
                                                  build/usart.o
                                                  build/sensors.o
                                                  build/spi.o
                                                  build/i2c.o
                                                  build/adc.o
                                                  build/gpio.o
HAL_GPIO_LockPin                                  build/stm32f1xx_hal_gpio.o
HAL_GPIO_ReadPin                                  build/stm32f1xx_hal_gpio.o
                                                  build/sensors.o
HAL_GPIO_TogglePin                                build/stm32f1xx_hal_gpio.o
HAL_GPIO_WritePin                                 build/stm32f1xx_hal_gpio.o
                                                  build/sensors.o
                                                  build/sim4g_lte.o
                                                  build/rc522.o
                                                  build/gpio.o
HAL_GetDEVID                                      build/stm32f1xx_hal.o
HAL_GetHalVersion                                 build/stm32f1xx_hal.o
HAL_GetREVID                                      build/stm32f1xx_hal.o
HAL_GetTick                                       build/stm32f1xx_hal.o
                                                  build/stm32f1xx_hal_uart.o
                                                  build/stm32f1xx_hal_spi.o
                                                  build/stm32f1xx_hal_rtc_ex.o
                                                  build/stm32f1xx_hal_rtc.o
                                                  build/stm32f1xx_hal_i2c.o
                                                  build/stm32f1xx_hal_flash.o
                                                  build/stm32f1xx_hal_dma.o
                                                  build/stm32f1xx_hal_rcc_ex.o
                                                  build/stm32f1xx_hal_rcc.o
                                                  build/stm32f1xx_hal_adc_ex.o
                                                  build/stm32f1xx_hal_adc.o
                                                  build/main.o
HAL_GetTickFreq                                   build/stm32f1xx_hal.o
HAL_GetTickPrio                                   build/stm32f1xx_hal.o
HAL_GetUIDw0                                      build/stm32f1xx_hal.o
HAL_GetUIDw1                                      build/stm32f1xx_hal.o
HAL_GetUIDw2                                      build/stm32f1xx_hal.o
HAL_HalfDuplex_EnableReceiver                     build/stm32f1xx_hal_uart.o
HAL_HalfDuplex_EnableTransmitter                  build/stm32f1xx_hal_uart.o
HAL_HalfDuplex_Init                               build/stm32f1xx_hal_uart.o
HAL_I2C_AbortCpltCallback                         build/stm32f1xx_hal_i2c.o
HAL_I2C_AddrCallback                              build/stm32f1xx_hal_i2c.o
HAL_I2C_DeInit                                    build/stm32f1xx_hal_i2c.o
HAL_I2C_DisableListen_IT                          build/stm32f1xx_hal_i2c.o
HAL_I2C_ER_IRQHandler                             build/stm32f1xx_hal_i2c.o
HAL_I2C_EV_IRQHandler                             build/stm32f1xx_hal_i2c.o
HAL_I2C_EnableListen_IT                           build/stm32f1xx_hal_i2c.o
HAL_I2C_ErrorCallback                             build/stm32f1xx_hal_i2c.o
HAL_I2C_GetError                                  build/stm32f1xx_hal_i2c.o
HAL_I2C_GetMode                                   build/stm32f1xx_hal_i2c.o
HAL_I2C_GetState                                  build/stm32f1xx_hal_i2c.o
HAL_I2C_Init                                      build/stm32f1xx_hal_i2c.o
                                                  build/i2c.o
HAL_I2C_IsDeviceReady                             build/stm32f1xx_hal_i2c.o
HAL_I2C_ListenCpltCallback                        build/stm32f1xx_hal_i2c.o
HAL_I2C_MasterRxCpltCallback                      build/stm32f1xx_hal_i2c.o
HAL_I2C_MasterTxCpltCallback                      build/stm32f1xx_hal_i2c.o
HAL_I2C_Master_Abort_IT                           build/stm32f1xx_hal_i2c.o
HAL_I2C_Master_Receive                            build/stm32f1xx_hal_i2c.o
HAL_I2C_Master_Receive_DMA                        build/stm32f1xx_hal_i2c.o
HAL_I2C_Master_Receive_IT                         build/stm32f1xx_hal_i2c.o
HAL_I2C_Master_Seq_Receive_DMA                    build/stm32f1xx_hal_i2c.o
HAL_I2C_Master_Seq_Receive_IT                     build/stm32f1xx_hal_i2c.o
HAL_I2C_Master_Seq_Transmit_DMA                   build/stm32f1xx_hal_i2c.o
HAL_I2C_Master_Seq_Transmit_IT                    build/stm32f1xx_hal_i2c.o
HAL_I2C_Master_Transmit                           build/stm32f1xx_hal_i2c.o
HAL_I2C_Master_Transmit_DMA                       build/stm32f1xx_hal_i2c.o
HAL_I2C_Master_Transmit_IT                        build/stm32f1xx_hal_i2c.o
HAL_I2C_MemRxCpltCallback                         build/stm32f1xx_hal_i2c.o
HAL_I2C_MemTxCpltCallback                         build/stm32f1xx_hal_i2c.o
HAL_I2C_Mem_Read                                  build/stm32f1xx_hal_i2c.o
HAL_I2C_Mem_Read_DMA                              build/stm32f1xx_hal_i2c.o
HAL_I2C_Mem_Read_IT                               build/stm32f1xx_hal_i2c.o
HAL_I2C_Mem_Write                                 build/stm32f1xx_hal_i2c.o
HAL_I2C_Mem_Write_DMA                             build/stm32f1xx_hal_i2c.o
HAL_I2C_Mem_Write_IT                              build/stm32f1xx_hal_i2c.o
HAL_I2C_MspDeInit                                 build/i2c.o
HAL_I2C_MspInit                                   build/i2c.o
HAL_I2C_SlaveRxCpltCallback                       build/stm32f1xx_hal_i2c.o
HAL_I2C_SlaveTxCpltCallback                       build/stm32f1xx_hal_i2c.o
HAL_I2C_Slave_Receive                             build/stm32f1xx_hal_i2c.o
HAL_I2C_Slave_Receive_DMA                         build/stm32f1xx_hal_i2c.o
HAL_I2C_Slave_Receive_IT                          build/stm32f1xx_hal_i2c.o
HAL_I2C_Slave_Seq_Receive_DMA                     build/stm32f1xx_hal_i2c.o
HAL_I2C_Slave_Seq_Receive_IT                      build/stm32f1xx_hal_i2c.o
HAL_I2C_Slave_Seq_Transmit_DMA                    build/stm32f1xx_hal_i2c.o
HAL_I2C_Slave_Seq_Transmit_IT                     build/stm32f1xx_hal_i2c.o
HAL_I2C_Slave_Transmit                            build/stm32f1xx_hal_i2c.o
HAL_I2C_Slave_Transmit_DMA                        build/stm32f1xx_hal_i2c.o
HAL_I2C_Slave_Transmit_IT                         build/stm32f1xx_hal_i2c.o
HAL_IncTick                                       build/stm32f1xx_hal.o
                                                  build/stm32f1xx_it.o
HAL_Init                                          build/stm32f1xx_hal.o
                                                  build/main.o
HAL_InitTick                                      build/stm32f1xx_hal.o
                                                  build/stm32f1xx_hal_rcc.o
HAL_LIN_Init                                      build/stm32f1xx_hal_uart.o
HAL_LIN_SendBreak                                 build/stm32f1xx_hal_uart.o
HAL_MspDeInit                                     build/stm32f1xx_hal.o
HAL_MspInit                                       build/stm32f1xx_hal_msp.o
HAL_MultiProcessor_EnterMuteMode                  build/stm32f1xx_hal_uart.o
HAL_MultiProcessor_ExitMuteMode                   build/stm32f1xx_hal_uart.o
HAL_MultiProcessor_Init                           build/stm32f1xx_hal_uart.o
HAL_NVIC_ClearPendingIRQ                          build/stm32f1xx_hal_cortex.o
HAL_NVIC_DisableIRQ                               build/stm32f1xx_hal_cortex.o
                                                  build/usart.o
                                                  build/tim.o
HAL_NVIC_EnableIRQ                                build/stm32f1xx_hal_cortex.o
                                                  build/usart.o
                                                  build/tim.o
HAL_NVIC_GetActive                                build/stm32f1xx_hal_cortex.o
HAL_NVIC_GetPendingIRQ                            build/stm32f1xx_hal_cortex.o
HAL_NVIC_GetPriority                              build/stm32f1xx_hal_cortex.o
HAL_NVIC_GetPriorityGrouping                      build/stm32f1xx_hal_cortex.o
HAL_NVIC_SetPendingIRQ                            build/stm32f1xx_hal_cortex.o
HAL_NVIC_SetPriority                              build/stm32f1xx_hal_cortex.o
                                                  build/stm32f1xx_hal.o
                                                  build/usart.o
                                                  build/tim.o
HAL_NVIC_SetPriorityGrouping                      build/stm32f1xx_hal_cortex.o
                                                  build/stm32f1xx_hal.o
HAL_NVIC_SystemReset                              build/stm32f1xx_hal_cortex.o
                                                  build/stm32f1xx_hal_flash.o
HAL_PWR_ConfigPVD                                 build/stm32f1xx_hal_pwr.o
HAL_PWR_DeInit                                    build/stm32f1xx_hal_pwr.o
HAL_PWR_DisableBkUpAccess                         build/stm32f1xx_hal_pwr.o
HAL_PWR_DisablePVD                                build/stm32f1xx_hal_pwr.o
HAL_PWR_DisableSEVOnPend                          build/stm32f1xx_hal_pwr.o
HAL_PWR_DisableSleepOnExit                        build/stm32f1xx_hal_pwr.o
HAL_PWR_DisableWakeUpPin                          build/stm32f1xx_hal_pwr.o
HAL_PWR_EnableBkUpAccess                          build/stm32f1xx_hal_pwr.o
                                                  build/rtc.o
HAL_PWR_EnablePVD                                 build/stm32f1xx_hal_pwr.o
HAL_PWR_EnableSEVOnPend                           build/stm32f1xx_hal_pwr.o
HAL_PWR_EnableSleepOnExit                         build/stm32f1xx_hal_pwr.o
HAL_PWR_EnableWakeUpPin                           build/stm32f1xx_hal_pwr.o
HAL_PWR_EnterSLEEPMode                            build/stm32f1xx_hal_pwr.o
HAL_PWR_EnterSTANDBYMode                          build/stm32f1xx_hal_pwr.o
HAL_PWR_EnterSTOPMode                             build/stm32f1xx_hal_pwr.o
HAL_PWR_PVDCallback                               build/stm32f1xx_hal_pwr.o
HAL_PWR_PVD_IRQHandler                            build/stm32f1xx_hal_pwr.o
HAL_RCCEx_GetPeriphCLKConfig                      build/stm32f1xx_hal_rcc_ex.o
HAL_RCCEx_GetPeriphCLKFreq                        build/stm32f1xx_hal_rcc_ex.o
                                                  build/stm32f1xx_hal_rtc.o
                                                  build/stm32f1xx_hal_adc_ex.o
                                                  build/stm32f1xx_hal_adc.o
HAL_RCCEx_PeriphCLKConfig                         build/stm32f1xx_hal_rcc_ex.o
                                                  build/main.o
HAL_RCC_CSSCallback                               build/stm32f1xx_hal_rcc.o
HAL_RCC_ClockConfig                               build/stm32f1xx_hal_rcc.o
                                                  build/main.o
HAL_RCC_DeInit                                    build/stm32f1xx_hal_rcc.o
HAL_RCC_DisableCSS                                build/stm32f1xx_hal_rcc.o
HAL_RCC_EnableCSS                                 build/stm32f1xx_hal_rcc.o
HAL_RCC_GetClockConfig                            build/stm32f1xx_hal_rcc.o
HAL_RCC_GetHCLKFreq                               build/stm32f1xx_hal_rcc.o
HAL_RCC_GetOscConfig                              build/stm32f1xx_hal_rcc.o
HAL_RCC_GetPCLK1Freq                              build/stm32f1xx_hal_rcc.o
                                                  build/stm32f1xx_hal_uart.o
                                                  build/stm32f1xx_hal_i2c.o
HAL_RCC_GetPCLK2Freq                              build/stm32f1xx_hal_rcc.o
                                                  build/stm32f1xx_hal_uart.o
                                                  build/stm32f1xx_hal_rcc_ex.o
HAL_RCC_GetSysClockFreq                           build/stm32f1xx_hal_rcc.o
                                                  build/stm32f1xx_hal_rcc_ex.o
HAL_RCC_MCOConfig                                 build/stm32f1xx_hal_rcc.o
HAL_RCC_NMI_IRQHandler                            build/stm32f1xx_hal_rcc.o
HAL_RCC_OscConfig                                 build/stm32f1xx_hal_rcc.o
                                                  build/main.o
HAL_RTCEx_BKUPRead                                build/stm32f1xx_hal_rtc_ex.o
HAL_RTCEx_BKUPWrite                               build/stm32f1xx_hal_rtc_ex.o
HAL_RTCEx_DeactivateSecond                        build/stm32f1xx_hal_rtc_ex.o
HAL_RTCEx_DeactivateTamper                        build/stm32f1xx_hal_rtc_ex.o
HAL_RTCEx_PollForTamper1Event                     build/stm32f1xx_hal_rtc_ex.o
HAL_RTCEx_RTCEventCallback                        build/stm32f1xx_hal_rtc_ex.o
HAL_RTCEx_RTCEventErrorCallback                   build/stm32f1xx_hal_rtc_ex.o
HAL_RTCEx_RTCIRQHandler                           build/stm32f1xx_hal_rtc_ex.o
HAL_RTCEx_SetSecond_IT                            build/stm32f1xx_hal_rtc_ex.o
HAL_RTCEx_SetSmoothCalib                          build/stm32f1xx_hal_rtc_ex.o
HAL_RTCEx_SetTamper                               build/stm32f1xx_hal_rtc_ex.o
HAL_RTCEx_SetTamper_IT                            build/stm32f1xx_hal_rtc_ex.o
HAL_RTCEx_Tamper1EventCallback                    build/stm32f1xx_hal_rtc_ex.o
HAL_RTCEx_TamperIRQHandler                        build/stm32f1xx_hal_rtc_ex.o
HAL_RTC_AlarmAEventCallback                       build/stm32f1xx_hal_rtc.o
HAL_RTC_AlarmIRQHandler                           build/stm32f1xx_hal_rtc.o
HAL_RTC_DeInit                                    build/stm32f1xx_hal_rtc.o
HAL_RTC_DeactivateAlarm                           build/stm32f1xx_hal_rtc.o
HAL_RTC_GetAlarm                                  build/stm32f1xx_hal_rtc.o
HAL_RTC_GetDate                                   build/stm32f1xx_hal_rtc.o
HAL_RTC_GetState                                  build/stm32f1xx_hal_rtc.o
HAL_RTC_GetTime                                   build/stm32f1xx_hal_rtc.o
HAL_RTC_Init                                      build/stm32f1xx_hal_rtc.o
                                                  build/rtc.o
HAL_RTC_MspDeInit                                 build/rtc.o
HAL_RTC_MspInit                                   build/rtc.o
HAL_RTC_PollForAlarmAEvent                        build/stm32f1xx_hal_rtc.o
HAL_RTC_SetAlarm                                  build/stm32f1xx_hal_rtc.o
                                                  build/rtc.o
HAL_RTC_SetAlarm_IT                               build/stm32f1xx_hal_rtc.o
HAL_RTC_SetDate                                   build/stm32f1xx_hal_rtc.o
                                                  build/rtc.o
HAL_RTC_SetTime                                   build/stm32f1xx_hal_rtc.o
                                                  build/rtc.o
HAL_RTC_WaitForSynchro                            build/stm32f1xx_hal_rtc.o
HAL_ResumeTick                                    build/stm32f1xx_hal.o
HAL_SPI_Abort                                     build/stm32f1xx_hal_spi.o
HAL_SPI_AbortCpltCallback                         build/stm32f1xx_hal_spi.o
HAL_SPI_Abort_IT                                  build/stm32f1xx_hal_spi.o
HAL_SPI_DMAPause                                  build/stm32f1xx_hal_spi.o
HAL_SPI_DMAResume                                 build/stm32f1xx_hal_spi.o
HAL_SPI_DMAStop                                   build/stm32f1xx_hal_spi.o
HAL_SPI_DeInit                                    build/stm32f1xx_hal_spi.o
HAL_SPI_ErrorCallback                             build/stm32f1xx_hal_spi.o
HAL_SPI_GetError                                  build/stm32f1xx_hal_spi.o
HAL_SPI_GetState                                  build/stm32f1xx_hal_spi.o
HAL_SPI_IRQHandler                                build/stm32f1xx_hal_spi.o
HAL_SPI_Init                                      build/stm32f1xx_hal_spi.o
                                                  build/spi.o
HAL_SPI_MspDeInit                                 build/spi.o
HAL_SPI_MspInit                                   build/spi.o
HAL_SPI_Receive                                   build/stm32f1xx_hal_spi.o
HAL_SPI_Receive_DMA                               build/stm32f1xx_hal_spi.o
HAL_SPI_Receive_IT                                build/stm32f1xx_hal_spi.o
HAL_SPI_RxCpltCallback                            build/stm32f1xx_hal_spi.o
HAL_SPI_RxHalfCpltCallback                        build/stm32f1xx_hal_spi.o
HAL_SPI_Transmit                                  build/stm32f1xx_hal_spi.o
                                                  build/rc522.o
HAL_SPI_TransmitReceive                           build/stm32f1xx_hal_spi.o
                                                  build/rc522.o
HAL_SPI_TransmitReceive_DMA                       build/stm32f1xx_hal_spi.o
HAL_SPI_TransmitReceive_IT                        build/stm32f1xx_hal_spi.o
HAL_SPI_Transmit_DMA                              build/stm32f1xx_hal_spi.o
HAL_SPI_Transmit_IT                               build/stm32f1xx_hal_spi.o
HAL_SPI_TxCpltCallback                            build/stm32f1xx_hal_spi.o
HAL_SPI_TxHalfCpltCallback                        build/stm32f1xx_hal_spi.o
HAL_SPI_TxRxCpltCallback                          build/stm32f1xx_hal_spi.o
HAL_SPI_TxRxHalfCpltCallback                      build/stm32f1xx_hal_spi.o
HAL_SYSTICK_CLKSourceConfig                       build/stm32f1xx_hal_cortex.o
HAL_SYSTICK_Callback                              build/stm32f1xx_hal_cortex.o
HAL_SYSTICK_Config                                build/stm32f1xx_hal_cortex.o
                                                  build/stm32f1xx_hal.o
HAL_SYSTICK_IRQHandler                            build/stm32f1xx_hal_cortex.o
HAL_SetTickFreq                                   build/stm32f1xx_hal.o
HAL_SuspendTick                                   build/stm32f1xx_hal.o
HAL_TIMEx_BreakCallback                           build/stm32f1xx_hal_tim_ex.o
                                                  build/stm32f1xx_hal_tim.o
HAL_TIMEx_CommutCallback                          build/stm32f1xx_hal_tim_ex.o
                                                  build/stm32f1xx_hal_tim.o
HAL_TIMEx_CommutHalfCpltCallback                  build/stm32f1xx_hal_tim_ex.o
HAL_TIMEx_ConfigBreakDeadTime                     build/stm32f1xx_hal_tim_ex.o
HAL_TIMEx_ConfigCommutEvent                       build/stm32f1xx_hal_tim_ex.o
HAL_TIMEx_ConfigCommutEvent_DMA                   build/stm32f1xx_hal_tim_ex.o
HAL_TIMEx_ConfigCommutEvent_IT                    build/stm32f1xx_hal_tim_ex.o
HAL_TIMEx_GetChannelNState                        build/stm32f1xx_hal_tim_ex.o
HAL_TIMEx_HallSensor_DeInit                       build/stm32f1xx_hal_tim_ex.o
HAL_TIMEx_HallSensor_GetState                     build/stm32f1xx_hal_tim_ex.o
HAL_TIMEx_HallSensor_Init                         build/stm32f1xx_hal_tim_ex.o
HAL_TIMEx_HallSensor_MspDeInit                    build/stm32f1xx_hal_tim_ex.o
HAL_TIMEx_HallSensor_MspInit                      build/stm32f1xx_hal_tim_ex.o
HAL_TIMEx_HallSensor_Start                        build/stm32f1xx_hal_tim_ex.o
HAL_TIMEx_HallSensor_Start_DMA                    build/stm32f1xx_hal_tim_ex.o
HAL_TIMEx_HallSensor_Start_IT                     build/stm32f1xx_hal_tim_ex.o
HAL_TIMEx_HallSensor_Stop                         build/stm32f1xx_hal_tim_ex.o
HAL_TIMEx_HallSensor_Stop_DMA                     build/stm32f1xx_hal_tim_ex.o
HAL_TIMEx_HallSensor_Stop_IT                      build/stm32f1xx_hal_tim_ex.o
HAL_TIMEx_MasterConfigSynchronization             build/stm32f1xx_hal_tim_ex.o
                                                  build/tim.o
HAL_TIMEx_OCN_Start                               build/stm32f1xx_hal_tim_ex.o
HAL_TIMEx_OCN_Start_DMA                           build/stm32f1xx_hal_tim_ex.o
HAL_TIMEx_OCN_Start_IT                            build/stm32f1xx_hal_tim_ex.o
HAL_TIMEx_OCN_Stop                                build/stm32f1xx_hal_tim_ex.o
HAL_TIMEx_OCN_Stop_DMA                            build/stm32f1xx_hal_tim_ex.o
HAL_TIMEx_OCN_Stop_IT                             build/stm32f1xx_hal_tim_ex.o
HAL_TIMEx_OnePulseN_Start                         build/stm32f1xx_hal_tim_ex.o
HAL_TIMEx_OnePulseN_Start_IT                      build/stm32f1xx_hal_tim_ex.o
HAL_TIMEx_OnePulseN_Stop                          build/stm32f1xx_hal_tim_ex.o
HAL_TIMEx_OnePulseN_Stop_IT                       build/stm32f1xx_hal_tim_ex.o
HAL_TIMEx_PWMN_Start                              build/stm32f1xx_hal_tim_ex.o
HAL_TIMEx_PWMN_Start_DMA                          build/stm32f1xx_hal_tim_ex.o
HAL_TIMEx_PWMN_Start_IT                           build/stm32f1xx_hal_tim_ex.o
HAL_TIMEx_PWMN_Stop                               build/stm32f1xx_hal_tim_ex.o
HAL_TIMEx_PWMN_Stop_DMA                           build/stm32f1xx_hal_tim_ex.o
HAL_TIMEx_PWMN_Stop_IT                            build/stm32f1xx_hal_tim_ex.o
HAL_TIMEx_RemapConfig                             build/stm32f1xx_hal_tim_ex.o
HAL_TIM_Base_DeInit                               build/stm32f1xx_hal_tim.o
HAL_TIM_Base_GetState                             build/stm32f1xx_hal_tim.o
HAL_TIM_Base_Init                                 build/stm32f1xx_hal_tim.o
                                                  build/tim.o
HAL_TIM_Base_MspDeInit                            build/tim.o
HAL_TIM_Base_MspInit                              build/tim.o
HAL_TIM_Base_Start                                build/stm32f1xx_hal_tim.o
HAL_TIM_Base_Start_DMA                            build/stm32f1xx_hal_tim.o
HAL_TIM_Base_Start_IT                             build/stm32f1xx_hal_tim.o
                                                  build/main.o
HAL_TIM_Base_Stop                                 build/stm32f1xx_hal_tim.o
                                                  build/main.o
HAL_TIM_Base_Stop_DMA                             build/stm32f1xx_hal_tim.o
HAL_TIM_Base_Stop_IT                              build/stm32f1xx_hal_tim.o
                                                  build/sim4g_lte.o
HAL_TIM_ConfigClockSource                         build/stm32f1xx_hal_tim.o
                                                  build/tim.o
HAL_TIM_ConfigOCrefClear                          build/stm32f1xx_hal_tim.o
HAL_TIM_ConfigTI1Input                            build/stm32f1xx_hal_tim.o
HAL_TIM_DMABurstState                             build/stm32f1xx_hal_tim.o
HAL_TIM_DMABurst_MultiReadStart                   build/stm32f1xx_hal_tim.o
HAL_TIM_DMABurst_MultiWriteStart                  build/stm32f1xx_hal_tim.o
HAL_TIM_DMABurst_ReadStart                        build/stm32f1xx_hal_tim.o
HAL_TIM_DMABurst_ReadStop                         build/stm32f1xx_hal_tim.o
HAL_TIM_DMABurst_WriteStart                       build/stm32f1xx_hal_tim.o
HAL_TIM_DMABurst_WriteStop                        build/stm32f1xx_hal_tim.o
HAL_TIM_Encoder_DeInit                            build/stm32f1xx_hal_tim.o