Archive member included to satisfy reference by file (symbol)

d:/10 2021.10/bin/../lib/gcc/arm-none-eabi/10.3.1/../../../../arm-none-eabi/lib/thumb/v7-m/nofp\libc_nano.a(lib_a-atof.o)
                              build/gnss.o (atof)
d:/10 2021.10/bin/../lib/gcc/arm-none-eabi/10.3.1/../../../../arm-none-eabi/lib/thumb/v7-m/nofp\libc_nano.a(lib_a-exit.o)
                              d:/10 2021.10/bin/../lib/gcc/arm-none-eabi/10.3.1/../../../../arm-none-eabi/lib/thumb/v7-m/nofp/crt0.o (exit)
d:/10 2021.10/bin/../lib/gcc/arm-none-eabi/10.3.1/../../../../arm-none-eabi/lib/thumb/v7-m/nofp\libc_nano.a(lib_a-impure.o)
                              d:/10 2021.10/bin/../lib/gcc/arm-none-eabi/10.3.1/../../../../arm-none-eabi/lib/thumb/v7-m/nofp\libc_nano.a(lib_a-exit.o) (_global_impure_ptr)
d:/10 2021.10/bin/../lib/gcc/arm-none-eabi/10.3.1/../../../../arm-none-eabi/lib/thumb/v7-m/nofp\libc_nano.a(lib_a-init.o)
                              d:/10 2021.10/bin/../lib/gcc/arm-none-eabi/10.3.1/../../../../arm-none-eabi/lib/thumb/v7-m/nofp/crt0.o (__libc_init_array)
d:/10 2021.10/bin/../lib/gcc/arm-none-eabi/10.3.1/../../../../arm-none-eabi/lib/thumb/v7-m/nofp\libc_nano.a(lib_a-memcpy-stub.o)
                              build/sim4g_lte.o (memcpy)
d:/10 2021.10/bin/../lib/gcc/arm-none-eabi/10.3.1/../../../../arm-none-eabi/lib/thumb/v7-m/nofp\libc_nano.a(lib_a-memset.o)
                              d:/10 2021.10/bin/../lib/gcc/arm-none-eabi/10.3.1/../../../../arm-none-eabi/lib/thumb/v7-m/nofp/crt0.o (memset)
d:/10 2021.10/bin/../lib/gcc/arm-none-eabi/10.3.1/../../../../arm-none-eabi/lib/thumb/v7-m/nofp\libc_nano.a(lib_a-sprintf.o)
                              build/main.o (sprintf)
d:/10 2021.10/bin/../lib/gcc/arm-none-eabi/10.3.1/../../../../arm-none-eabi/lib/thumb/v7-m/nofp\libc_nano.a(lib_a-sscanf.o)
                              build/gnss.o (sscanf)
d:/10 2021.10/bin/../lib/gcc/arm-none-eabi/10.3.1/../../../../arm-none-eabi/lib/thumb/v7-m/nofp\libc_nano.a(lib_a-stdio.o)
                              d:/10 2021.10/bin/../lib/gcc/arm-none-eabi/10.3.1/../../../../arm-none-eabi/lib/thumb/v7-m/nofp\libc_nano.a(lib_a-sscanf.o) (__seofread)
d:/10 2021.10/bin/../lib/gcc/arm-none-eabi/10.3.1/../../../../arm-none-eabi/lib/thumb/v7-m/nofp\libc_nano.a(lib_a-strchr.o)
                              build/mqtt.o (strchr)
d:/10 2021.10/bin/../lib/gcc/arm-none-eabi/10.3.1/../../../../arm-none-eabi/lib/thumb/v7-m/nofp\libc_nano.a(lib_a-strcmp.o)
                              build/main.o (strcmp)
d:/10 2021.10/bin/../lib/gcc/arm-none-eabi/10.3.1/../../../../arm-none-eabi/lib/thumb/v7-m/nofp\libc_nano.a(lib_a-strcpy.o)
                              build/main.o (strcpy)
d:/10 2021.10/bin/../lib/gcc/arm-none-eabi/10.3.1/../../../../arm-none-eabi/lib/thumb/v7-m/nofp\libc_nano.a(lib_a-strlen.o)
                              build/main.o (strlen)
d:/10 2021.10/bin/../lib/gcc/arm-none-eabi/10.3.1/../../../../arm-none-eabi/lib/thumb/v7-m/nofp\libc_nano.a(lib_a-strncpy.o)
                              build/mqtt.o (strncpy)
d:/10 2021.10/bin/../lib/gcc/arm-none-eabi/10.3.1/../../../../arm-none-eabi/lib/thumb/v7-m/nofp\libc_nano.a(lib_a-strstr.o)
                              build/main.o (strstr)
d:/10 2021.10/bin/../lib/gcc/arm-none-eabi/10.3.1/../../../../arm-none-eabi/lib/thumb/v7-m/nofp\libc_nano.a(lib_a-strtod.o)
                              d:/10 2021.10/bin/../lib/gcc/arm-none-eabi/10.3.1/../../../../arm-none-eabi/lib/thumb/v7-m/nofp\libc_nano.a(lib_a-atof.o) (strtod)
d:/10 2021.10/bin/../lib/gcc/arm-none-eabi/10.3.1/../../../../arm-none-eabi/lib/thumb/v7-m/nofp\libc_nano.a(lib_a-writer.o)
                              d:/10 2021.10/bin/../lib/gcc/arm-none-eabi/10.3.1/../../../../arm-none-eabi/lib/thumb/v7-m/nofp\libc_nano.a(lib_a-stdio.o) (_write_r)
d:/10 2021.10/bin/../lib/gcc/arm-none-eabi/10.3.1/../../../../arm-none-eabi/lib/thumb/v7-m/nofp\libc_nano.a(lib_a-closer.o)
                              d:/10 2021.10/bin/../lib/gcc/arm-none-eabi/10.3.1/../../../../arm-none-eabi/lib/thumb/v7-m/nofp\libc_nano.a(lib_a-stdio.o) (_close_r)
d:/10 2021.10/bin/../lib/gcc/arm-none-eabi/10.3.1/../../../../arm-none-eabi/lib/thumb/v7-m/nofp\libc_nano.a(lib_a-gdtoa-gethex.o)
                              d:/10 2021.10/bin/../lib/gcc/arm-none-eabi/10.3.1/../../../../arm-none-eabi/lib/thumb/v7-m/nofp\libc_nano.a(lib_a-strtod.o) (__gethex)
d:/10 2021.10/bin/../lib/gcc/arm-none-eabi/10.3.1/../../../../arm-none-eabi/lib/thumb/v7-m/nofp\libc_nano.a(lib_a-gdtoa-hexnan.o)
                              d:/10 2021.10/bin/../lib/gcc/arm-none-eabi/10.3.1/../../../../arm-none-eabi/lib/thumb/v7-m/nofp\libc_nano.a(lib_a-strtod.o) (__match)
d:/10 2021.10/bin/../lib/gcc/arm-none-eabi/10.3.1/../../../../arm-none-eabi/lib/thumb/v7-m/nofp\libc_nano.a(lib_a-lnumeric.o)
                              d:/10 2021.10/bin/../lib/gcc/arm-none-eabi/10.3.1/../../../../arm-none-eabi/lib/thumb/v7-m/nofp\libc_nano.a(lib_a-strtod.o) (_C_numeric_locale)
[...]
Memory Configuration

Name             Origin             Length             Attributes
RAM              0x20000000         0x0000c000         xrw
FLASH            0x08000000         0x00040000         xr
*default*        0x00000000         0xffffffff

Linker script and memory map

LOAD d:/10 2021.10/bin/../lib/gcc/arm-none-eabi/10.3.1/thumb/v7-m/nofp/crti.o
LOAD d:/10 2021.10/bin/../lib/gcc/arm-none-eabi/10.3.1/thumb/v7-m/nofp/crtbegin.o
LOAD d:/10 2021.10/bin/../lib/gcc/arm-none-eabi/10.3.1/../../../../arm-none-eabi/lib/thumb/v7-m/nofp/crt0.o
LOAD build/main.o
LOAD build/gpio.o
LOAD build/adc.o
LOAD build/i2c.o
LOAD build/rtc.o
LOAD build/spi.o
LOAD build/debug.o
LOAD build/gnss.o
LOAD build/rc522.o
LOAD build/sim4g_lte.o
LOAD build/sensors.o
LOAD build/mqtt.o
LOAD build/user_diskio.o
LOAD build/fatfs_sd.o
LOAD build/flash.o
LOAD build/fonts.o
LOAD build/ssd1306.o
LOAD build/tim.o
LOAD build/usart.o
LOAD build/stm32f1xx_it.o
LOAD build/stm32f1xx_hal_msp.o
LOAD build/stm32f1xx_hal_gpio_ex.o
LOAD build/stm32f1xx_hal_adc.o
LOAD build/stm32f1xx_hal_adc_ex.o
LOAD build/stm32f1xx_hal.o
LOAD build/stm32f1xx_hal_rcc.o
LOAD build/stm32f1xx_hal_rcc_ex.o
LOAD build/stm32f1xx_hal_gpio.o
LOAD build/stm32f1xx_hal_dma.o
LOAD build/stm32f1xx_hal_cortex.o
LOAD build/stm32f1xx_hal_pwr.o
LOAD build/stm32f1xx_hal_flash.o
LOAD build/stm32f1xx_hal_flash_ex.o
LOAD build/stm32f1xx_hal_exti.o
LOAD build/stm32f1xx_hal_i2c.o
LOAD build/stm32f1xx_hal_rtc.o
LOAD build/stm32f1xx_hal_rtc_ex.o
LOAD build/stm32f1xx_hal_spi.o
LOAD build/stm32f1xx_hal_tim.o
LOAD build/stm32f1xx_hal_tim_ex.o
LOAD build/stm32f1xx_hal_uart.o
LOAD build/system_stm32f1xx.o
LOAD build/fatfs.o
LOAD build/diskio.o
LOAD build/ff.o
LOAD build/ff_gen_drv.o
LOAD build/syscall.o
LOAD build/ccsbcs.o
LOAD build/startup_stm32f103xe.o
LOAD d:/10 2021.10/bin/../lib/gcc/arm-none-eabi/10.3.1/../../../../arm-none-eabi/lib/thumb/v7-m/nofp\libc_nano.a
LOAD d:/10 2021.10/bin/../lib/gcc/arm-none-eabi/10.3.1/../../../../arm-none-eabi/lib/thumb/v7-m/nofp\libm.a
LOAD d:/10 2021.10/bin/../lib/gcc/arm-none-eabi/10.3.1/../../../../arm-none-eabi/lib/thumb/v7-m/nofp\libnosys.a
START GROUP
LOAD d:/10 2021.10/bin/../lib/gcc/arm-none-eabi/10.3.1/thumb/v7-m/nofp\libgcc.a
LOAD d:/10 2021.10/bin/../lib/gcc/arm-none-eabi/10.3.1/../../../../arm-none-eabi/lib/thumb/v7-m/nofp\libc_nano.a
END GROUP
START GROUP
LOAD d:/10 2021.10/bin/../lib/gcc/arm-none-eabi/10.3.1/thumb/v7-m/nofp\libgcc.a
LOAD d:/10 2021.10/bin/../lib/gcc/arm-none-eabi/10.3.1/../../../../arm-none-eabi/lib/thumb/v7-m/nofp\libc_nano.a
END GROUP
LOAD d:/10 2021.10/bin/../lib/gcc/arm-none-eabi/10.3.1/thumb/v7-m/nofp/crtend.o
LOAD d:/10 2021.10/bin/../lib/gcc/arm-none-eabi/10.3.1/thumb/v7-m/nofp/crtn.o
                0x2000c000                _estack = (ORIGIN (RAM) + LENGTH (RAM))
                0x00000200                _Min_Heap_Size = 0x200
                0x00000400                _Min_Stack_Size = 0x400

.isr_vector     0x08000000      0x1e4
                0x08000000                . = ALIGN (0x4)
 *(.isr_vector)
 .isr_vector    0x08000000      0x1e4 build/startup_stm32f103xe.o
                0x08000000                g_pfnVectors
                0x080001e4                . = ALIGN (0x4)

.text           0x080001e8     0xe204
                0x080001e8                . = ALIGN (0x4)
 *(.text)
 .text          0x080001e8       0x40 d:/10 2021.10/bin/../lib/gcc/arm-none-eabi/10.3.1/thumb/v7-m/nofp/crtbegin.o
 .text          0x08000228       0x14 d:/10 2021.10/bin/../lib/gcc/arm-none-eabi/10.3.1/../../../../arm-none-eabi/lib/thumb/v7-m/nofp\libc_nano.a(lib_a-strcmp.o)
                0x08000228                strcmp
 .text          0x0800023c       0x10 d:/10 2021.10/bin/../lib/gcc/arm-none-eabi/10.3.1/../../../../arm-none-eabi/lib/thumb/v7-m/nofp\libc_nano.a(lib_a-strlen.o)
                0x0800023c                strlen
 .text          0x0800024c      0x378 d:/10 2021.10/bin/../lib/gcc/arm-none-eabi/10.3.1/thumb/v7-m/nofp\libgcc.a(_arm_addsubdf3.o)
                0x0800024c                __aeabi_drsub
                0x08000254                __aeabi_dsub
                0x08000254                __subdf3
                0x08000258                __aeabi_dadd
                0x08000258                __adddf3
                0x080004d0                __floatunsidf
                0x080004d0                __aeabi_ui2d
                0x080004f0                __floatsidf
                0x080004f0                __aeabi_i2d
                0x08000514                __aeabi_f2d
                0x08000514                __extendsfdf2
                0x08000558                __floatundidf
                0x08000558                __aeabi_ul2d
                0x08000568                __floatdidf
                0x08000568                __aeabi_l2d
 .text          0x080005c4      0x424 d:/10 2021.10/bin/../lib/gcc/arm-none-eabi/10.3.1/thumb/v7-m/nofp\libgcc.a(_arm_muldivdf3.o)
                0x080005c4                __aeabi_dmul
                0x080005c4                __muldf3
                0x08000818                __divdf3
                0x08000818                __aeabi_ddiv
 .text          0x080009e8      0x110 d:/10 2021.10/bin/../lib/gcc/arm-none-eabi/10.3.1/thumb/v7-m/nofp\libgcc.a(_arm_cmpdf2.o)
                0x080009e8                __gtdf2
                0x080009e8                __gedf2
                0x080009f0                __ltdf2
                0x080009f0                __ledf2
                0x080009f8                __nedf2
                0x080009f8                __eqdf2
                0x080009f8                __cmpdf2
                0x08000a74                __aeabi_cdrcmple
                0x08000a84                __aeabi_cdcmpeq
                0x08000a84                __aeabi_cdcmple
                0x08000a94                __aeabi_dcmpeq
                0x08000aa8                __aeabi_dcmplt
                0x08000abc                __aeabi_dcmple
                0x08000ad0                __aeabi_dcmpge
                0x08000ae4                __aeabi_dcmpgt
 .text          0x08000af8       0x2c d:/10 2021.10/bin/../lib/gcc/arm-none-eabi/10.3.1/thumb/v7-m/nofp\libgcc.a(_arm_unorddf2.o)
                0x08000af8                __unorddf2
                0x08000af8                __aeabi_dcmpun
 .text          0x08000b24       0x50 d:/10 2021.10/bin/../lib/gcc/arm-none-eabi/10.3.1/thumb/v7-m/nofp\libgcc.a(_arm_fixdfsi.o)
                0x08000b24                __aeabi_d2iz
                0x08000b24                __fixdfsi
 .text          0x08000b74       0x40 d:/10 2021.10/bin/../lib/gcc/arm-none-eabi/10.3.1/thumb/v7-m/nofp\libgcc.a(_arm_fixunsdfsi.o)
                0x08000b74                __aeabi_d2uiz
                0x08000b74                __fixunsdfsi
 .text          0x08000bb4       0xa0 d:/10 2021.10/bin/../lib/gcc/arm-none-eabi/10.3.1/thumb/v7-m/nofp\libgcc.a(_arm_truncdfsf2.o)
                0x08000bb4                __truncdfsf2
                0x08000bb4                __aeabi_d2f
 .text          0x08000c54      0x21c d:/10 2021.10/bin/../lib/gcc/arm-none-eabi/10.3.1/thumb/v7-m/nofp\libgcc.a(_arm_addsubsf3.o)
                0x08000c54                __aeabi_frsub
                0x08000c5c                __subsf3
                0x08000c5c                __aeabi_fsub
                0x08000c60                __aeabi_fadd
                0x08000c60                __addsf3
                0x08000dc0                __aeabi_ui2f
                0x08000dc0                __floatunsisf
                0x08000dc8                __aeabi_i2f
                0x08000dc8                __floatsisf
                0x08000de4                __aeabi_ul2f
                0x08000de4                __floatundisf
                0x08000df4                __aeabi_l2f
                0x08000df4                __floatdisf
 .text          0x08000e70      0x2a0 d:/10 2021.10/bin/../lib/gcc/arm-none-eabi/10.3.1/thumb/v7-m/nofp\libgcc.a(_arm_muldivsf3.o)
                0x08000e70                __mulsf3
                0x08000e70                __aeabi_fmul
                0x08000fd8                __aeabi_fdiv
                0x08000fd8                __divsf3
 .text          0x08001110       0x4c d:/10 2021.10/bin/../lib/gcc/arm-none-eabi/10.3.1/thumb/v7-m/nofp\libgcc.a(_arm_fixsfsi.o)
                0x08001110                __aeabi_f2iz
                0x08001110                __fixsfsi
 .text          0x0800115c       0x34 d:/10 2021.10/bin/../lib/gcc/arm-none-eabi/10.3.1/thumb/v7-m/nofp\libgcc.a(_fixdfdi.o)
                0x0800115c                __fixdfdi
                0x0800115c                __aeabi_d2lz
 .text          0x08001190       0x3c d:/10 2021.10/bin/../lib/gcc/arm-none-eabi/10.3.1/thumb/v7-m/nofp\libgcc.a(_fixunsdfdi.o)
                0x08001190                __fixunsdfdi
                0x08001190                __aeabi_d2ulz
 *(.text*)
 .text.rs232_logdata
                0x080011cc       0x1c build/main.o
                0x080011cc                rs232_logdata
 .text.buzzer   0x080011e8       0x28 build/main.o
                0x080011e8                buzzer
 .text.set_timer
                0x08001210       0x18 build/main.o
                0x08001210                set_timer
 .text.HAL_RTC_AlarmAEventCallback
                0x08001228       0x1c build/main.o
                0x08001228                HAL_RTC_AlarmAEventCallback
 .text.HAL_UART_RxCpltCallback
                0x08001244       0x64 build/main.o
                0x08001244                HAL_UART_RxCpltCallback
 .text.HAL_TIM_PeriodElapsedCallback
                0x080012a8       0xe8 build/main.o
                0x080012a8                HAL_TIM_PeriodElapsedCallback
 .text.Error_Handler
                0x08001390        0x4 build/main.o
                0x08001390                Error_Handler
 .text.set_alarm
                0x08001394       0x3c build/main.o
                0x08001394                set_alarm
 .text.SystemClock_Config
                0x080013d0       0x90 build/main.o
                0x080013d0                SystemClock_Config
 .text.main     0x08001460      0x984 build/main.o
                0x08001460                main
 .text.MX_GPIO_Init
                0x08001de4      0x110 build/gpio.o
                0x08001de4                MX_GPIO_Init
 .text.MX_ADC1_Init
                0x08001ef4       0x5c build/adc.o
                0x08001ef4                MX_ADC1_Init
 .text.MX_ADC2_Init
                0x08001f50       0x5c build/adc.o
                0x08001f50                MX_ADC2_Init
 .text.HAL_ADC_MspInit
                0x08001fac       0xa4 build/adc.o
                0x08001fac                HAL_ADC_MspInit
 .text.MX_I2C1_Init
                0x08002050       0x3c build/i2c.o
                0x08002050                MX_I2C1_Init
 .text.HAL_I2C_MspInit
                0x0800208c       0x64 build/i2c.o
                0x0800208c                HAL_I2C_MspInit
 .text.MX_RTC_Init
                0x080020f0       0xa8 build/rtc.o
                0x080020f0                MX_RTC_Init
 .text.HAL_RTC_MspInit
                0x08002198       0x50 build/rtc.o
                0x08002198                HAL_RTC_MspInit
 .text.MX_SPI1_Init
                0x080021e8       0x44 build/spi.o
                0x080021e8                MX_SPI1_Init
 .text.MX_SPI2_Init
                0x0800222c       0x40 build/spi.o
                0x0800222c                MX_SPI2_Init
 .text.MX_SPI3_Init
                0x0800226c       0x44 build/spi.o
                0x0800226c                MX_SPI3_Init
 .text.HAL_SPI_MspInit
                0x080022b0      0x134 build/spi.o
                0x080022b0                HAL_SPI_MspInit
 .text.log_data
                0x080023e4       0x1c build/debug.o
                0x080023e4                log_data
 .text.reverse  0x08002400       0x1c build/gnss.o
                0x08002400                reverse
 .text.intToStr
                0x0800241c       0x54 build/gnss.o
                0x0800241c                intToStr
 .text.ftoa     0x08002470       0x74 build/gnss.o
                0x08002470                ftoa
 .text.l70_init
                0x080024e4       0x58 build/gnss.o
                0x080024e4                l70_init
 .text.l70_callback
                0x0800253c       0x90 build/gnss.o
                0x0800253c                l70_callback
 .text.l70_receiveGPS
                0x080025cc       0x40 build/gnss.o
                0x080025cc                l70_receiveGPS
 .text.minuteTodegree
                0x0800260c       0x70 build/gnss.o
                0x0800260c                minuteTodegree
 *fill*         0x0800267c        0x4 
 .text.l70_handleGPS
                0x08002680      0x21c build/gnss.o
                0x08002680                l70_handleGPS
 .text.rc522_writeRegister
                0x0800289c       0x44 build/rc522.o
                0x0800289c                rc522_writeRegister
 .text.rc522_readRegister
                0x080028e0       0x70 build/rc522.o
                0x080028e0                rc522_readRegister
 .text.rc522_reset
                0x08002950        0xc build/rc522.o
                0x08002950                rc522_reset
 .text.rc522_setBitMask
                0x0800295c       0x18 build/rc522.o
                0x0800295c                rc522_setBitMask
 .text.rc522_clearBitMask
                0x08002974       0x18 build/rc522.o
                0x08002974                rc522_clearBitMask
 .text.rc522_controlAntenna
                0x0800298c       0x2a build/rc522.o
                0x0800298c                rc522_controlAntenna
 .text.rc522_init
                0x080029b6       0x46 build/rc522.o
                0x080029b6                rc522_init
 .text.rc522_toCard
                0x080029fc      0x110 build/rc522.o
                0x080029fc                rc522_toCard
 .text.rc522_request
                0x08002b0c       0x38 build/rc522.o
                0x08002b0c                rc522_request
 .text.rc522_anticoll
                0x08002b44       0x4c build/rc522.o
                0x08002b44                rc522_anticoll
 .text.rc522_calculateCRC
                0x08002b90       0x5c build/rc522.o
                0x08002b90                rc522_calculateCRC
 .text.rc522_halt
                0x08002bec       0x34 build/rc522.o
                0x08002bec                rc522_halt
 .text.rc522_check
                0x08002c20       0x22 build/rc522.o
                0x08002c20                rc522_check
 *fill*         0x08002c42        0x2 
 .text.sim7672_sendcmd_notresp
                0x08002c44       0x1c build/sim4g_lte.o
                0x08002c44                sim7672_sendcmd_notresp
 .text.sim7672_send_command
                0x08002c60       0xcc build/sim4g_lte.o
                0x08002c60                sim7672_send_command
 .text.sim7672_callback
                0x08002d2c       0x5c build/sim4g_lte.o
                0x08002d2c                sim7672_callback
 .text.sim7672_errorHandle
                0x08002d88       0x10 build/sim4g_lte.o
                0x08002d88                sim7672_errorHandle
 .text.sim7672_sendSMS
                0x08002d98       0x80 build/sim4g_lte.o
                0x08002d98                sim7672_sendSMS
 .text.delay    0x08002e18       0x14 build/sensors.o
                0x08002e18                delay
 .text.Set_Pin_Output
                0x08002e2c       0x24 build/sensors.o
                0x08002e2c                Set_Pin_Output
 .text.Set_Pin_Input
                0x08002e50       0x20 build/sensors.o
                0x08002e50                Set_Pin_Input
 .text.DS18B20_Start
                0x08002e70       0x44 build/sensors.o
                0x08002e70                DS18B20_Start
 .text.DS18B20_Write
                0x08002eb4       0x74 build/sensors.o
                0x08002eb4                DS18B20_Write
 .text.DS18B20_Read
                0x08002f28       0x5c build/sensors.o
                0x08002f28                DS18B20_Read
 .text.DS18B20_Result
                0x08002f84       0x68 build/sensors.o
                0x08002f84                DS18B20_Result
 .text.mqtt_pub
                0x08002fec      0x11c build/mqtt.o
                0x08002fec                mqtt_pub
 .text.USER_initialize
                0x08003108        0x8 build/user_diskio.o
                0x08003108                USER_initialize
 .text.USER_status
                0x08003110        0x8 build/user_diskio.o
                0x08003110                USER_status
 .text.USER_read
                0x08003118        0x8 build/user_diskio.o
                0x08003118                USER_read
 .text.USER_write
                0x08003120        0x8 build/user_diskio.o
                0x08003120                USER_write
 .text.USER_ioctl
                0x08003128        0x8 build/user_diskio.o
                0x08003128                USER_ioctl
 .text.SD_PowerOff
                0x08003130        0xc build/fatfs_sd.o
 .text.SD_CheckPower
                0x0800313c        0xc build/fatfs_sd.o
 .text.SPI_TxByte
                0x08003148       0x2c build/fatfs_sd.o
 .text.SELECT   0x08003174       0x14 build/fatfs_sd.o
 .text.DESELECT
                0x08003188       0x14 build/fatfs_sd.o
 .text.SPI_RxByte
                0x0800319c       0x40 build/fatfs_sd.o
 .text.SD_PowerOn
                0x080031dc       0x7c build/fatfs_sd.o
 .text.SD_ReadyWait
                0x08003258       0x24 build/fatfs_sd.o
 .text.SD_SendCmd
                0x0800327c       0x6a build/fatfs_sd.o
 .text.SPI_RxBytePtr
                0x080032e6        0xc build/fatfs_sd.o
 *fill*         0x080032f2        0x2 
 .text.SD_RxDataBlock
                0x080032f4       0x48 build/fatfs_sd.o
 .text.SD_TxDataBlock
                0x0800333c       0x6e build/fatfs_sd.o
 *fill*         0x080033aa        0x2 
 .text.SD_disk_initialize
                0x080033ac      0x184 build/fatfs_sd.o
                0x080033ac                SD_disk_initialize
 .text.SD_disk_status
                0x08003530       0x14 build/fatfs_sd.o
                0x08003530                SD_disk_status
 .text.SD_disk_read
                0x08003544       0x98 build/fatfs_sd.o
                0x08003544                SD_disk_read
 .text.SD_disk_write
                0x080035dc       0xc4 build/fatfs_sd.o
                0x080035dc                SD_disk_write
 .text.SD_disk_ioctl
                0x080036a0      0x184 build/fatfs_sd.o
                0x080036a0                SD_disk_ioctl
 .text.SSD1306_Fill
                0x08003824       0x1c build/ssd1306.o
                0x08003824                SSD1306_Fill
 .text.SSD1306_DrawPixel
                0x08003840       0x54 build/ssd1306.o
                0x08003840                SSD1306_DrawPixel
 .text.SSD1306_DrawBitmap
                0x08003894       0x94 build/ssd1306.o
                0x08003894                SSD1306_DrawBitmap
 .text.SSD1306_GotoXY
                0x08003928        0xc build/ssd1306.o
                0x08003928                SSD1306_GotoXY
 .text.SSD1306_Putc
                0x08003934       0x9c build/ssd1306.o
                0x08003934                SSD1306_Putc
 .text.SSD1306_Puts
                0x080039d0       0x22 build/ssd1306.o
                0x080039d0                SSD1306_Puts
 *fill*         0x080039f2        0x2 
 .text.ssd1306_I2C_WriteMulti
                0x080039f4       0x48 build/ssd1306.o
                0x080039f4                ssd1306_I2C_WriteMulti
 .text.ssd1306_I2C_Write
                0x08003a3c       0x28 build/ssd1306.o
                0x08003a3c                ssd1306_I2C_Write
 .text.SSD1306_UpdateScreen
                0x08003a64       0x48 build/ssd1306.o
                0x08003a64                SSD1306_UpdateScreen
 .text.SSD1306_Clear
                0x08003aac        0xe build/ssd1306.o
                0x08003aac                SSD1306_Clear
 *fill*         0x08003aba        0x2 
 .text.SSD1306_Init
                0x08003abc      0x168 build/ssd1306.o
                0x08003abc                SSD1306_Init
 .text.MX_TIM1_Init
                0x08003c24       0x70 build/tim.o
                0x08003c24                MX_TIM1_Init
 .text.MX_TIM2_Init
                0x08003c94       0x70 build/tim.o
                0x08003c94                MX_TIM2_Init
 .text.MX_TIM3_Init
                0x08003d04       0x70 build/tim.o
                0x08003d04                MX_TIM3_Init
 .text.HAL_TIM_Base_MspInit
                0x08003d74       0x90 build/tim.o
                0x08003d74                HAL_TIM_Base_MspInit
 .text.MX_UART4_Init
                0x08003e04       0x34 build/usart.o
                0x08003e04                MX_UART4_Init
 .text.MX_UART5_Init
                0x08003e38       0x34 build/usart.o
                0x08003e38                MX_UART5_Init
 .text.MX_USART1_UART_Init
                0x08003e6c       0x34 build/usart.o
                0x08003e6c                MX_USART1_UART_Init
 .text.MX_USART2_UART_Init
                0x08003ea0       0x34 build/usart.o
                0x08003ea0                MX_USART2_UART_Init
 .text.HAL_UART_MspInit
                0x08003ed4      0x1d8 build/usart.o
                0x08003ed4                HAL_UART_MspInit
 .text.SDTimer_Handler
                0x080040ac       0x34 build/stm32f1xx_it.o
                0x080040ac                SDTimer_Handler
 .text.NMI_Handler
                0x080040e0        0x2 build/stm32f1xx_it.o
                0x080040e0                NMI_Handler
 .text.HardFault_Handler
                0x080040e2        0x2 build/stm32f1xx_it.o
                0x080040e2                HardFault_Handler
 .text.MemManage_Handler
                0x080040e4        0x2 build/stm32f1xx_it.o
                0x080040e4                MemManage_Handler
 .text.BusFault_Handler
                0x080040e6        0x2 build/stm32f1xx_it.o
                0x080040e6                BusFault_Handler
 .text.UsageFault_Handler
                0x080040e8        0x2 build/stm32f1xx_it.o
                0x080040e8                UsageFault_Handler
 .text.SVC_Handler
                0x080040ea        0x2 build/stm32f1xx_it.o
                0x080040ea                SVC_Handler
 .text.DebugMon_Handler
                0x080040ec        0x2 build/stm32f1xx_it.o
                0x080040ec                DebugMon_Handler
 .text.PendSV_Handler
                0x080040ee        0x2 build/stm32f1xx_it.o
                0x080040ee                PendSV_Handler
 .text.SysTick_Handler
                0x080040f0       0x2c build/stm32f1xx_it.o
                0x080040f0                SysTick_Handler
 .text.TIM2_IRQHandler
                0x0800411c       0x10 build/stm32f1xx_it.o
                0x0800411c                TIM2_IRQHandler
 .text.TIM3_IRQHandler
                0x0800412c       0x10 build/stm32f1xx_it.o
                0x0800412c                TIM3_IRQHandler
 .text.USART1_IRQHandler
                0x0800413c       0x10 build/stm32f1xx_it.o
                0x0800413c                USART1_IRQHandler
 .text.USART2_IRQHandler
                0x0800414c       0x10 build/stm32f1xx_it.o
                0x0800414c                USART2_IRQHandler
 .text.RTC_Alarm_IRQHandler
                0x0800415c       0x10 build/stm32f1xx_it.o
                0x0800415c                RTC_Alarm_IRQHandler
 .text.UART4_IRQHandler
                0x0800416c       0x10 build/stm32f1xx_it.o
                0x0800416c                UART4_IRQHandler
 .text.HAL_MspInit
                0x0800417c       0x44 build/stm32f1xx_hal_msp.o
                0x0800417c                HAL_MspInit
 .text.HAL_ADC_ConfigChannel
                0x080041c0      0x144 build/stm32f1xx_hal_adc.o
                0x080041c0                HAL_ADC_ConfigChannel
 .text.ADC_ConversionStop_Disable
                0x08004304       0x56 build/stm32f1xx_hal_adc.o
                0x08004304                ADC_ConversionStop_Disable
 *fill*         0x0800435a        0x2 
 .text.HAL_ADC_Init
                0x0800435c      0x128 build/stm32f1xx_hal_adc.o
                0x0800435c                HAL_ADC_Init
 .text.HAL_InitTick
                0x08004484       0x4c build/stm32f1xx_hal.o
                0x08004484                HAL_InitTick
 .text.HAL_Init
                0x080044d0       0x24 build/stm32f1xx_hal.o
                0x080044d0                HAL_Init
 .text.HAL_IncTick
                0x080044f4       0x18 build/stm32f1xx_hal.o
                0x080044f4                HAL_IncTick
 .text.HAL_GetTick
                0x0800450c        0xc build/stm32f1xx_hal.o
                0x0800450c                HAL_GetTick
 .text.HAL_Delay
                0x08004518       0x28 build/stm32f1xx_hal.o
                0x08004518                HAL_Delay
 .text.RCC_Delay
                0x08004540       0x2c build/stm32f1xx_hal_rcc.o
 .text.HAL_RCC_OscConfig
                0x0800456c      0x410 build/stm32f1xx_hal_rcc.o
                0x0800456c                HAL_RCC_OscConfig
 .text.HAL_RCC_GetSysClockFreq
                0x0800497c       0x54 build/stm32f1xx_hal_rcc.o
                0x0800497c                HAL_RCC_GetSysClockFreq
 .text.HAL_RCC_ClockConfig
                0x080049d0      0x16c build/stm32f1xx_hal_rcc.o
                0x080049d0                HAL_RCC_ClockConfig
 .text.HAL_RCC_GetHCLKFreq
                0x08004b3c        0xc build/stm32f1xx_hal_rcc.o
                0x08004b3c                HAL_RCC_GetHCLKFreq
 .text.HAL_RCC_GetPCLK1Freq
                0x08004b48       0x20 build/stm32f1xx_hal_rcc.o
                0x08004b48                HAL_RCC_GetPCLK1Freq
 .text.HAL_RCC_GetPCLK2Freq
                0x08004b68       0x20 build/stm32f1xx_hal_rcc.o
                0x08004b68                HAL_RCC_GetPCLK2Freq
 .text.HAL_RCCEx_PeriphCLKConfig
                0x08004b88      0x118 build/stm32f1xx_hal_rcc_ex.o
                0x08004b88                HAL_RCCEx_PeriphCLKConfig
 .text.HAL_RCCEx_GetPeriphCLKFreq
                0x08004ca0       0xf4 build/stm32f1xx_hal_rcc_ex.o
                0x08004ca0                HAL_RCCEx_GetPeriphCLKFreq
 .text.HAL_GPIO_Init
                0x08004d94      0x240 build/stm32f1xx_hal_gpio.o
                0x08004d94                HAL_GPIO_Init
 .text.HAL_GPIO_ReadPin
                0x08004fd4        0xe build/stm32f1xx_hal_gpio.o
                0x08004fd4                HAL_GPIO_ReadPin
 .text.HAL_GPIO_WritePin
                0x08004fe2        0xc build/stm32f1xx_hal_gpio.o
                0x08004fe2                HAL_GPIO_WritePin
 .text.HAL_DMA_Abort
                0x08004fee       0x46 build/stm32f1xx_hal_dma.o
                0x08004fee                HAL_DMA_Abort
 .text.HAL_DMA_Abort_IT
                0x08005034      0x16c build/stm32f1xx_hal_dma.o
                0x08005034                HAL_DMA_Abort_IT
 .text.HAL_NVIC_SetPriorityGrouping
                0x080051a0       0x24 build/stm32f1xx_hal_cortex.o
                0x080051a0                HAL_NVIC_SetPriorityGrouping
 .text.HAL_NVIC_SetPriority
                0x080051c4       0x70 build/stm32f1xx_hal_cortex.o
                0x080051c4                HAL_NVIC_SetPriority
 .text.HAL_NVIC_EnableIRQ
                0x08005234       0x1c build/stm32f1xx_hal_cortex.o
                0x08005234                HAL_NVIC_EnableIRQ
 .text.HAL_SYSTICK_Config
                0x08005250       0x28 build/stm32f1xx_hal_cortex.o
                0x08005250                HAL_SYSTICK_Config
 .text.HAL_PWR_EnableBkUpAccess
                0x08005278        0xc build/stm32f1xx_hal_pwr.o
                0x08005278                HAL_PWR_EnableBkUpAccess
 .text.I2C_IsAcknowledgeFailed
                0x08005284       0x32 build/stm32f1xx_hal_i2c.o
 .text.I2C_WaitOnFlagUntilTimeout
                0x080052b6       0xaa build/stm32f1xx_hal_i2c.o
 .text.I2C_WaitOnMasterAddressFlagUntilTimeout
                0x08005360       0xd6 build/stm32f1xx_hal_i2c.o
 *fill*         0x08005436        0x2 
 .text.I2C_MasterRequestWrite
                0x08005438       0xb4 build/stm32f1xx_hal_i2c.o
 .text.I2C_WaitOnTXEFlagUntilTimeout
                0x080054ec       0x5e build/stm32f1xx_hal_i2c.o
 .text.I2C_WaitOnBTFFlagUntilTimeout
                0x0800554a       0x5e build/stm32f1xx_hal_i2c.o
 .text.HAL_I2C_Init
                0x080055a8      0x1bc build/stm32f1xx_hal_i2c.o
                0x080055a8                HAL_I2C_Init
 .text.HAL_I2C_Master_Transmit
                0x08005764      0x178 build/stm32f1xx_hal_i2c.o
                0x08005764                HAL_I2C_Master_Transmit
 .text.HAL_I2C_IsDeviceReady
                0x080058dc      0x194 build/stm32f1xx_hal_i2c.o
                0x080058dc                HAL_I2C_IsDeviceReady
 .text.RTC_ReadTimeCounter
                0x08005a70       0x28 build/stm32f1xx_hal_rtc.o
 .text.RTC_ReadAlarmCounter
                0x08005a98        0xe build/stm32f1xx_hal_rtc.o
 .text.RTC_ByteToBcd2
                0x08005aa6       0x16 build/stm32f1xx_hal_rtc.o
 .text.RTC_Bcd2ToByte
                0x08005abc       0x12 build/stm32f1xx_hal_rtc.o
 *fill*         0x08005ace        0x2 
 .text.RTC_IsLeapYear
                0x08005ad0       0x40 build/stm32f1xx_hal_rtc.o
 .text.RTC_WeekDayNum
                0x08005b10       0x98 build/stm32f1xx_hal_rtc.o
 .text.RTC_DateUpdate
                0x08005ba8       0xba build/stm32f1xx_hal_rtc.o
 .text.RTC_EnterInitMode
                0x08005c62       0x30 build/stm32f1xx_hal_rtc.o
 .text.RTC_ExitInitMode
                0x08005c92       0x32 build/stm32f1xx_hal_rtc.o
 .text.RTC_WriteTimeCounter
                0x08005cc4       0x2a build/stm32f1xx_hal_rtc.o
 .text.RTC_WriteAlarmCounter
                0x08005cee       0x2a build/stm32f1xx_hal_rtc.o
 .text.HAL_RTC_SetTime
                0x08005d18       0xc2 build/stm32f1xx_hal_rtc.o
                0x08005d18                HAL_RTC_SetTime
 *fill*         0x08005dda        0x2 
 .text.HAL_RTC_GetTime
                0x08005ddc      0x10c build/stm32f1xx_hal_rtc.o
                0x08005ddc                HAL_RTC_GetTime
 .text.HAL_RTC_SetDate
                0x08005ee8       0xd4 build/stm32f1xx_hal_rtc.o
                0x08005ee8                HAL_RTC_SetDate
 .text.HAL_RTC_GetDate
                0x08005fbc       0x66 build/stm32f1xx_hal_rtc.o
                0x08005fbc                HAL_RTC_GetDate
 *fill*         0x08006022        0x2 
 .text.HAL_RTC_SetAlarm_IT
                0x08006024       0xf8 build/stm32f1xx_hal_rtc.o
                0x08006024                HAL_RTC_SetAlarm_IT
 .text.HAL_RTC_AlarmIRQHandler
                0x0800611c       0x38 build/stm32f1xx_hal_rtc.o
                0x0800611c                HAL_RTC_AlarmIRQHandler
 .text.HAL_RTC_WaitForSynchro
                0x08006154       0x38 build/stm32f1xx_hal_rtc.o
                0x08006154                HAL_RTC_WaitForSynchro
 .text.HAL_RTC_Init
                0x0800618c       0xb0 build/stm32f1xx_hal_rtc.o
                0x0800618c                HAL_RTC_Init
 .text.SPI_WaitFlagStateUntilTimeout
                0x0800623c       0xd4 build/stm32f1xx_hal_spi.o
 .text.SPI_EndRxTxTransaction
                0x08006310       0x24 build/stm32f1xx_hal_spi.o
 .text.HAL_SPI_Init
                0x08006334       0xb6 build/stm32f1xx_hal_spi.o
                0x08006334                HAL_SPI_Init
 .text.HAL_SPI_Transmit
                0x080063ea      0x1b8 build/stm32f1xx_hal_spi.o
                0x080063ea                HAL_SPI_Transmit
 .text.HAL_SPI_TransmitReceive
                0x080065a2      0x244 build/stm32f1xx_hal_spi.o
                0x080065a2                HAL_SPI_TransmitReceive
 .text.HAL_SPI_GetState
                0x080067e6        0x6 build/stm32f1xx_hal_spi.o
                0x080067e6                HAL_SPI_GetState
 .text.TIM_TI1_ConfigInputStage
                0x080067ec       0x24 build/stm32f1xx_hal_tim.o
 .text.TIM_TI2_ConfigInputStage
                0x08006810       0x26 build/stm32f1xx_hal_tim.o
 .text.TIM_ITRx_SetConfig
                0x08006836       0x10 build/stm32f1xx_hal_tim.o
 *fill*         0x08006846        0x2 
 .text.HAL_TIM_Base_Start
                0x08006848       0x6c build/stm32f1xx_hal_tim.o
                0x08006848                HAL_TIM_Base_Start
 .text.HAL_TIM_Base_Start_IT
                0x080068b4       0x78 build/stm32f1xx_hal_tim.o
                0x080068b4                HAL_TIM_Base_Start_IT
 .text.HAL_TIM_OC_DelayElapsedCallback
                0x0800692c        0x2 build/stm32f1xx_hal_tim.o
                0x0800692c                HAL_TIM_OC_DelayElapsedCallback
 .text.HAL_TIM_IC_CaptureCallback
                0x0800692e        0x2 build/stm32f1xx_hal_tim.o
                0x0800692e                HAL_TIM_IC_CaptureCallback
 .text.HAL_TIM_PWM_PulseFinishedCallback
                0x08006930        0x2 build/stm32f1xx_hal_tim.o
                0x08006930                HAL_TIM_PWM_PulseFinishedCallback
 .text.HAL_TIM_TriggerCallback
                0x08006932        0x2 build/stm32f1xx_hal_tim.o
                0x08006932                HAL_TIM_TriggerCallback
 .text.HAL_TIM_IRQHandler
                0x08006934      0x17a build/stm32f1xx_hal_tim.o
                0x08006934                HAL_TIM_IRQHandler
 *fill*         0x08006aae        0x2 
 .text.TIM_Base_SetConfig
                0x08006ab0       0x98 build/stm32f1xx_hal_tim.o
                0x08006ab0                TIM_Base_SetConfig
 .text.HAL_TIM_Base_Init
                0x08006b48       0x58 build/stm32f1xx_hal_tim.o
                0x08006b48                HAL_TIM_Base_Init
 .text.TIM_ETR_SetConfig
                0x08006ba0       0x18 build/stm32f1xx_hal_tim.o
                0x08006ba0                TIM_ETR_SetConfig
 .text.HAL_TIM_ConfigClockSource
                0x08006bb8       0xfe build/stm32f1xx_hal_tim.o
                0x08006bb8                HAL_TIM_ConfigClockSource
 *fill*         0x08006cb6        0x2 
 .text.HAL_TIMEx_MasterConfigSynchronization
                0x08006cb8       0x7c build/stm32f1xx_hal_tim_ex.o
                0x08006cb8                HAL_TIMEx_MasterConfigSynchronization
 .text.HAL_TIMEx_CommutCallback
                0x08006d34        0x2 build/stm32f1xx_hal_tim_ex.o
                0x08006d34                HAL_TIMEx_CommutCallback
 .text.HAL_TIMEx_BreakCallback
                0x08006d36        0x2 build/stm32f1xx_hal_tim_ex.o
                0x08006d36                HAL_TIMEx_BreakCallback
 .text.UART_EndRxTransfer
                0x08006d38       0x5c build/stm32f1xx_hal_uart.o
 .text.UART_Transmit_IT
                0x08006d94       0x60 build/stm32f1xx_hal_uart.o
 .text.UART_SetConfig
                0x08006df4       0x94 build/stm32f1xx_hal_uart.o
 .text.UART_WaitOnFlagUntilTimeout
                0x08006e88       0x88 build/stm32f1xx_hal_uart.o
 .text.HAL_UART_Init
                0x08006f10       0x60 build/stm32f1xx_hal_uart.o
                0x08006f10                HAL_UART_Init
 .text.HAL_UART_Transmit
                0x08006f70       0xbe build/stm32f1xx_hal_uart.o
                0x08006f70                HAL_UART_Transmit
 .text.HAL_UART_TxCpltCallback
                0x0800702e        0x2 build/stm32f1xx_hal_uart.o
                0x0800702e                HAL_UART_TxCpltCallback
 .text.UART_EndTransmit_IT
                0x08007030       0x1a build/stm32f1xx_hal_uart.o
 .text.HAL_UART_ErrorCallback
                0x0800704a        0x2 build/stm32f1xx_hal_uart.o
                0x0800704a                HAL_UART_ErrorCallback
 .text.UART_DMAAbortOnError
                0x0800704c       0x10 build/stm32f1xx_hal_uart.o
 .text.HAL_UARTEx_RxEventCallback
                0x0800705c        0x2 build/stm32f1xx_hal_uart.o
                0x0800705c                HAL_UARTEx_RxEventCallback
 .text.UART_Receive_IT
                0x0800705e       0xe6 build/stm32f1xx_hal_uart.o
 .text.HAL_UART_IRQHandler
                0x08007144      0x288 build/stm32f1xx_hal_uart.o
                0x08007144                HAL_UART_IRQHandler
 .text.UART_Start_Receive_IT
                0x080073cc       0x36 build/stm32f1xx_hal_uart.o
                0x080073cc                UART_Start_Receive_IT
 .text.HAL_UART_Receive_IT
                0x08007402       0x26 build/stm32f1xx_hal_uart.o
                0x08007402                HAL_UART_Receive_IT
 .text.SystemInit
                0x08007428        0x2 build/system_stm32f1xx.o
                0x08007428                SystemInit
 *fill*         0x0800742a        0x2 
 .text.MX_FATFS_Init
                0x0800742c       0x1c build/fatfs.o
                0x0800742c                MX_FATFS_Init
 .text.get_fattime
                0x08007448        0x4 build/fatfs.o
                0x08007448                get_fattime
 .text.disk_status
                0x0800744c       0x18 build/diskio.o
                0x0800744c                disk_status
 .text.disk_initialize
                0x08007464       0x28 build/diskio.o
                0x08007464                disk_initialize
 .text.disk_read
                0x0800748c       0x18 build/diskio.o
                0x0800748c                disk_read
 .text.disk_write
                0x080074a4       0x18 build/diskio.o
                0x080074a4                disk_write
 .text.disk_ioctl
                0x080074bc       0x18 build/diskio.o
                0x080074bc                disk_ioctl
 .text.mem_cpy  0x080074d4       0x14 build/ff.o
 .text.mem_set  0x080074e8       0x10 build/ff.o
 .text.mem_cmp  0x080074f8       0x1e build/ff.o
 .text.chk_chr  0x08007516       0x10 build/ff.o
 *fill*         0x08007526        0x2 
 .text.chk_lock
                0x08007528       0x90 build/ff.o
 .text.enq_lock
                0x080075b8       0x24 build/ff.o
 .text.inc_lock
                0x080075dc       0xd4 build/ff.o
 .text.dec_lock
                0x080076b0       0x48 build/ff.o
 .text.clear_lock
                0x080076f8       0x44 build/ff.o
 .text.clmt_clust
                0x0800773c       0x2e build/ff.o
 .text.ld_clust
                0x0800776a       0x24 build/ff.o
 .text.st_clust
                0x0800778e       0x14 build/ff.o
 *fill*         0x080077a2        0x2 
 .text.fit_lfn  0x080077a4       0x78 build/ff.o
 .text.gen_numname
                0x0800781c       0xaa build/ff.o
 .text.sum_sfn  0x080078c6       0x1c build/ff.o
 .text.get_ldnumber
                0x080078e2       0x52 build/ff.o
 .text.sync_window
                0x08007934       0x5e build/ff.o
 .text.move_window
                0x08007992       0x40 build/ff.o
 *fill*         0x080079d2        0x2 
 .text.check_fs
                0x080079d4       0x90 build/ff.o
 .text.validate
                0x08007a64       0x3e build/ff.o
 *fill*         0x08007aa2        0x2 
 .text.find_volume
                0x08007aa4      0x40c build/ff.o
 .text.sync_fs  0x08007eb0       0xbe build/ff.o
 *fill*         0x08007f6e        0x2 
 .text.create_name
                0x08007f70      0x238 build/ff.o
 .text.cmp_lfn  0x080081a8       0x88 build/ff.o
 .text.clust2sect
                0x08008230       0x20 build/ff.o
                0x08008230                clust2sect
 .text.get_fat  0x08008250      0x122 build/ff.o
                0x08008250                get_fat
 .text.dir_sdi  0x08008372       0xe2 build/ff.o
 .text.put_fat  0x08008454      0x15c build/ff.o
                0x08008454                put_fat
 .text.create_chain
                0x080085b0       0xd0 build/ff.o
 .text.dir_next
                0x08008680      0x182 build/ff.o
 .text.dir_find
                0x08008802       0xee build/ff.o
 .text.follow_path
                0x080088f0       0x90 build/ff.o
 .text.dir_alloc
                0x08008980       0x56 build/ff.o
 *fill*         0x080089d6        0x2 
 .text.dir_register
                0x080089d8      0x154 build/ff.o
 .text.remove_chain
                0x08008b2c       0x78 build/ff.o
 .text.f_mount  0x08008ba4       0x64 build/ff.o
                0x08008ba4                f_mount
 .text.f_open   0x08008c08      0x218 build/ff.o
                0x08008c08                f_open
 .text.f_read   0x08008e20      0x260 build/ff.o
                0x08008e20                f_read
 .text.f_write  0x08009080      0x2aa build/ff.o
                0x08009080                f_write
 .text.putc_bfd
                0x0800932a       0x4e build/ff.o
 .text.f_sync   0x08009378       0xb4 build/ff.o
                0x08009378                f_sync
 .text.f_close  0x0800942c       0x2c build/ff.o
                0x0800942c                f_close
 .text.f_lseek  0x08009458      0x38a build/ff.o
                0x08009458                f_lseek
 .text.f_gets   0x080097e2       0x56 build/ff.o
                0x080097e2                f_gets
 .text.f_puts   0x08009838       0x50 build/ff.o
                0x08009838                f_puts
 .text.FATFS_LinkDriverEx
                0x08009888       0x54 build/ff_gen_drv.o
                0x08009888                FATFS_LinkDriverEx
 .text.FATFS_LinkDriver
                0x080098dc        0xa build/ff_gen_drv.o
                0x080098dc                FATFS_LinkDriver
 *fill*         0x080098e6        0x2 
 .text.ff_convert
                0x080098e8       0x3c build/ccsbcs.o
                0x080098e8                ff_convert
 .text.ff_wtoupper
                0x08009924       0x24 build/ccsbcs.o
                0x08009924                ff_wtoupper
 .text.Reset_Handler
                0x08009948       0x48 build/startup_stm32f103xe.o
                0x08009948                Reset_Handler
 .text.Default_Handler
                0x08009990        0x2 build/startup_stm32f103xe.o
                0x08009990                EXTI2_IRQHandler
                0x08009990                TIM8_TRG_COM_IRQHandler
                0x08009990                TIM8_CC_IRQHandler
                0x08009990                TIM1_CC_IRQHandler
                0x08009990                TIM6_IRQHandler
                0x08009990                PVD_IRQHandler
                0x08009990                SDIO_IRQHandler
                0x08009990                EXTI3_IRQHandler
                0x08009990                EXTI0_IRQHandler
                0x08009990                I2C2_EV_IRQHandler
                0x08009990                ADC1_2_IRQHandler
                0x08009990                SPI1_IRQHandler
                0x08009990                TAMPER_IRQHandler
                0x08009990                TIM8_UP_IRQHandler
                0x08009990                DMA2_Channel2_IRQHandler
                0x08009990                DMA1_Channel4_IRQHandler
                0x08009990                USART3_IRQHandler
                0x08009990                RTC_IRQHandler
                0x08009990                DMA1_Channel7_IRQHandler
                0x08009990                CAN1_RX1_IRQHandler
                0x08009990                UART5_IRQHandler
                0x08009990                ADC3_IRQHandler
                0x08009990                TIM4_IRQHandler
                0x08009990                DMA2_Channel1_IRQHandler
                0x08009990                I2C1_EV_IRQHandler
                0x08009990                DMA1_Channel6_IRQHandler
                0x08009990                RCC_IRQHandler
                0x08009990                TIM1_TRG_COM_IRQHandler
                0x08009990                DMA1_Channel1_IRQHandler
                0x08009990                Default_Handler
                0x08009990                EXTI15_10_IRQHandler
                0x08009990                TIM7_IRQHandler
                0x08009990                TIM5_IRQHandler
                0x08009990                EXTI9_5_IRQHandler
                0x08009990                SPI2_IRQHandler
                0x08009990                DMA1_Channel5_IRQHandler
                0x08009990                EXTI4_IRQHandler
                0x08009990                USB_LP_CAN1_RX0_IRQHandler
                0x08009990                USB_HP_CAN1_TX_IRQHandler
                0x08009990                DMA1_Channel3_IRQHandler
                0x08009990                FSMC_IRQHandler
                0x08009990                TIM1_UP_IRQHandler
                0x08009990                WWDG_IRQHandler
                0x08009990                TIM1_BRK_IRQHandler
                0x08009990                EXTI1_IRQHandler
                0x08009990                DMA2_Channel4_5_IRQHandler
                0x08009990                I2C2_ER_IRQHandler
                0x08009990                DMA1_Channel2_IRQHandler
                0x08009990                TIM8_BRK_IRQHandler
                0x08009990                CAN1_SCE_IRQHandler
                0x08009990                FLASH_IRQHandler
                0x08009990                SPI3_IRQHandler
                0x08009990                I2C1_ER_IRQHandler
                0x08009990                USBWakeUp_IRQHandler
                0x08009990                DMA2_Channel3_IRQHandler
 .text.atof     0x08009992        0x6 d:/10 2021.10/bin/../lib/gcc/arm-none-eabi/10.3.1/../../../../arm-none-eabi/lib/thumb/v7-m/nofp\libc_nano.a(lib_a-atof.o)
                0x08009992                atof
 .text.__libc_init_array
                0x08009998       0x48 d:/10 2021.10/bin/../lib/gcc/arm-none-eabi/10.3.1/../../../../arm-none-eabi/lib/thumb/v7-m/nofp\libc_nano.a(lib_a-init.o)
                0x08009998                __libc_init_array
 .text.memcpy   0x080099e0       0x1c d:/10 2021.10/bin/../lib/gcc/arm-none-eabi/10.3.1/../../../../arm-none-eabi/lib/thumb/v7-m/nofp\libc_nano.a(lib_a-memcpy-stub.o)
                0x080099e0                memcpy
 .text.memset   0x080099fc       0x10 d:/10 2021.10/bin/../lib/gcc/arm-none-eabi/10.3.1/../../../../arm-none-eabi/lib/thumb/v7-m/nofp\libc_nano.a(lib_a-memset.o)
                0x080099fc                memset
 .text.sprintf  0x08009a0c       0x40 d:/10 2021.10/bin/../lib/gcc/arm-none-eabi/10.3.1/../../../../arm-none-eabi/lib/thumb/v7-m/nofp\libc_nano.a(lib_a-sprintf.o)
                0x08009a0c                siprintf
                0x08009a0c                sprintf
 .text.sscanf   0x08009a4c       0x54 d:/10 2021.10/bin/../lib/gcc/arm-none-eabi/10.3.1/../../../../arm-none-eabi/lib/thumb/v7-m/nofp\libc_nano.a(lib_a-sscanf.o)
                0x08009a4c                siscanf
                0x08009a4c                sscanf
 .text.__sread  0x08009aa0       0x22 d:/10 2021.10/bin/../lib/gcc/arm-none-eabi/10.3.1/../../../../arm-none-eabi/lib/thumb/v7-m/nofp\libc_nano.a(lib_a-stdio.o)
                0x08009aa0                __sread
 .text.__seofread
                0x08009ac2        0x4 d:/10 2021.10/bin/../lib/gcc/arm-none-eabi/10.3.1/../../../../arm-none-eabi/lib/thumb/v7-m/nofp\libc_nano.a(lib_a-stdio.o)
                0x08009ac2                __seofread
 .text.__swrite
                0x08009ac6       0x38 d:/10 2021.10/bin/../lib/gcc/arm-none-eabi/10.3.1/../../../../arm-none-eabi/lib/thumb/v7-m/nofp\libc_nano.a(lib_a-stdio.o)
                0x08009ac6                __swrite
 .text.__sseek  0x08009afe       0x24 d:/10 2021.10/bin/../lib/gcc/arm-none-eabi/10.3.1/../../../../arm-none-eabi/lib/thumb/v7-m/nofp\libc_nano.a(lib_a-stdio.o)
                0x08009afe                __sseek
 .text.__sclose
                0x08009b22        0x8 d:/10 2021.10/bin/../lib/gcc/arm-none-eabi/10.3.1/../../../../arm-none-eabi/lib/thumb/v7-m/nofp\libc_nano.a(lib_a-stdio.o)
                0x08009b22                __sclose
 .text.strcpy   0x08009b2a       0x10 d:/10 2021.10/bin/../lib/gcc/arm-none-eabi/10.3.1/../../../../arm-none-eabi/lib/thumb/v7-m/nofp\libc_nano.a(lib_a-strcpy.o)
                0x08009b2a                strcpy
 .text.strstr   0x08009b3a       0x2c d:/10 2021.10/bin/../lib/gcc/arm-none-eabi/10.3.1/../../../../arm-none-eabi/lib/thumb/v7-m/nofp\libc_nano.a(lib_a-strstr.o)
                0x08009b3a                strstr
 .text.sulp     0x08009b66       0x42 d:/10 2021.10/bin/../lib/gcc/arm-none-eabi/10.3.1/../../../../arm-none-eabi/lib/thumb/v7-m/nofp\libc_nano.a(lib_a-strtod.o)
 .text._strtod_l
                0x08009ba8      0xbd0 d:/10 2021.10/bin/../lib/gcc/arm-none-eabi/10.3.1/../../../../arm-none-eabi/lib/thumb/v7-m/nofp\libc_nano.a(lib_a-strtod.o)
                0x08009ba8                _strtod_l
 .text.strtod   0x0800a778       0x18 d:/10 2021.10/bin/../lib/gcc/arm-none-eabi/10.3.1/../../../../arm-none-eabi/lib/thumb/v7-m/nofp\libc_nano.a(lib_a-strtod.o)
                0x0800a778                strtod
 .text._write_r
                0x0800a790       0x24 d:/10 2021.10/bin/../lib/gcc/arm-none-eabi/10.3.1/../../../../arm-none-eabi/lib/thumb/v7-m/nofp\libc_nano.a(lib_a-writer.o)
                0x0800a790                _write_r
 .text._close_r
                0x0800a7b4       0x20 d:/10 2021.10/bin/../lib/gcc/arm-none-eabi/10.3.1/../../../../arm-none-eabi/lib/thumb/v7-m/nofp\libc_nano.a(lib_a-closer.o)
                0x0800a7b4                _close_r
 .text.rshift   0x0800a7d4       0xa6 d:/10 2021.10/bin/../lib/gcc/arm-none-eabi/10.3.1/../../../../arm-none-eabi/lib/thumb/v7-m/nofp\libc_nano.a(lib_a-gdtoa-gethex.o)
 .text.__hexdig_fun
                0x0800a87a       0x2a d:/10 2021.10/bin/../lib/gcc/arm-none-eabi/10.3.1/../../../../arm-none-eabi/lib/thumb/v7-m/nofp\libc_nano.a(lib_a-gdtoa-gethex.o)
                0x0800a87a                __hexdig_fun
 .text.__gethex
                0x0800a8a4      0x478 d:/10 2021.10/bin/../lib/gcc/arm-none-eabi/10.3.1/../../../../arm-none-eabi/lib/thumb/v7-m/nofp\libc_nano.a(lib_a-gdtoa-gethex.o)
                0x0800a8a4                __gethex
 .text.L_shift  0x0800ad1c       0x24 d:/10 2021.10/bin/../lib/gcc/arm-none-eabi/10.3.1/../../../../arm-none-eabi/lib/thumb/v7-m/nofp\libc_nano.a(lib_a-gdtoa-hexnan.o)
 .text.__match  0x0800ad40       0x28 d:/10 2021.10/bin/../lib/gcc/arm-none-eabi/10.3.1/../../../../arm-none-eabi/lib/thumb/v7-m/nofp\libc_nano.a(lib_a-gdtoa-hexnan.o)
                0x0800ad40                __match
 .text.__hexnan
                0x0800ad68      0x138 d:/10 2021.10/bin/../lib/gcc/arm-none-eabi/10.3.1/../../../../arm-none-eabi/lib/thumb/v7-m/nofp\libc_nano.a(lib_a-gdtoa-hexnan.o)
                0x0800ad68                __hexnan
 .text._lseek_r
                0x0800aea0       0x24 d:/10 2021.10/bin/../lib/gcc/arm-none-eabi/10.3.1/../../../../arm-none-eabi/lib/thumb/v7-m/nofp\libc_nano.a(lib_a-lseekr.o)
                0x0800aea0                _lseek_r
 .text.__ascii_mbtowc
                0x0800aec4       0x24 d:/10 2021.10/bin/../lib/gcc/arm-none-eabi/10.3.1/../../../../arm-none-eabi/lib/thumb/v7-m/nofp\libc_nano.a(lib_a-mbtowc_r.o)
                0x0800aec4                __ascii_mbtowc
 .text._Balloc  0x0800aee8       0x80 d:/10 2021.10/bin/../lib/gcc/arm-none-eabi/10.3.1/../../../../arm-none-eabi/lib/thumb/v7-m/nofp\libc_nano.a(lib_a-mprec.o)
                0x0800aee8                _Balloc
 .text._Bfree   0x0800af68       0x44 d:/10 2021.10/bin/../lib/gcc/arm-none-eabi/10.3.1/../../../../arm-none-eabi/lib/thumb/v7-m/nofp\libc_nano.a(lib_a-mprec.o)
                0x0800af68                _Bfree
 .text.__multadd
                0x0800afac       0x8c d:/10 2021.10/bin/../lib/gcc/arm-none-eabi/10.3.1/../../../../arm-none-eabi/lib/thumb/v7-m/nofp\libc_nano.a(lib_a-mprec.o)
                0x0800afac                __multadd
 .text.__s2b    0x0800b038       0x94 d:/10 2021.10/bin/../lib/gcc/arm-none-eabi/10.3.1/../../../../arm-none-eabi/lib/thumb/v7-m/nofp\libc_nano.a(lib_a-mprec.o)
                0x0800b038                __s2b
 .text.__hi0bits
                0x0800b0cc       0x40 d:/10 2021.10/bin/../lib/gcc/arm-none-eabi/10.3.1/../../../../arm-none-eabi/lib/thumb/v7-m/nofp\libc_nano.a(lib_a-mprec.o)
                0x0800b0cc                __hi0bits
 .text.__lo0bits
                0x0800b10c       0x5a d:/10 2021.10/bin/../lib/gcc/arm-none-eabi/10.3.1/../../../../arm-none-eabi/lib/thumb/v7-m/nofp\libc_nano.a(lib_a-mprec.o)
                0x0800b10c                __lo0bits
 *fill*         0x0800b166        0x2 
 .text.__i2b    0x0800b168       0x2c d:/10 2021.10/bin/../lib/gcc/arm-none-eabi/10.3.1/../../../../arm-none-eabi/lib/thumb/v7-m/nofp\libc_nano.a(lib_a-mprec.o)
                0x0800b168                __i2b
 .text.__multiply
                0x0800b194      0x150 d:/10 2021.10/bin/../lib/gcc/arm-none-eabi/10.3.1/../../../../arm-none-eabi/lib/thumb/v7-m/nofp\libc_nano.a(lib_a-mprec.o)
                0x0800b194                __multiply
 .text.__pow5mult
                0x0800b2e4       0xb4 d:/10 2021.10/bin/../lib/gcc/arm-none-eabi/10.3.1/../../../../arm-none-eabi/lib/thumb/v7-m/nofp\libc_nano.a(lib_a-mprec.o)
                0x0800b2e4                __pow5mult
 .text.__lshift
                0x0800b398       0xe0 d:/10 2021.10/bin/../lib/gcc/arm-none-eabi/10.3.1/../../../../arm-none-eabi/lib/thumb/v7-m/nofp\libc_nano.a(lib_a-mprec.o)
                0x0800b398                __lshift
 .text.__mcmp   0x0800b478       0x36 d:/10 2021.10/bin/../lib/gcc/arm-none-eabi/10.3.1/../../../../arm-none-eabi/lib/thumb/v7-m/nofp\libc_nano.a(lib_a-mprec.o)
                0x0800b478                __mcmp
 *fill*         0x0800b4ae        0x2 
 .text.__mdiff  0x0800b4b0      0x118 d:/10 2021.10/bin/../lib/gcc/arm-none-eabi/10.3.1/../../../../arm-none-eabi/lib/thumb/v7-m/nofp\libc_nano.a(lib_a-mprec.o)
                0x0800b4b0                __mdiff
 .text.__ulp    0x0800b5c8       0x4c d:/10 2021.10/bin/../lib/gcc/arm-none-eabi/10.3.1/../../../../arm-none-eabi/lib/thumb/v7-m/nofp\libc_nano.a(lib_a-mprec.o)
                0x0800b5c8                __ulp
 .text.__b2d    0x0800b614       0xa8 d:/10 2021.10/bin/../lib/gcc/arm-none-eabi/10.3.1/../../../../arm-none-eabi/lib/thumb/v7-m/nofp\libc_nano.a(lib_a-mprec.o)
                0x0800b614                __b2d
 .text.__d2b    0x0800b6bc       0xb8 d:/10 2021.10/bin/../lib/gcc/arm-none-eabi/10.3.1/../../../../arm-none-eabi/lib/thumb/v7-m/nofp\libc_nano.a(lib_a-mprec.o)
                0x0800b6bc                __d2b
 .text.__ratio  0x0800b774       0x5c d:/10 2021.10/bin/../lib/gcc/arm-none-eabi/10.3.1/../../../../arm-none-eabi/lib/thumb/v7-m/nofp\libc_nano.a(lib_a-mprec.o)
                0x0800b774                __ratio
 .text.__copybits
                0x0800b7d0       0x46 d:/10 2021.10/bin/../lib/gcc/arm-none-eabi/10.3.1/../../../../arm-none-eabi/lib/thumb/v7-m/nofp\libc_nano.a(lib_a-mprec.o)
                0x0800b7d0                __copybits
 .text.__any_on
                0x0800b816       0x42 d:/10 2021.10/bin/../lib/gcc/arm-none-eabi/10.3.1/../../../../arm-none-eabi/lib/thumb/v7-m/nofp\libc_nano.a(lib_a-mprec.o)
                0x0800b816                __any_on
 .text._calloc_r
                0x0800b858       0x28 d:/10 2021.10/bin/../lib/gcc/arm-none-eabi/10.3.1/../../../../arm-none-eabi/lib/thumb/v7-m/nofp\libc_nano.a(lib_a-nano-callocr.o)
                0x0800b858                _calloc_r
 .text.sbrk_aligned
                0x0800b880       0x40 d:/10 2021.10/bin/../lib/gcc/arm-none-eabi/10.3.1/../../../../arm-none-eabi/lib/thumb/v7-m/nofp\libc_nano.a(lib_a-nano-mallocr.o)
 .text._malloc_r
                0x0800b8c0       0xe8 d:/10 2021.10/bin/../lib/gcc/arm-none-eabi/10.3.1/../../../../arm-none-eabi/lib/thumb/v7-m/nofp\libc_nano.a(lib_a-nano-mallocr.o)
                0x0800b8c0                _malloc_r
 .text.__ssputs_r
                0x0800b9a8       0xb6 d:/10 2021.10/bin/../lib/gcc/arm-none-eabi/10.3.1/../../../../arm-none-eabi/lib/thumb/v7-m/nofp\libc_nano.a(lib_a-nano-svfprintf.o)
                0x0800b9a8                __ssputs_r
 *fill*         0x0800ba5e        0x2 
 .text._svfprintf_r
                0x0800ba60      0x200 d:/10 2021.10/bin/../lib/gcc/arm-none-eabi/10.3.1/../../../../arm-none-eabi/lib/thumb/v7-m/nofp\libc_nano.a(lib_a-nano-svfprintf.o)
                0x0800ba60                _svfiprintf_r
                0x0800ba60                _svfprintf_r
 .text._sungetc_r
                0x0800bc60       0x7a d:/10 2021.10/bin/../lib/gcc/arm-none-eabi/10.3.1/../../../../arm-none-eabi/lib/thumb/v7-m/nofp\libc_nano.a(lib_a-nano-svfscanf.o)
                0x0800bc60                _sungetc_r
 .text.__ssrefill_r
                0x0800bcda       0x3a d:/10 2021.10/bin/../lib/gcc/arm-none-eabi/10.3.1/../../../../arm-none-eabi/lib/thumb/v7-m/nofp\libc_nano.a(lib_a-nano-svfscanf.o)
                0x0800bcda                __ssrefill_r
 .text.__ssvfscanf_r
                0x0800bd14      0x2f4 d:/10 2021.10/bin/../lib/gcc/arm-none-eabi/10.3.1/../../../../arm-none-eabi/lib/thumb/v7-m/nofp\libc_nano.a(lib_a-nano-svfscanf.o)
                0x0800bd14                __ssvfiscanf_r
                0x0800bd14                __ssvfscanf_r
 .text._printf_common
                0x0800c008       0xde d:/10 2021.10/bin/../lib/gcc/arm-none-eabi/10.3.1/../../../../arm-none-eabi/lib/thumb/v7-m/nofp\libc_nano.a(lib_a-nano-vfprintf_i.o)
                0x0800c008                _printf_common
 *fill*         0x0800c0e6        0x2 
 .text._printf_i
                0x0800c0e8      0x24c d:/10 2021.10/bin/../lib/gcc/arm-none-eabi/10.3.1/../../../../arm-none-eabi/lib/thumb/v7-m/nofp\libc_nano.a(lib_a-nano-vfprintf_i.o)
                0x0800c0e8                _printf_i
 .text._scanf_chars
                0x0800c334       0xb4 d:/10 2021.10/bin/../lib/gcc/arm-none-eabi/10.3.1/../../../../arm-none-eabi/lib/thumb/v7-m/nofp\libc_nano.a(lib_a-nano-vfscanf_i.o)
                0x0800c334                _scanf_chars
 .text._scanf_i
                0x0800c3e8      0x1f0 d:/10 2021.10/bin/../lib/gcc/arm-none-eabi/10.3.1/../../../../arm-none-eabi/lib/thumb/v7-m/nofp\libc_nano.a(lib_a-nano-vfscanf_i.o)
                0x0800c3e8                _scanf_i
 .text._read_r  0x0800c5d8       0x24 d:/10 2021.10/bin/../lib/gcc/arm-none-eabi/10.3.1/../../../../arm-none-eabi/lib/thumb/v7-m/nofp\libc_nano.a(lib_a-readr.o)
                0x0800c5d8                _read_r
 .text.nan      0x0800c5fc        0xc d:/10 2021.10/bin/../lib/gcc/arm-none-eabi/10.3.1/../../../../arm-none-eabi/lib/thumb/v7-m/nofp\libc_nano.a(lib_a-s_nan.o)
                0x0800c5fc                nan
 .text._sbrk_r  0x0800c608       0x20 d:/10 2021.10/bin/../lib/gcc/arm-none-eabi/10.3.1/../../../../arm-none-eabi/lib/thumb/v7-m/nofp\libc_nano.a(lib_a-sbrkr.o)
                0x0800c608                _sbrk_r
 .text.__sccl   0x0800c628       0x70 d:/10 2021.10/bin/../lib/gcc/arm-none-eabi/10.3.1/../../../../arm-none-eabi/lib/thumb/v7-m/nofp\libc_nano.a(lib_a-sccl.o)
                0x0800c628                __sccl
 .text.strncmp  0x0800c698       0x28 d:/10 2021.10/bin/../lib/gcc/arm-none-eabi/10.3.1/../../../../arm-none-eabi/lib/thumb/v7-m/nofp\libc_nano.a(lib_a-strncmp.o)
                0x0800c698                strncmp
 .text._strtol_l.constprop.0
                0x0800c6c0       0xf8 d:/10 2021.10/bin/../lib/gcc/arm-none-eabi/10.3.1/../../../../arm-none-eabi/lib/thumb/v7-m/nofp\libc_nano.a(lib_a-strtol.o)
 .text._strtol_r
                0x0800c7b8        0x4 d:/10 2021.10/bin/../lib/gcc/arm-none-eabi/10.3.1/../../../../arm-none-eabi/lib/thumb/v7-m/nofp\libc_nano.a(lib_a-strtol.o)
                0x0800c7b8                _strtol_r
 .text._strtoul_l.constprop.0
                0x0800c7bc       0xe4 d:/10 2021.10/bin/../lib/gcc/arm-none-eabi/10.3.1/../../../../arm-none-eabi/lib/thumb/v7-m/nofp\libc_nano.a(lib_a-strtoul.o)
 .text._strtoul_r
                0x0800c8a0        0x4 d:/10 2021.10/bin/../lib/gcc/arm-none-eabi/10.3.1/../../../../arm-none-eabi/lib/thumb/v7-m/nofp\libc_nano.a(lib_a-strtoul.o)
                0x0800c8a0                _strtoul_r
 .text.__submore
                0x0800c8a4       0x70 d:/10 2021.10/bin/../lib/gcc/arm-none-eabi/10.3.1/../../../../arm-none-eabi/lib/thumb/v7-m/nofp\libc_nano.a(lib_a-ungetc.o)
                0x0800c8a4                __submore
 .text.__ascii_wctomb
                0x0800c914       0x1a d:/10 2021.10/bin/../lib/gcc/arm-none-eabi/10.3.1/../../../../arm-none-eabi/lib/thumb/v7-m/nofp\libc_nano.a(lib_a-wctomb_r.o)
                0x0800c914                __ascii_wctomb
 *fill*         0x0800c92e        0x2 
 .text.__assert_func
                0x0800c930       0x3c d:/10 2021.10/bin/../lib/gcc/arm-none-eabi/10.3.1/../../../../arm-none-eabi/lib/thumb/v7-m/nofp\libc_nano.a(lib_a-assert.o)
                0x0800c930                __assert_func
 .text.__errno  0x0800c96c        0xc d:/10 2021.10/bin/../lib/gcc/arm-none-eabi/10.3.1/../../../../arm-none-eabi/lib/thumb/v7-m/nofp\libc_nano.a(lib_a-errno.o)
                0x0800c96c                __errno
 .text.__sflush_r
                0x0800c978      0x104 d:/10 2021.10/bin/../lib/gcc/arm-none-eabi/10.3.1/../../../../arm-none-eabi/lib/thumb/v7-m/nofp\libc_nano.a(lib_a-fflush.o)
                0x0800c978                __sflush_r
 .text._fflush_r
                0x0800ca7c       0x78 d:/10 2021.10/bin/../lib/gcc/arm-none-eabi/10.3.1/../../../../arm-none-eabi/lib/thumb/v7-m/nofp\libc_nano.a(lib_a-fflush.o)
                0x0800ca7c                _fflush_r
 .text.std      0x0800caf4       0x48 d:/10 2021.10/bin/../lib/gcc/arm-none-eabi/10.3.1/../../../../arm-none-eabi/lib/thumb/v7-m/nofp\libc_nano.a(lib_a-findfp.o)
 .text._cleanup_r
                0x0800cb3c        0xc d:/10 2021.10/bin/../lib/gcc/arm-none-eabi/10.3.1/../../../../arm-none-eabi/lib/thumb/v7-m/nofp\libc_nano.a(lib_a-findfp.o)
                0x0800cb3c                _cleanup_r
 .text.__sfmoreglue
                0x0800cb48       0x2c d:/10 2021.10/bin/../lib/gcc/arm-none-eabi/10.3.1/../../../../arm-none-eabi/lib/thumb/v7-m/nofp\libc_nano.a(lib_a-findfp.o)
                0x0800cb48                __sfmoreglue
 .text.__sfp_lock_acquire
                0x0800cb74        0xc d:/10 2021.10/bin/../lib/gcc/arm-none-eabi/10.3.1/../../../../arm-none-eabi/lib/thumb/v7-m/nofp\libc_nano.a(lib_a-findfp.o)
                0x0800cb74                __sfp_lock_acquire
 .text.__sfp_lock_release
                0x0800cb80        0xc d:/10 2021.10/bin/../lib/gcc/arm-none-eabi/10.3.1/../../../../arm-none-eabi/lib/thumb/v7-m/nofp\libc_nano.a(lib_a-findfp.o)
                0x0800cb80                __sfp_lock_release
 .text.__sinit_lock_acquire
                0x0800cb8c        0xc d:/10 2021.10/bin/../lib/gcc/arm-none-eabi/10.3.1/../../../../arm-none-eabi/lib/thumb/v7-m/nofp\libc_nano.a(lib_a-findfp.o)
                0x0800cb8c                __sinit_lock_acquire
 .text.__sinit_lock_release
                0x0800cb98        0xc d:/10 2021.10/bin/../lib/gcc/arm-none-eabi/10.3.1/../../../../arm-none-eabi/lib/thumb/v7-m/nofp\libc_nano.a(lib_a-findfp.o)
                0x0800cb98                __sinit_lock_release
 .text.__sinit  0x0800cba4       0x70 d:/10 2021.10/bin/../lib/gcc/arm-none-eabi/10.3.1/../../../../arm-none-eabi/lib/thumb/v7-m/nofp\libc_nano.a(lib_a-findfp.o)
                0x0800cba4                __sinit
 .text.__sfp    0x0800cc14       0x8c d:/10 2021.10/bin/../lib/gcc/arm-none-eabi/10.3.1/../../../../arm-none-eabi/lib/thumb/v7-m/nofp\libc_nano.a(lib_a-findfp.o)
                0x0800cc14                __sfp
 .text.fprintf  0x0800cca0       0x24 d:/10 2021.10/bin/../lib/gcc/arm-none-eabi/10.3.1/../../../../arm-none-eabi/lib/thumb/v7-m/nofp\libc_nano.a(lib_a-fprintf.o)
                0x0800cca0                fiprintf
                0x0800cca0                fprintf
 .text._fwalk_reent
                0x0800ccc4       0x3e d:/10 2021.10/bin/../lib/gcc/arm-none-eabi/10.3.1/../../../../arm-none-eabi/lib/thumb/v7-m/nofp\libc_nano.a(lib_a-fwalk.o)
                0x0800ccc4                _fwalk_reent
 .text.__retarget_lock_init_recursive
                0x0800cd02        0x2 d:/10 2021.10/bin/../lib/gcc/arm-none-eabi/10.3.1/../../../../arm-none-eabi/lib/thumb/v7-m/nofp\libc_nano.a(lib_a-lock.o)
                0x0800cd02                __retarget_lock_init_recursive
 .text.__retarget_lock_acquire_recursive
                0x0800cd04        0x2 d:/10 2021.10/bin/../lib/gcc/arm-none-eabi/10.3.1/../../../../arm-none-eabi/lib/thumb/v7-m/nofp\libc_nano.a(lib_a-lock.o)
                0x0800cd04                __retarget_lock_acquire_recursive
 .text.__retarget_lock_release_recursive
                0x0800cd06        0x2 d:/10 2021.10/bin/../lib/gcc/arm-none-eabi/10.3.1/../../../../arm-none-eabi/lib/thumb/v7-m/nofp\libc_nano.a(lib_a-lock.o)
                0x0800cd06                __retarget_lock_release_recursive
 .text.malloc   0x0800cd08       0x10 d:/10 2021.10/bin/../lib/gcc/arm-none-eabi/10.3.1/../../../../arm-none-eabi/lib/thumb/v7-m/nofp\libc_nano.a(lib_a-malloc.o)
                0x0800cd08                malloc
 .text.memchr   0x0800cd18       0x1c d:/10 2021.10/bin/../lib/gcc/arm-none-eabi/10.3.1/../../../../arm-none-eabi/lib/thumb/v7-m/nofp\libc_nano.a(lib_a-memchr-stub.o)
                0x0800cd18                memchr
 .text.memmove  0x0800cd34       0x34 d:/10 2021.10/bin/../lib/gcc/arm-none-eabi/10.3.1/../../../../arm-none-eabi/lib/thumb/v7-m/nofp\libc_nano.a(lib_a-memmove.o)
                0x0800cd34                memmove
 .text.__malloc_lock
                0x0800cd68        0xc d:/10 2021.10/bin/../lib/gcc/arm-none-eabi/10.3.1/../../../../arm-none-eabi/lib/thumb/v7-m/nofp\libc_nano.a(lib_a-mlock.o)
                0x0800cd68                __malloc_lock
 .text.__malloc_unlock
                0x0800cd74        0xc d:/10 2021.10/bin/../lib/gcc/arm-none-eabi/10.3.1/../../../../arm-none-eabi/lib/thumb/v7-m/nofp\libc_nano.a(lib_a-mlock.o)
                0x0800cd74                __malloc_unlock
 .text._free_r  0x0800cd80       0x90 d:/10 2021.10/bin/../lib/gcc/arm-none-eabi/10.3.1/../../../../arm-none-eabi/lib/thumb/v7-m/nofp\libc_nano.a(lib_a-nano-freer.o)
                0x0800cd80                _free_r
 .text._realloc_r
                0x0800ce10       0x5e d:/10 2021.10/bin/../lib/gcc/arm-none-eabi/10.3.1/../../../../arm-none-eabi/lib/thumb/v7-m/nofp\libc_nano.a(lib_a-nano-reallocr.o)
                0x0800ce10                _realloc_r
 .text.__sfputc_r
                0x0800ce6e       0x2a d:/10 2021.10/bin/../lib/gcc/arm-none-eabi/10.3.1/../../../../arm-none-eabi/lib/thumb/v7-m/nofp\libc_nano.a(lib_a-nano-vfprintf.o)
 .text.__sfputs_r
                0x0800ce98       0x24 d:/10 2021.10/bin/../lib/gcc/arm-none-eabi/10.3.1/../../../../arm-none-eabi/lib/thumb/v7-m/nofp\libc_nano.a(lib_a-nano-vfprintf.o)
                0x0800ce98                __sfputs_r
 .text._vfprintf_r
                0x0800cebc      0x260 d:/10 2021.10/bin/../lib/gcc/arm-none-eabi/10.3.1/../../../../arm-none-eabi/lib/thumb/v7-m/nofp\libc_nano.a(lib_a-nano-vfprintf.o)
                0x0800cebc                _vfprintf_r
                0x0800cebc                _vfiprintf_r
 .text.__swbuf_r
                0x0800d11c       0xa4 d:/10 2021.10/bin/../lib/gcc/arm-none-eabi/10.3.1/../../../../arm-none-eabi/lib/thumb/v7-m/nofp\libc_nano.a(lib_a-wbuf.o)
                0x0800d11c                __swbuf_r
 .text.__swsetup_r
                0x0800d1c0       0xdc d:/10 2021.10/bin/../lib/gcc/arm-none-eabi/10.3.1/../../../../arm-none-eabi/lib/thumb/v7-m/nofp\libc_nano.a(lib_a-wsetup.o)
                0x0800d1c0                __swsetup_r
 .text.abort    0x0800d29c        0xe d:/10 2021.10/bin/../lib/gcc/arm-none-eabi/10.3.1/../../../../arm-none-eabi/lib/thumb/v7-m/nofp\libc_nano.a(lib_a-abort.o)
                0x0800d29c                abort
 .text.__swhatbuf_r
                0x0800d2aa       0x4a d:/10 2021.10/bin/../lib/gcc/arm-none-eabi/10.3.1/../../../../arm-none-eabi/lib/thumb/v7-m/nofp\libc_nano.a(lib_a-makebuf.o)
                0x0800d2aa                __swhatbuf_r
 .text.__smakebuf_r
                0x0800d2f4       0x80 d:/10 2021.10/bin/../lib/gcc/arm-none-eabi/10.3.1/../../../../arm-none-eabi/lib/thumb/v7-m/nofp\libc_nano.a(lib_a-makebuf.o)
                0x0800d2f4                __smakebuf_r
 .text._malloc_usable_size_r
                0x0800d374       0x10 d:/10 2021.10/bin/../lib/gcc/arm-none-eabi/10.3.1/../../../../arm-none-eabi/lib/thumb/v7-m/nofp\libc_nano.a(lib_a-nano-msizer.o)
                0x0800d374                _malloc_usable_size_r
 .text._raise_r
                0x0800d384       0x50 d:/10 2021.10/bin/../lib/gcc/arm-none-eabi/10.3.1/../../../../arm-none-eabi/lib/thumb/v7-m/nofp\libc_nano.a(lib_a-signal.o)
                0x0800d384                _raise_r
 .text.raise    0x0800d3d4       0x10 d:/10 2021.10/bin/../lib/gcc/arm-none-eabi/10.3.1/../../../../arm-none-eabi/lib/thumb/v7-m/nofp\libc_nano.a(lib_a-signal.o)
                0x0800d3d4                raise
 .text._kill_r  0x0800d3e4       0x24 d:/10 2021.10/bin/../lib/gcc/arm-none-eabi/10.3.1/../../../../arm-none-eabi/lib/thumb/v7-m/nofp\libc_nano.a(lib_a-signalr.o)
                0x0800d3e4                _kill_r
 .text._getpid_r
                0x0800d408        0x4 d:/10 2021.10/bin/../lib/gcc/arm-none-eabi/10.3.1/../../../../arm-none-eabi/lib/thumb/v7-m/nofp\libc_nano.a(lib_a-signalr.o)
                0x0800d408                _getpid_r
 .text._fstat_r
                0x0800d40c       0x24 d:/10 2021.10/bin/../lib/gcc/arm-none-eabi/10.3.1/../../../../arm-none-eabi/lib/thumb/v7-m/nofp\libc_nano.a(lib_a-fstatr.o)
                0x0800d40c                _fstat_r
 .text._isatty_r
                0x0800d430       0x20 d:/10 2021.10/bin/../lib/gcc/arm-none-eabi/10.3.1/../../../../arm-none-eabi/lib/thumb/v7-m/nofp\libc_nano.a(lib_a-isattyr.o)
                0x0800d430                _isatty_r
 .text.pow      0x0800d450       0xdc d:/10 2021.10/bin/../lib/gcc/arm-none-eabi/10.3.1/../../../../arm-none-eabi/lib/thumb/v7-m/nofp\libm.a(lib_a-w_pow.o)
                0x0800d450                pow
 *fill*         0x0800d52c        0x4 
 .text.__ieee754_pow
                0x0800d530      0xb08 d:/10 2021.10/bin/../lib/gcc/arm-none-eabi/10.3.1/../../../../arm-none-eabi/lib/thumb/v7-m/nofp\libm.a(lib_a-e_pow.o)
                0x0800d530                __ieee754_pow
 .text.__ieee754_sqrt
                0x0800e038      0x18c d:/10 2021.10/bin/../lib/gcc/arm-none-eabi/10.3.1/../../../../arm-none-eabi/lib/thumb/v7-m/nofp\libm.a(lib_a-e_sqrt.o)
                0x0800e038                __ieee754_sqrt
 .text.with_errno
                0x0800e1c4       0x18 d:/10 2021.10/bin/../lib/gcc/arm-none-eabi/10.3.1/../../../../arm-none-eabi/lib/thumb/v7-m/nofp\libm.a(lib_a-math_err.o)
 .text.xflow    0x0800e1dc       0x30 d:/10 2021.10/bin/../lib/gcc/arm-none-eabi/10.3.1/../../../../arm-none-eabi/lib/thumb/v7-m/nofp\libm.a(lib_a-math_err.o)
 .text.__math_uflow
                0x0800e20c        0xc d:/10 2021.10/bin/../lib/gcc/arm-none-eabi/10.3.1/../../../../arm-none-eabi/lib/thumb/v7-m/nofp\libm.a(lib_a-math_err.o)
                0x0800e20c                __math_uflow
 .text.__math_oflow
                0x0800e218        0xc d:/10 2021.10/bin/../lib/gcc/arm-none-eabi/10.3.1/../../../../arm-none-eabi/lib/thumb/v7-m/nofp\libm.a(lib_a-math_err.o)
                0x0800e218                __math_oflow
 .text.fabs     0x0800e224        0x8 d:/10 2021.10/bin/../lib/gcc/arm-none-eabi/10.3.1/../../../../arm-none-eabi/lib/thumb/v7-m/nofp\libm.a(lib_a-s_fabs.o)
                0x0800e224                fabs
 .text.finite   0x0800e22c        0xc d:/10 2021.10/bin/../lib/gcc/arm-none-eabi/10.3.1/../../../../arm-none-eabi/lib/thumb/v7-m/nofp\libm.a(lib_a-s_finite.o)
                0x0800e22c                finite
 .text.scalbn   0x0800e238       0xfc d:/10 2021.10/bin/../lib/gcc/arm-none-eabi/10.3.1/../../../../arm-none-eabi/lib/thumb/v7-m/nofp\libm.a(lib_a-s_scalbn.o)
                0x0800e238                scalbn
 .text._close   0x0800e334       0x10 d:/10 2021.10/bin/../lib/gcc/arm-none-eabi/10.3.1/../../../../arm-none-eabi/lib/thumb/v7-m/nofp\libnosys.a(close.o)
                0x0800e334                _close
 .text._fstat   0x0800e344       0x10 d:/10 2021.10/bin/../lib/gcc/arm-none-eabi/10.3.1/../../../../arm-none-eabi/lib/thumb/v7-m/nofp\libnosys.a(fstat.o)
                0x0800e344                _fstat
 .text._getpid  0x0800e354       0x10 d:/10 2021.10/bin/../lib/gcc/arm-none-eabi/10.3.1/../../../../arm-none-eabi/lib/thumb/v7-m/nofp\libnosys.a(getpid.o)
                0x0800e354                _getpid
 .text._isatty  0x0800e364       0x10 d:/10 2021.10/bin/../lib/gcc/arm-none-eabi/10.3.1/../../../../arm-none-eabi/lib/thumb/v7-m/nofp\libnosys.a(isatty.o)
                0x0800e364                _isatty
 .text._kill    0x0800e374       0x10 d:/10 2021.10/bin/../lib/gcc/arm-none-eabi/10.3.1/../../../../arm-none-eabi/lib/thumb/v7-m/nofp\libnosys.a(kill.o)
                0x0800e374                _kill
 .text._lseek   0x0800e384       0x10 d:/10 2021.10/bin/../lib/gcc/arm-none-eabi/10.3.1/../../../../arm-none-eabi/lib/thumb/v7-m/nofp\libnosys.a(lseek.o)
                0x0800e384                _lseek
 .text._read    0x0800e394       0x10 d:/10 2021.10/bin/../lib/gcc/arm-none-eabi/10.3.1/../../../../arm-none-eabi/lib/thumb/v7-m/nofp\libnosys.a(read.o)
                0x0800e394                _read
 .text._sbrk    0x0800e3a4       0x1c d:/10 2021.10/bin/../lib/gcc/arm-none-eabi/10.3.1/../../../../arm-none-eabi/lib/thumb/v7-m/nofp\libnosys.a(sbrk.o)
                0x0800e3a4                _sbrk
 .text._write   0x0800e3c0       0x10 d:/10 2021.10/bin/../lib/gcc/arm-none-eabi/10.3.1/../../../../arm-none-eabi/lib/thumb/v7-m/nofp\libnosys.a(write.o)
                0x0800e3c0                _write
 .text._exit    0x0800e3d0        0x4 d:/10 2021.10/bin/../lib/gcc/arm-none-eabi/10.3.1/../../../../arm-none-eabi/lib/thumb/v7-m/nofp\libnosys.a(_exit.o)
                0x0800e3d0                _exit
 *(.glue_7)
 .glue_7        0x0800e3d4        0x0 linker stubs
 *(.glue_7t)
 .glue_7t       0x0800e3d4        0x0 linker stubs
 *(.eh_frame)
 .eh_frame      0x0800e3d4        0x0 d:/10 2021.10/bin/../lib/gcc/arm-none-eabi/10.3.1/thumb/v7-m/nofp/crtbegin.o
 *(.init)
 .init          0x0800e3d4        0x4 d:/10 2021.10/bin/../lib/gcc/arm-none-eabi/10.3.1/thumb/v7-m/nofp/crti.o
                0x0800e3d4                _init
 .init          0x0800e3d8        0x8 d:/10 2021.10/bin/../lib/gcc/arm-none-eabi/10.3.1/thumb/v7-m/nofp/crtn.o
 *(.fini)
 .fini          0x0800e3e0        0x4 d:/10 2021.10/bin/../lib/gcc/arm-none-eabi/10.3.1/thumb/v7-m/nofp/crti.o
                0x0800e3e0                _fini
 .fini          0x0800e3e4        0x8 d:/10 2021.10/bin/../lib/gcc/arm-none-eabi/10.3.1/thumb/v7-m/nofp/crtn.o
                0x0800e3ec                . = ALIGN (0x4)
                0x0800e3ec                _etext = .

.vfp11_veneer   0x0800e3ec        0x0
 .vfp11_veneer  0x0800e3ec        0x0 linker stubs

.v4_bx          0x0800e3ec        0x0
 .v4_bx         0x0800e3ec        0x0 linker stubs

.iplt           0x0800e3ec        0x0
 .iplt          0x0800e3ec        0x0 d:/10 2021.10/bin/../lib/gcc/arm-none-eabi/10.3.1/thumb/v7-m/nofp/crtbegin.o

.rodata         0x0800e3f0     0x1b68
                0x0800e3f0                . = ALIGN (0x4)
 *(.rodata)
 .rodata        0x0800e3f0        0xc d:/10 2021.10/bin/../lib/gcc/arm-none-eabi/10.3.1/../../../../arm-none-eabi/lib/thumb/v7-m/nofp\libc_nano.a(lib_a-nano-vfscanf_i.o)
 *(.rodata*)
 .rodata.HAL_RTC_AlarmAEventCallback.str1.4
                0x0800e3fc       0x2c build/main.o
 .rodata.main.str1.4
                0x0800e428      0x394 build/main.o
                                0x398 (size before relaxing)
 .rodata.bitmap
                0x0800e7bc      0x400 build/main.o
                0x0800e7bc                bitmap
 .rodata.l70_init.str1.4
                0x0800ebbc       0x34 build/gnss.o
 .rodata.l70_handleGPS.str1.4
                0x0800ebf0       0x5f build/gnss.o
                                 0x63 (size before relaxing)
 .rodata.sim7672_callback.str1.4
                0x0800ec4f       0x5f build/sim4g_lte.o
                                  0x3 (size before relaxing)
 *fill*         0x0800ec4f        0x1 
 .rodata.sim7672_errorHandle.str1.4
                0x0800ec50        0xb build/sim4g_lte.o
 *fill*         0x0800ec5b        0x1 
 .rodata.sim7672_init.str1.4
                0x0800ec5c       0x33 build/sim4g_lte.o
                                 0x37 (size before relaxing)
 *fill*         0x0800ec8f        0x1 
 .rodata.sim7672_sendSMS.str1.4
                0x0800ec90       0x1e build/sim4g_lte.o
 *fill*         0x0800ecae        0x2 
 .rodata.DS18B20_Result.str1.4
                0x0800ecb0       0x1e build/sensors.o
 *fill*         0x0800ecce        0x2 
 .rodata.mqtt_disconnectServer.str1.4
                0x0800ecd0       0x5f build/mqtt.o
                                 0x67 (size before relaxing)
 *fill*         0x0800ed2f        0x1 
 .rodata.mqtt_pub.str1.4
                0x0800ed30       0x59 build/mqtt.o
                                 0x5d (size before relaxing)
 *fill*         0x0800ed89        0x3 
 .rodata.str1.4
                0x0800ed8c       0x2c build/mqtt.o
                                 0x30 (size before relaxing)
 .rodata.Font7x10
                0x0800edb8      0x76c build/fonts.o
                0x0800edb8                Font7x10
 .rodata.aPLLMULFactorTable.1
                0x0800f524       0x10 build/stm32f1xx_hal_rcc.o
 .rodata.aPredivFactorTable.0
                0x0800f534        0x2 build/stm32f1xx_hal_rcc.o
 *fill*         0x0800f536        0x2 
 .rodata.aPLLMULFactorTable.1
                0x0800f538       0x10 build/stm32f1xx_hal_rcc_ex.o
 .rodata.aPredivFactorTable.0
                0x0800f548        0x2 build/stm32f1xx_hal_rcc_ex.o
 *fill*         0x0800f54a        0x2 
 .rodata.AHBPrescTable
                0x0800f54c       0x10 build/system_stm32f1xx.o
                0x0800f54c                AHBPrescTable
 .rodata.APBPrescTable
                0x0800f55c        0x8 build/system_stm32f1xx.o
                0x0800f55c                APBPrescTable
 .rodata.create_name.str1.4
                0x0800f564       0x13 build/ff.o
 *fill*         0x0800f577        0x1 
 .rodata.ExCvt  0x0800f578       0x80 build/ff.o
 .rodata.LfnOfs
                0x0800f5f8        0xd build/ff.o
 *fill*         0x0800f605        0x3 
 .rodata.Tbl    0x0800f608      0x100 build/ccsbcs.o
 .rodata.tbl_lower.1
                0x0800f708      0x1e0 build/ccsbcs.o
 .rodata.tbl_upper.0
                0x0800f8e8      0x1e0 build/ccsbcs.o
 .rodata._global_impure_ptr
                0x0800fac8        0x4 d:/10 2021.10/bin/../lib/gcc/arm-none-eabi/10.3.1/../../../../arm-none-eabi/lib/thumb/v7-m/nofp\libc_nano.a(lib_a-impure.o)
                0x0800fac8                _global_impure_ptr
 .rodata._strtod_l.str1.1
                0x0800facc        0xc d:/10 2021.10/bin/../lib/gcc/arm-none-eabi/10.3.1/../../../../arm-none-eabi/lib/thumb/v7-m/nofp\libc_nano.a(lib_a-strtod.o)
                                  0xd (size before relaxing)
 .rodata.fpi.1  0x0800fad8       0x14 d:/10 2021.10/bin/../lib/gcc/arm-none-eabi/10.3.1/../../../../arm-none-eabi/lib/thumb/v7-m/nofp\libc_nano.a(lib_a-strtod.o)
 .rodata.fpinan.0
                0x0800faec       0x14 d:/10 2021.10/bin/../lib/gcc/arm-none-eabi/10.3.1/../../../../arm-none-eabi/lib/thumb/v7-m/nofp\libc_nano.a(lib_a-strtod.o)
 .rodata.tinytens
                0x0800fb00       0x28 d:/10 2021.10/bin/../lib/gcc/arm-none-eabi/10.3.1/../../../../arm-none-eabi/lib/thumb/v7-m/nofp\libc_nano.a(lib_a-strtod.o)
 .rodata.__gethex.str1.1
                0x0800fb28       0x97 d:/10 2021.10/bin/../lib/gcc/arm-none-eabi/10.3.1/../../../../arm-none-eabi/lib/thumb/v7-m/nofp\libc_nano.a(lib_a-gdtoa-gethex.o)
 .rodata.str1.1
                0x0800fbbf        0x2 d:/10 2021.10/bin/../lib/gcc/arm-none-eabi/10.3.1/../../../../arm-none-eabi/lib/thumb/v7-m/nofp\libc_nano.a(lib_a-lnumeric.o)
                                  0x3 (size before relaxing)
 *fill*         0x0800fbc1        0x3 
 .rodata._C_numeric_locale
                0x0800fbc4        0xc d:/10 2021.10/bin/../lib/gcc/arm-none-eabi/10.3.1/../../../../arm-none-eabi/lib/thumb/v7-m/nofp\libc_nano.a(lib_a-lnumeric.o)
                0x0800fbc4                _C_numeric_locale
 .rodata._setlocale_r.str1.1
                0x0800fbd0        0x8 d:/10 2021.10/bin/../lib/gcc/arm-none-eabi/10.3.1/../../../../arm-none-eabi/lib/thumb/v7-m/nofp\libc_nano.a(lib_a-locale.o)
                                  0x9 (size before relaxing)
 .rodata.str1.1
                0x0800fbd8        0x2 d:/10 2021.10/bin/../lib/gcc/arm-none-eabi/10.3.1/../../../../arm-none-eabi/lib/thumb/v7-m/nofp\libc_nano.a(lib_a-locale.o)
 .rodata._Balloc.str1.1
                0x0800fbd8       0x96 d:/10 2021.10/bin/../lib/gcc/arm-none-eabi/10.3.1/../../../../arm-none-eabi/lib/thumb/v7-m/nofp\libc_nano.a(lib_a-mprec.o)
 .rodata.__multadd.str1.1
                0x0800fc6e       0x11 d:/10 2021.10/bin/../lib/gcc/arm-none-eabi/10.3.1/../../../../arm-none-eabi/lib/thumb/v7-m/nofp\libc_nano.a(lib_a-mprec.o)
 *fill*         0x0800fc6e        0x2 
 .rodata.__mprec_bigtens
                0x0800fc70       0x28 d:/10 2021.10/bin/../lib/gcc/arm-none-eabi/10.3.1/../../../../arm-none-eabi/lib/thumb/v7-m/nofp\libc_nano.a(lib_a-mprec.o)
                0x0800fc70                __mprec_bigtens
 .rodata.__mprec_tens
                0x0800fc98       0xc8 d:/10 2021.10/bin/../lib/gcc/arm-none-eabi/10.3.1/../../../../arm-none-eabi/lib/thumb/v7-m/nofp\libc_nano.a(lib_a-mprec.o)
                0x0800fc98                __mprec_tens
 .rodata.p05.0  0x0800fd60        0xc d:/10 2021.10/bin/../lib/gcc/arm-none-eabi/10.3.1/../../../../arm-none-eabi/lib/thumb/v7-m/nofp\libc_nano.a(lib_a-mprec.o)
 .rodata._svfprintf_r.str1.1
                0x0800fd6c       0x11 d:/10 2021.10/bin/../lib/gcc/arm-none-eabi/10.3.1/../../../../arm-none-eabi/lib/thumb/v7-m/nofp\libc_nano.a(lib_a-nano-svfprintf.o)
 .rodata.__ssvfscanf_r.str1.1
                0x0800fd7d        0x4 d:/10 2021.10/bin/../lib/gcc/arm-none-eabi/10.3.1/../../../../arm-none-eabi/lib/thumb/v7-m/nofp\libc_nano.a(lib_a-nano-svfscanf.o)
 .rodata._printf_i.str1.1
                0x0800fd7d       0x22 d:/10 2021.10/bin/../lib/gcc/arm-none-eabi/10.3.1/../../../../arm-none-eabi/lib/thumb/v7-m/nofp\libc_nano.a(lib_a-nano-vfprintf_i.o)
 .rodata.str1.1
                0x0800fd9f        0x9 d:/10 2021.10/bin/../lib/gcc/arm-none-eabi/10.3.1/../../../../arm-none-eabi/lib/thumb/v7-m/nofp\libc_nano.a(lib_a-nano-vfscanf_i.o)
 .rodata._scanf_i.str1.1
                0x0800fda8       0x12 d:/10 2021.10/bin/../lib/gcc/arm-none-eabi/10.3.1/../../../../arm-none-eabi/lib/thumb/v7-m/nofp\libc_nano.a(lib_a-nano-vfscanf_i.o)
 .rodata.__assert_func.str1.1
                0x0800fdba       0x3c d:/10 2021.10/bin/../lib/gcc/arm-none-eabi/10.3.1/../../../../arm-none-eabi/lib/thumb/v7-m/nofp\libc_nano.a(lib_a-assert.o)
                                 0x3d (size before relaxing)
 .rodata._ctype_
                0x0800fdf6      0x101 d:/10 2021.10/bin/../lib/gcc/arm-none-eabi/10.3.1/../../../../arm-none-eabi/lib/thumb/v7-m/nofp\libc_nano.a(lib_a-ctype_.o)
                0x0800fdf6                _ctype_
 *fill*         0x0800fef7        0x1 
 .rodata.__sf_fake_stderr
                0x0800fef8       0x20 d:/10 2021.10/bin/../lib/gcc/arm-none-eabi/10.3.1/../../../../arm-none-eabi/lib/thumb/v7-m/nofp\libc_nano.a(lib_a-findfp.o)
                0x0800fef8                __sf_fake_stderr
 .rodata.__sf_fake_stdin
                0x0800ff18       0x20 d:/10 2021.10/bin/../lib/gcc/arm-none-eabi/10.3.1/../../../../arm-none-eabi/lib/thumb/v7-m/nofp\libc_nano.a(lib_a-findfp.o)
                0x0800ff18                __sf_fake_stdin
 .rodata.__sf_fake_stdout
                0x0800ff38       0x20 d:/10 2021.10/bin/../lib/gcc/arm-none-eabi/10.3.1/../../../../arm-none-eabi/lib/thumb/v7-m/nofp\libc_nano.a(lib_a-findfp.o)
                0x0800ff38                __sf_fake_stdout
 .rodata._vfprintf_r.str1.1
                0x0800ff58       0x11 d:/10 2021.10/bin/../lib/gcc/arm-none-eabi/10.3.1/../../../../arm-none-eabi/lib/thumb/v7-m/nofp\libc_nano.a(lib_a-nano-vfprintf.o)
                0x0800ff6c                . = ALIGN (0x4)

.rel.dyn        0x0800ff58        0x0
 .rel.iplt      0x0800ff58        0x0 d:/10 2021.10/bin/../lib/gcc/arm-none-eabi/10.3.1/thumb/v7-m/nofp/crtbegin.o

.ARM.extab
 *(.ARM.extab* .gnu.linkonce.armextab.*)

.ARM            0x0800ff58        0x0
                0x0800ff58                __exidx_start = .
 *(.ARM.exidx*)
                0x0800ff58                __exidx_end = .

.preinit_array  0x0800ff58        0x0
                0x0800ff58                PROVIDE (__preinit_array_start = .)
 *(.preinit_array*)
                0x0800ff58                PROVIDE (__preinit_array_end = .)

.init_array     0x0800ff58        0x4
                0x0800ff58                PROVIDE (__init_array_start = .)
 *(SORT_BY_NAME(.init_array.*))
 *(.init_array*)
 .init_array    0x0800ff58        0x4 d:/10 2021.10/bin/../lib/gcc/arm-none-eabi/10.3.1/thumb/v7-m/nofp/crtbegin.o
                0x0800ff5c                PROVIDE (__init_array_end = .)

.fini_array     0x0800ff5c        0x4
                [!provide]                PROVIDE (__fini_array_start = .)
 *(SORT_BY_NAME(.fini_array.*))
 *(.fini_array*)
 .fini_array    0x0800ff5c        0x4 d:/10 2021.10/bin/../lib/gcc/arm-none-eabi/10.3.1/thumb/v7-m/nofp/crtbegin.o
                [!provide]                PROVIDE (__fini_array_end = .)
                0x0800ff60                _sidata = LOADADDR (.data)

.data           0x20000000      0x220 load address 0x0800ff60
                0x20000000                . = ALIGN (0x4)
                0x20000000                _sdata = .
 *(.data)
 *(.data*)
 .data.Type_Task
                0x20000000        0x4 build/main.o
                0x20000000                Type_Task
 .data.iswaiting4response
                0x20000004        0x1 build/sim4g_lte.o
                0x20000004                iswaiting4response
 *fill*         0x20000005        0x3 
 .data.mqttClient
                0x20000008       0x18 build/mqtt.o
                0x20000008                mqttClient
 .data.USER_Driver
                0x20000020       0x14 build/user_diskio.o
                0x20000020                USER_Driver
 .data.Stat     0x20000034        0x1 build/fatfs_sd.o
 *fill*         0x20000035        0x3 
 .data.Font_7x10
                0x20000038        0x8 build/fonts.o
                0x20000038                Font_7x10
 .data.uwTickFreq
                0x20000040        0x1 build/stm32f1xx_hal.o
                0x20000040                uwTickFreq
 *fill*         0x20000041        0x3 
 .data.uwTickPrio
                0x20000044        0x4 build/stm32f1xx_hal.o
                0x20000044                uwTickPrio
 .data.SystemCoreClock
                0x20000048        0x4 build/system_stm32f1xx.o
                0x20000048                SystemCoreClock
 .data._impure_ptr
                0x2000004c        0x4 d:/10 2021.10/bin/../lib/gcc/arm-none-eabi/10.3.1/../../../../arm-none-eabi/lib/thumb/v7-m/nofp\libc_nano.a(lib_a-impure.o)
                0x2000004c                _impure_ptr
 .data.impure_data
                0x20000050       0x60 d:/10 2021.10/bin/../lib/gcc/arm-none-eabi/10.3.1/../../../../arm-none-eabi/lib/thumb/v7-m/nofp\libc_nano.a(lib_a-impure.o)
 .data.numempty
                0x200000b0        0x2 d:/10 2021.10/bin/../lib/gcc/arm-none-eabi/10.3.1/../../../../arm-none-eabi/lib/thumb/v7-m/nofp\libc_nano.a(lib_a-lnumeric.o)
 *fill*         0x200000b2        0x2 
 .data.__global_locale
                0x200000b4      0x16c d:/10 2021.10/bin/../lib/gcc/arm-none-eabi/10.3.1/../../../../arm-none-eabi/lib/thumb/v7-m/nofp\libc_nano.a(lib_a-locale.o)
                0x200000b4                __global_locale
                0x20000220                . = ALIGN (0x4)
                0x20000220                _edata = .

.igot.plt       0x20000220        0x0 load address 0x08010180
 .igot.plt      0x20000220        0x0 d:/10 2021.10/bin/../lib/gcc/arm-none-eabi/10.3.1/thumb/v7-m/nofp/crtbegin.o
                0x20000220                . = ALIGN (0x4)

.bss            0x20000220     0x33b0 load address 0x08010180
                0x20000220                _sbss = .
                0x20000220                __bss_start__ = _sbss
 *(.bss)
 .bss           0x20000220       0x1c d:/10 2021.10/bin/../lib/gcc/arm-none-eabi/10.3.1/thumb/v7-m/nofp/crtbegin.o
 *(.bss*)
 .bss.CardID    0x2000023c        0x5 build/main.o
                0x2000023c                CardID
 *fill*         0x20000241        0x3 
 .bss.Card_Endbuff
                0x20000244       0x14 build/main.o
                0x20000244                Card_Endbuff
 .bss.Card_Startbuff
                0x20000258       0x14 build/main.o
                0x20000258                Card_Startbuff
 .bss.GPSResponse
                0x2000026c        0x4 build/main.o
                0x2000026c                GPSResponse
 .bss.Json_Data
                0x20000270      0x1f4 build/main.o
                0x20000270                Json_Data
 .bss.Logout    0x20000464        0x1 build/main.o
                0x20000464                Logout
 *fill*         0x20000465        0x3 
 .bss.SD_read   0x20000468      0x100 build/main.o
                0x20000468                SD_read
 .bss.Taskperform
                0x20000568        0x5 build/main.o
                0x20000568                Taskperform
 *fill*         0x2000056d        0x3 
 .bss.current_sDate
                0x20000570        0x4 build/main.o
                0x20000570                current_sDate
 .bss.current_sTime
                0x20000574        0x3 build/main.o
                0x20000574                current_sTime
 *fill*         0x20000577        0x1 
 .bss.date_buff
                0x20000578       0x14 build/main.o
                0x20000578                date_buff
 .bss.ds18_temp
                0x2000058c        0x4 build/main.o
                0x2000058c                ds18_temp
 .bss.fil       0x20000590     0x102c build/main.o
                0x20000590                fil
 .bss.fresult   0x200015bc        0x1 build/main.o
                0x200015bc                fresult
 *fill*         0x200015bd        0x3 
 .bss.fs        0x200015c0     0x1030 build/main.o
                0x200015c0                fs
 .bss.infoUser  0x200025f0       0x5a build/main.o
                0x200025f0                infoUser
 *fill*         0x2000264a        0x2 
 .bss.infoUser1
                0x2000264c       0x5a build/main.o
                0x2000264c                infoUser1
 *fill*         0x200026a6        0x2 
 .bss.infoUser2
                0x200026a8       0x5a build/main.o
                0x200026a8                infoUser2
 *fill*         0x20002702        0x2 
 .bss.last_sDate
                0x20002704        0x4 build/main.o
                0x20002704                last_sDate
 .bss.last_sTime
                0x20002708        0x3 build/main.o
                0x20002708                last_sTime
 *fill*         0x2000270b        0x1 
 .bss.numCheck_time
                0x2000270c        0x4 build/main.o
                0x2000270c                numCheck_time
 .bss.rs232_buff
                0x20002710       0x32 build/main.o
                0x20002710                rs232_buff
 .bss.rs232_data
                0x20002742        0x1 build/main.o
                0x20002742                rs232_data
 .bss.rs232_flag
                0x20002743        0x1 build/main.o
                0x20002743                rs232_flag
 .bss.rs232_index
                0x20002744        0x4 build/main.o
                0x20002744                rs232_index
 .bss.sensors   0x20002748       0x6e build/main.o
                0x20002748                sensors
 *fill*         0x200027b6        0x2 
 .bss.stateDevice
                0x200027b8        0xb build/main.o
                0x200027b8                stateDevice
 *fill*         0x200027c3        0x1 
 .bss.time_buff
                0x200027c4       0x14 build/main.o
                0x200027c4                time_buff
 .bss.time_hour
                0x200027d8        0x4 build/main.o
                0x200027d8                time_hour
 .bss.time_minute
                0x200027dc        0x4 build/main.o
                0x200027dc                time_minute
 .bss.totalMinute_OperateTime
                0x200027e0        0x2 build/main.o
                0x200027e0                totalMinute_OperateTime
 *fill*         0x200027e2        0x2 
 .bss.totalMinute_OperateTime_buff
                0x200027e4       0x1e build/main.o
                0x200027e4                totalMinute_OperateTime_buff
 .bss.waiting4LogOut
                0x20002802        0x1 build/main.o
                0x20002802                waiting4LogOut
 *fill*         0x20002803        0x1 
 .bss.hadc1     0x20002804       0x30 build/adc.o
                0x20002804                hadc1
 .bss.hadc2     0x20002834       0x30 build/adc.o
                0x20002834                hadc2
 .bss.hi2c1     0x20002864       0x54 build/i2c.o
                0x20002864                hi2c1
 .bss.hrtc      0x200028b8       0x14 build/rtc.o
                0x200028b8                hrtc
 .bss.hspi1     0x200028cc       0x58 build/spi.o
                0x200028cc                hspi1
 .bss.hspi2     0x20002924       0x58 build/spi.o
                0x20002924                hspi2
 .bss.hspi3     0x2000297c       0x58 build/spi.o
                0x2000297c                hspi3
 .bss.k         0x200029d4        0x4 build/gnss.o
                0x200029d4                k
 .bss.l70Data   0x200029d8        0x1 build/gnss.o
                0x200029d8                l70Data
 *fill*         0x200029d9        0x3 
 .bss.l70DataAfterHadler
                0x200029dc       0x52 build/gnss.o
                0x200029dc                l70DataAfterHadler
 *fill*         0x20002a2e        0x2 
 .bss.l70Date   0x20002a30        0xc build/gnss.o
                0x20002a30                l70Date
 .bss.l70GPRMC  0x20002a3c       0x55 build/gnss.o
                0x20002a3c                l70GPRMC
 *fill*         0x20002a91        0x3 
 .bss.l70RxData
                0x20002a94       0x64 build/gnss.o
                0x20002a94                l70RxData
 .bss.l70RxState
                0x20002af8        0x1 build/gnss.o
                0x20002af8                l70RxState
 *fill*         0x20002af9        0x3 
 .bss.l70Utctime
                0x20002afc        0xc build/gnss.o
                0x20002afc                l70Utctime
 .bss.speed_km  0x20002b08        0x8 build/gnss.o