../Core/Src/sensors.c:13:6:delay	16	static
../Core/Src/sensors.c:21:6:Set_Pin_Output	32	static
../Core/Src/sensors.c:30:6:Set_Pin_Input	32	static
../Core/Src/sensors.c:40:9:DS18B20_Start	16	static
../Core/Src/sensors.c:60:6:DS18B20_Write	24	static
../Core/Src/sensors.c:92:9:DS18B20_Read	16	static
../Core/Src/sensors.c:115:7:DS18B20_Result	24	static
../Core/Src/sensors.c:140:6:DHT11_Start	8	static
../Core/Src/sensors.c:150:9:DHT11_Check_Response	16	static
../Core/Src/sensors.c:168:9:DHT11_Read	16	static
../Core/Src/sensors.c:187:7:DHT11_Result	32	static
../Core/Src/sensors.c:211:7:Level_Result	16	static
../Core/Src/sensors.c:222:7:Accqui_Result	16	static
