<html>
<body>
<pre>
<h1>µVision Build Log</h1>
<h2>Project:</h2>
D:\STM32F103C8T6\Appz\timer 2\timer 2.uvproj
Project File Date:  02/02/2020

<h2>Output:</h2>
Build target 'timer 2'
compiling stm32f10x_it.c...
compiling system_stm32f10x.c...
compiling main.c...
assembling startup_stm32f10x_md.s...
compiling stm32f10x_rcc.c...
compiling stm32f10x_gpio.c...
linking...
.\obj\timer 2.axf: Error: L6218E: Undefined symbol TIM_Cmd (referred from main.o).
.\obj\timer 2.axf: Error: L6218E: Undefined symbol TIM_GetCounter (referred from main.o).
.\obj\timer 2.axf: Error: L6218E: Undefined symbol TIM_SetCounter (referred from main.o).
.\obj\timer 2.axf: Error: L6218E: Undefined symbol TIM_TimeBaseInit (referred from main.o).
".\obj\timer 2.axf" - 4 Errors, 0 Warning(s).
Target not created
Build target 'timer 2'
compiling stm32f10x_tim.c...
linking...
Program Size: Code=6412 RO-data=268 RW-data=40 ZI-data=1632  
FromELF: creating hex file...
".\obj\timer 2.axf" - 0 Errors, 0 Warning(s).
Build target 'timer 2'
compiling main.c...
compiling stm32f10x_tim.c...
linking...
Program Size: Code=6464 RO-data=268 RW-data=40 ZI-data=1632  
FromELF: creating hex file...
".\obj\timer 2.axf" - 0 Errors, 0 Warning(s).
