<html>
<body>
<pre>
<h1>µVision Build Log</h1>
<h2>Project:</h2>
D:\STM32F103C8T6\Appz\spi w25q32\timer 2.uvproj
Project File Date:  03/29/2020

<h2>Output:</h2>
Build target 'timer 2'
compiling main.c...
linking...
Program Size: Code=7460 RO-data=268 RW-data=40 ZI-data=1632  
FromELF: creating hex file...
".\obj\timer 2.axf" - 0 Errors, 0 Warning(s).
Build target 'timer 2'
compiling main.c...
linking...
Program Size: Code=7472 RO-data=268 RW-data=40 ZI-data=1632  
FromELF: creating hex file...
".\obj\timer 2.axf" - 0 Errors, 0 Warning(s).
Load "D:\\STM32F103C8T6\\Appz\\spi w25q32\\obj\\timer 2.axf" 
Erase Done.
Programming Done.
Verify OK.
Application running ...
Build target 'timer 2'
compiling main.c...
linking...
Program Size: Code=7612 RO-data=268 RW-data=40 ZI-data=1888  
FromELF: creating hex file...
".\obj\timer 2.axf" - 0 Errors, 0 Warning(s).
Build target 'timer 2'
compiling main.c...
linking...
Program Size: Code=7848 RO-data=268 RW-data=40 ZI-data=2144  
FromELF: creating hex file...
".\obj\timer 2.axf" - 0 Errors, 0 Warning(s).
Build target 'timer 2'
compiling main.c...
linking...
Program Size: Code=7872 RO-data=268 RW-data=40 ZI-data=2144  
FromELF: creating hex file...
".\obj\timer 2.axf" - 0 Errors, 0 Warning(s).
Load "D:\\STM32F103C8T6\\Appz\\spi w25q32\\obj\\timer 2.axf" 
Build target 'timer 2'
linking...
Program Size: Code=7872 RO-data=268 RW-data=40 ZI-data=2144  
FromELF: creating hex file...
".\obj\timer 2.axf" - 0 Errors, 0 Warning(s).
Load "D:\\STM32F103C8T6\\Appz\\spi w25q32\\obj\\timer 2.axf" 
Erase Done.
Programming Done.
Verify OK.
Application running ...
